Component: ARM Compiler 5.06 update 5 (build 528) Tool: armlink [4d35e2]

==============================================================================

Section Cross References

    main.o(.text) refers to drv_bsp.o(.text) for All_Init
    main.o(.text) refers to ano_scheduler.o(.text) for Scheduler_Setup
    ano_scheduler.o(.text) refers to my_get_data.o(.text) for get_data
    ano_scheduler.o(.text) refers to my_pid.o(.text) for PID
    ano_scheduler.o(.text) refers to my_send_test.o(.text) for my_send_esp_4_test
    ano_scheduler.o(.text) refers to user_task.o(.text) for UserTask_OneKeyCmd
    ano_scheduler.o(.text) refers to drv_sys.o(.text) for GetSysRunTimeMs
    ano_scheduler.o(.text) refers to my_get_data.o(.data) for yaw_slam
    ano_scheduler.o(.text) refers to ano_scheduler.o(.data) for sched_tasks
    ano_scheduler.o(.data) refers to ano_scheduler.o(.text) for Loop_1000Hz
    user_task.o(.text) refers to my_contrl.o(.text) for get_corrected_dis_x
    user_task.o(.text) refers to my_pid.o(.text) for pid_set_radar_xy_limit
    user_task.o(.text) refers to my_uart.o(.text) for MY_uart_maixcam_send
    user_task.o(.text) refers to my_send_test.o(.text) for my_send_esp_1_test
    user_task.o(.text) refers to my_contrl.o(.data) for mission_step
    user_task.o(.text) refers to user_task.o(.data) for s_last_step
    user_task.o(.text) refers to my_get_data.o(.data) for dis_x_slam
    user_task.o(.text) refers to drv_bsp.o(.bss) for rc_in
    user_task.o(.text) refers to lx_fc_fun.o(.text) for OneKey_Land
    user_task.o(.text) refers to my_uart.o(.data) for my_task_flag
    ano_dt_lx.o(.text) refers to drv_uart.o(.text) for DrvUart5SendBuf
    ano_dt_lx.o(.text) refers to ano_dt_lx.o(.bss) for dt
    ano_dt_lx.o(.text) refers to ano_lx.o(.bss) for pwm_to_esc
    ano_dt_lx.o(.text) refers to drv_led.o(.data) for led
    ano_dt_lx.o(.text) refers to lx_fc_state.o(.bss) for fc_sta
    ano_dt_lx.o(.text) refers to ano_lx.o(.data) for fc_vel
    ano_dt_lx.o(.text) refers to ano_dt_lx.o(.data) for rxstate
    ano_dt_lx.o(.text) refers to lx_fc_ext_sensor.o(.bss) for ext_sens
    ano_dt_lx.o(.text) refers to drv_bsp.o(.bss) for rc_in
    ano_lx.o(.text) refers to lx_fc_fun.o(.text) for LX_Change_Mode
    ano_lx.o(.text) refers to ano_math.o(.text) for my_deadzone
    ano_lx.o(.text) refers to drv_pwmout.o(.text) for DrvMotorPWMSet
    ano_lx.o(.text) refers to drv_adc.o(.text) for Drv_AdcGetBatVot
    ano_lx.o(.text) refers to drv_bsp.o(.text) for DrvRcInputTask
    ano_lx.o(.text) refers to lx_fc_state.o(.text) for LX_FC_State_Task
    ano_lx.o(.text) refers to drv_anoof.o(.text) for AnoOF_Check_State
    ano_lx.o(.text) refers to drv_uart.o(.text) for DrvUartDataCheck
    ano_lx.o(.text) refers to drv_ubloxgps.o(.text) for GPS_Data_Prepare_Task
    ano_lx.o(.text) refers to lx_fc_ext_sensor.o(.text) for LX_FC_EXT_Sensor_Task
    ano_lx.o(.text) refers to drv_bsp.o(.bss) for rc_in
    ano_lx.o(.text) refers to ano_lx.o(.data) for mod_f
    ano_lx.o(.text) refers to lx_fc_state.o(.data) for sti_fun
    ano_lx.o(.text) refers to ano_lx.o(.bss) for rt_tar
    ano_lx.o(.text) refers to my_contrl.o(.data) for my_give_vel_yaw
    ano_lx.o(.text) refers to ano_dt_lx.o(.bss) for dt
    ano_lx.o(.text) refers to lx_fc_state.o(.bss) for fc_sta
    ano_lx.o(.text) refers to ano_dt_lx.o(.text) for ANO_LX_Data_Exchange_Task
    ano_lx.o(.text) refers to drv_led.o(.text) for LED_1ms_DRV
    lx_fc_ext_sensor.o(.text) refers to drv_anoof.o(.bss) for ano_of
    lx_fc_ext_sensor.o(.text) refers to lx_fc_ext_sensor.o(.data) for of_alt_update_cnt
    lx_fc_ext_sensor.o(.text) refers to lx_fc_ext_sensor.o(.bss) for ext_sens
    lx_fc_ext_sensor.o(.text) refers to ano_dt_lx.o(.bss) for dt
    lx_fc_fun.o(.text) refers to ano_dt_lx.o(.text) for CMD_Send
    lx_fc_fun.o(.text) refers to lx_fc_state.o(.bss) for fc_sta
    lx_fc_fun.o(.text) refers to ano_dt_lx.o(.bss) for dt
    lx_fc_fun.o(.text) refers to lx_fc_fun.o(.data) for old_mode
    lx_fc_state.o(.text) refers to lx_fc_fun.o(.text) for FC_Unlock
    lx_fc_state.o(.text) refers to drv_bsp.o(.bss) for rc_in
    lx_fc_state.o(.text) refers to lx_fc_state.o(.data) for sti_fun
    lx_fc_state.o(.text) refers to lx_fc_state.o(.bss) for fc_sta
    my_contrl.o(.text) refers to my_send_test.o(.text) for my_send_esp_1_test
    my_contrl.o(.text) refers to d2f.o(.text) for __aeabi_d2f
    my_contrl.o(.text) refers to dflti.o(.text) for __aeabi_i2d
    my_contrl.o(.text) refers to dadd.o(.text) for __aeabi_dadd
    my_contrl.o(.text) refers to dfixi.o(.text) for __aeabi_d2iz
    my_contrl.o(.text) refers to my_contrl.o(.data) for keep_hight_flag
    my_contrl.o(.text) refers to my_get_data.o(.data) for dis_x_slam
    my_uart.o(.text) refers to my_send_test.o(.text) for my_send_maixcam
    my_uart.o(.text) refers to my_contrl.o(.data) for cam_target_control_flag
    my_uart.o(.text) refers to my_uart.o(.data) for g_maixcam_last_ctrl
[...]
    _data_cnt                                0x20000081   Data           1  ano_dt_lx.o(.data)
    rxstate                                  0x20000082   Data           1  ano_dt_lx.o(.data)
    time_dly                                 0x20000083   Data           1  ano_dt_lx.o(.data)
    .data                                    0x20000084   Section       48  ano_lx.o(.data)
    fail_safe_change_mod                     0x200000a6   Data           1  ano_lx.o(.data)
    fail_safe_return_home                    0x200000a7   Data           1  ano_lx.o(.data)
    mod_f                                    0x200000a8   Data           3  ano_lx.o(.data)
    mod_f_time_cnt                           0x200000ac   Data           2  ano_lx.o(.data)
    esc_calibrated                           0x200000ae   Data           1  ano_lx.o(.data)
    tmp_cnt                                  0x200000b0   Data           4  ano_lx.o(.data)
    .data                                    0x200000b4   Section        4  lx_fc_ext_sensor.o(.data)
    of_update_cnt                            0x200000b4   Data           1  lx_fc_ext_sensor.o(.data)
    of_alt_update_cnt                        0x200000b5   Data           1  lx_fc_ext_sensor.o(.data)
    dT_ms                                    0x200000b6   Data           1  lx_fc_ext_sensor.o(.data)
    of_alt_update_cnt                        0x200000b7   Data           1  lx_fc_ext_sensor.o(.data)
    .data                                    0x200000b8   Section        1  lx_fc_fun.o(.data)
    old_mode                                 0x200000b8   Data           1  lx_fc_fun.o(.data)
    .data                                    0x200000ba   Section        6  lx_fc_state.o(.data)
    time_dly_cnt_ms                          0x200000bc   Data           2  lx_fc_state.o(.data)
    unlock_lock_flag                         0x200000be   Data           1  lx_fc_state.o(.data)
    cali_f                                   0x200000bf   Data           1  lx_fc_state.o(.data)
    .data                                    0x200000c0   Section      142  my_contrl.o(.data)
    .data                                    0x20000150   Section       43  my_uart.o(.data)
    rxstate                                  0x20000164   Data           1  my_uart.o(.data)
    esp_datatemp                             0x20000165   Data           8  my_uart.o(.data)
    data_index                               0x2000016d   Data           1  my_uart.o(.data)
    rxstate                                  0x2000016e   Data           1  my_uart.o(.data)
    data_index                               0x2000016f   Data           1  my_uart.o(.data)
    data_cnt                                 0x20000170   Data           4  my_uart.o(.data)
    data_1                                   0x20000174   Data           1  my_uart.o(.data)
    data_2                                   0x20000175   Data           1  my_uart.o(.data)
    data_3                                   0x20000176   Data           1  my_uart.o(.data)
    data_4                                   0x20000177   Data           1  my_uart.o(.data)
    data_5                                   0x20000178   Data           1  my_uart.o(.data)
    rxstate                                  0x20000179   Data           1  my_uart.o(.data)
    data_index                               0x2000017a   Data           1  my_uart.o(.data)
    .data                                    0x20000180   Section       80  my_get_data.o(.data)
    .data                                    0x200001d0   Section      153  my_pid.o(.data)
    error_last                               0x2000025c   Data           4  my_pid.o(.data)
    last_cam_x                               0x20000260   Data           4  my_pid.o(.data)
    last_cam_y                               0x20000264   Data           4  my_pid.o(.data)
    cam_d_inited                             0x20000268   Data           1  my_pid.o(.data)
    .data                                    0x2000026c   Section       19  drv_bsp.o(.data)
    ch_sta                                   0x2000026c   Data           1  drv_bsp.o(.data)
    sbus_time                                0x20000270   Data           8  drv_bsp.o(.data)
    cnt                                      0x20000278   Data           1  drv_bsp.o(.data)
    frame_cnt                                0x20000279   Data           1  drv_bsp.o(.data)
    cnt_tmp                                  0x2000027a   Data           1  drv_bsp.o(.data)
    time_dly                                 0x2000027c   Data           2  drv_bsp.o(.data)
    failsafe                                 0x2000027e   Data           1  drv_bsp.o(.data)
    .data                                    0x2000027f   Section        3  drv_anoof.o(.data)
    _data_len                                0x2000027f   Data           1  drv_anoof.o(.data)
    _data_cnt                                0x20000280   Data           1  drv_anoof.o(.data)
    rxstate                                  0x20000281   Data           1  drv_anoof.o(.data)
    .data                                    0x20000282   Section      182  drv_ubloxgps.o(.data)
    protocol_class                           0x20000331   Data           1  drv_ubloxgps.o(.data)
    protocol_id                              0x20000332   Data           1  drv_ubloxgps.o(.data)
    protocol_length_t                        0x20000333   Data           1  drv_ubloxgps.o(.data)
    protocol_length                          0x20000334   Data           2  drv_ubloxgps.o(.data)
    state                                    0x20000337   Data           1  drv_ubloxgps.o(.data)
    .data                                    0x20000338   Section        8  drv_sys.o(.data)
    SysRunTimeMs                             0x20000338   Data           8  drv_sys.o(.data)
    .data                                    0x20000340   Section       12  drv_led.o(.data)
    led_cnt                                  0x20000344   Data           8  drv_led.o(.data)
    .data                                    0x2000034c   Section        4  drv_rcin.o(.data)
    temp_cnt                                 0x2000034c   Data           4  drv_rcin.o(.data)
    .data                                    0x20000350   Section       20  drv_uart.o(.data)
    .data                                    0x20000364   Section       20  system_stm32f4xx.o(.data)
    .data                                    0x20000378   Section       16  stm32f4xx_rcc.o(.data)
    APBAHBPrescTable                         0x20000378   Data          16  stm32f4xx_rcc.o(.data)
    .bss                                     0x20000388   Section     1872  ano_dt_lx.o(.bss)
    DT_RxBuffer                              0x200009d8   Data         256  ano_dt_lx.o(.bss)
    .bss                                     0x20000ad8   Section       64  ano_lx.o(.bss)
    pwm                                      0x20000b08   Data          16  ano_lx.o(.bss)
    .bss                                     0x20000b18   Section       48  lx_fc_ext_sensor.o(.bss)
    .bss                                     0x20000b48   Section       11  lx_fc_state.o(.bss)
    .bss                                     0x20000b53   Section       24  my_uart.o(.bss)
    slam_datatemp                            0x20000b53   Data          14  my_uart.o(.bss)
    maixcam_datatemp                         0x20000b61   Data          10  my_uart.o(.bss)
    .bss                                     0x20000b6b   Section       30  my_send_test.o(.bss)
    .bss                                     0x20000b8a   Section      107  drv_bsp.o(.bss)
    datatmp                                  0x20000bdc   Data          25  drv_bsp.o(.bss)
    .bss                                     0x20000bf8   Section      124  drv_anoof.o(.bss)
    _datatemp                                0x20000c34   Data          50  drv_anoof.o(.bss)
    check_time_ms                            0x20000c68   Data          12  drv_anoof.o(.bss)
    .bss                                     0x20000c74   Section      100  drv_ubloxgps.o(.bss)
    .bss                                     0x20000cd8   Section      100  drv_adc.o(.bss)
    .bss                                     0x20000d3c   Section     1780  drv_uart.o(.bss)
    STACK                                    0x20001430   Section     2048  startup_stm32f4xx.o(STACK)

    Global Symbols

    Symbol Name                              Value     Ov Type        Size  Object(Section)

    BuildAttributes$$THM_ISAv4$E$P$D$K$B$S$7EM$VFPi3$EXTD16$VFPS$VFMA$PE$A:L22UL41UL21$X:L11$S22US41US21$IEEE1$IW$USESV6$~STKCKD$USESV7$~SHL$OTIME$ROPI$EBA8$MICROLIB$REQ8$PRES8$EABIv2 0x00000000   Number         0  anon$$obj.o ABSOLUTE
    __ARM_use_no_argv                        0x00000000   Number         0  main.o ABSOLUTE
    __cpp_initialize__aeabi_                  - Undefined Weak Reference
    __cxa_finalize                            - Undefined Weak Reference
    _clock_init                               - Undefined Weak Reference
    _microlib_exit                            - Undefined Weak Reference
    __Vectors_Size                           0x00000188   Number         0  startup_stm32f4xx.o ABSOLUTE
    __Vectors                                0x08000000   Data           4  startup_stm32f4xx.o(RESET)
    __Vectors_End                            0x08000188   Data           0  startup_stm32f4xx.o(RESET)
    __main                                   0x08000189   Thumb Code     0  entry.o(.ARM.Collect$$$$00000000)
    _main_stk                                0x08000189   Thumb Code     0  entry2.o(.ARM.Collect$$$$00000001)
    _main_scatterload                        0x0800018d   Thumb Code     0  entry5.o(.ARM.Collect$$$$00000004)
    __main_after_scatterload                 0x08000191   Thumb Code     0  entry5.o(.ARM.Collect$$$$00000004)
    _main_clock                              0x08000191   Thumb Code     0  entry7b.o(.ARM.Collect$$$$00000008)
    _main_cpp_init                           0x08000191   Thumb Code     0  entry8b.o(.ARM.Collect$$$$0000000A)
    _main_init                               0x08000191   Thumb Code     0  entry9a.o(.ARM.Collect$$$$0000000B)
    __rt_final_cpp                           0x08000199   Thumb Code     0  entry10a.o(.ARM.Collect$$$$0000000D)
    __rt_final_exit                          0x08000199   Thumb Code     0  entry11a.o(.ARM.Collect$$$$0000000F)
    assert_failed                            0x0800019d   Thumb Code     4  main.o(.text)
    main                                     0x080001a1   Thumb Code    16  main.o(.text)
    Scheduler_Setup                          0x080001e5   Thumb Code    76  ano_scheduler.o(.text)
    Scheduler_Run                            0x08000231   Thumb Code    76  ano_scheduler.o(.text)
    UserTask_OneKeyCmd                       0x08000751   Thumb Code   512  user_task.o(.text)
    ANO_DT_Init                              0x08000995   Thumb Code   166  ano_dt_lx.o(.text)
    CK_Back                                  0x08000a4b   Thumb Code    12  ano_dt_lx.o(.text)
    PAR_Back                                 0x08000a57   Thumb Code    14  ano_dt_lx.o(.text)
    ANO_DT_LX_Data_Receive_Prepare           0x08000c83   Thumb Code   314  ano_dt_lx.o(.text)
    CMD_Send                                 0x0800108b   Thumb Code    22  ano_dt_lx.o(.text)
    ANO_LX_Data_Exchange_Task                0x080010a1   Thumb Code    68  ano_dt_lx.o(.text)
    ANO_LX_Task                              0x080014ef   Thumb Code   258  ano_lx.o(.text)
    LX_FC_EXT_Sensor_Task                    0x080015f1   Thumb Code    78  lx_fc_ext_sensor.o(.text)
    FC_Unlock                                0x080016d5   Thumb Code    56  lx_fc_fun.o(.text)
    FC_Lock                                  0x0800170d   Thumb Code    56  lx_fc_fun.o(.text)
    LX_Change_Mode                           0x08001745   Thumb Code    80  lx_fc_fun.o(.text)
    OneKey_Return_Home                       0x08001795   Thumb Code    50  lx_fc_fun.o(.text)
    OneKey_Takeoff                           0x080017c7   Thumb Code    66  lx_fc_fun.o(.text)
    OneKey_Land                              0x08001809   Thumb Code    50  lx_fc_fun.o(.text)
    Horizontal_Move                          0x0800183b   Thumb Code    98  lx_fc_fun.o(.text)
    Fly_left_trun                            0x0800189d   Thumb Code    82  lx_fc_fun.o(.text)
    Fly_right_trun                           0x080018ef   Thumb Code    82  lx_fc_fun.o(.text)
    Horizontal_Calibrate                     0x08001941   Thumb Code    50  lx_fc_fun.o(.text)
    Mag_Calibrate                            0x08001973   Thumb Code    50  lx_fc_fun.o(.text)
    ACC_Calibrate                            0x080019a5   Thumb Code    50  lx_fc_fun.o(.text)
    GYR_Calibrate                            0x080019d7   Thumb Code    50  lx_fc_fun.o(.text)
    LX_Cali_Trig_Check                       0x08001bcb   Thumb Code   150  lx_fc_state.o(.text)
    LX_FC_State_Task                         0x08001c61   Thumb Code    26  lx_fc_state.o(.text)
    mode_select                              0x08001c99   Thumb Code    96  my_contrl.o(.text)
    all_data_init                            0x08001cf9   Thumb Code    12  my_contrl.o(.text)
    my_delay_ms                              0x08001d05   Thumb Code    48  my_contrl.o(.text)
    normalize_angle                          0x08001d35   Thumb Code    58  my_contrl.o(.text)
    yaw_set_hold_target                      0x08001d6f   Thumb Code    32  my_contrl.o(.text)
    yaw_hold_current                         0x08001d8f   Thumb Code    54  my_contrl.o(.text)
    yaw_set_turn_delta                       0x08001dc5   Thumb Code    60  my_contrl.o(.text)
    left_turn                                0x08001e01   Thumb Code    18  my_contrl.o(.text)
    right_turn                               0x08001e13   Thumb Code    18  my_contrl.o(.text)
    yaw_get_error                            0x08001e25   Thumb Code    94  my_contrl.o(.text)
    yaw_arrived                              0x08001e83   Thumb Code    54  my_contrl.o(.text)
    emergency_stop                           0x08001eb9   Thumb Code    12  my_contrl.o(.text)
    set_dis_zero                             0x08001ec5   Thumb Code    24  my_contrl.o(.text)
    get_corrected_dis_x                      0x08001edd   Thumb Code    10  my_contrl.o(.text)
    get_corrected_dis_y                      0x08001ee7   Thumb Code    10  my_contrl.o(.text)
    dis_target_select                        0x08001ef1   Thumb Code   230  my_contrl.o(.text)
    MY_uart_maixcam_clear_state              0x0800205d   Thumb Code    34  my_uart.o(.text)
    MY_uart_maixcam_send                     0x0800207f   Thumb Code    24  my_uart.o(.text)
    MY_uart_esp_anl                          0x08002097   Thumb Code   158  my_uart.o(.text)
    MY_uart_esp_receive                      0x08002135   Thumb Code   390  my_uart.o(.text)
    MY_uart_radio_anl                        0x080022bb   Thumb Code   184  my_uart.o(.text)
    MY_uart_radio_receive                    0x08002373   Thumb Code   306  my_uart.o(.text)
    MY_uart_radio_send                       0x080024a5   Thumb Code    20  my_uart.o(.text)
    MY_uart_K230_receive                     0x080024b9   Thumb Code   294  my_uart.o(.text)
    MY_uart_K230_send                        0x080025df   Thumb Code    20  my_uart.o(.text)
    MY_uart_maixcam_anl                      0x080025f3   Thumb Code   214  my_uart.o(.text)
    MY_uart_maixcam_receive                  0x080026c9   Thumb Code   228  my_uart.o(.text)
    my_send_esp_4_test                       0x0800280d   Thumb Code   220  my_send_test.o(.text)
    my_send_esp_1_test                       0x080028e9   Thumb Code   136  my_send_test.o(.text)
    my_send_maixcam                          0x08002971   Thumb Code    38  my_send_test.o(.text)
    get_data                                 0x0800299d   Thumb Code   382  my_get_data.o(.text)
    Limit_max_int                            0x08002b97   Thumb Code    18  my_pid.o(.text)
    pid_set_optical_xy_limit                 0x08002bbf   Thumb Code    16  my_pid.o(.text)
    pid_set_radar_xy_limit                   0x08002bcf   Thumb Code    16  my_pid.o(.text)
    pid_set_mv_xy_limit                      0x08002bdf   Thumb Code    16  my_pid.o(.text)
    pid_get_optical_xy_limit                 0x08002bef   Thumb Code     6  my_pid.o(.text)
    pid_get_radar_xy_limit                   0x08002bf5   Thumb Code     6  my_pid.o(.text)
    pid_get_mv_xy_limit                      0x08002bfb   Thumb Code     6  my_pid.o(.text)
    keep_hight                               0x0800302f   Thumb Code    20  my_pid.o(.text)
    keep_dis                                 0x08003043   Thumb Code   104  my_pid.o(.text)
    keep_yaw                                 0x080030d7   Thumb Code    40  my_pid.o(.text)
    PID                                      0x080030ff   Thumb Code   234  my_pid.o(.text)
    DrvRcInputInit                           0x0800325d   Thumb Code    20  drv_bsp.o(.text)
    All_Init                                 0x08003271   Thumb Code   106  drv_bsp.o(.text)
    DrvPpmGetOneCh                           0x080032db   Thumb Code    92  drv_bsp.o(.text)
    DrvSbusGetOneByte                        0x08003337   Thumb Code   560  drv_bsp.o(.text)
    DrvRcInputTask                           0x0800360f   Thumb Code   276  drv_bsp.o(.text)
    my_abs                                   0x08003735   Thumb Code    26  ano_math.o(.text)
    fast_atan2                               0x0800374f   Thumb Code   350  ano_math.o(.text)
    my_atan                                  0x080038ad   Thumb Code    24  ano_math.o(.text)
    my_sqrt_reciprocal                       0x080038c5   Thumb Code    76  ano_math.o(.text)
    my_sqrt                                  0x08003911   Thumb Code    20  ano_math.o(.text)
    mx_sin                                   0x08003925   Thumb Code   292  ano_math.o(.text)
    my_sin                                   0x08003a49   Thumb Code   108  ano_math.o(.text)
    my_cos                                   0x08003ab5   Thumb Code   136  ano_math.o(.text)
    my_deadzone                              0x08003b3d   Thumb Code   152  ano_math.o(.text)
    my_deadzone_2                            0x08003bd5   Thumb Code    48  ano_math.o(.text)
    my_HPF                                   0x08003c05   Thumb Code   346  ano_math.o(.text)
    To_180_degrees_db                        0x08003d5f   Thumb Code   108  ano_math.o(.text)
    length_limit                             0x08003dcb   Thumb Code   140  ano_math.o(.text)
    fifo                                     0x08003e57   Thumb Code    42  ano_math.o(.text)
    rot_vec_2                                0x08003e81   Thumb Code    84  ano_math.o(.text)
    vec_2_cross_product                      0x08003ed5   Thumb Code    26  ano_math.o(.text)
    vec_2_dot_product                        0x08003eef   Thumb Code    26  ano_math.o(.text)
    vec_3_cross_product_err_sinx             0x08003f09   Thumb Code    86  ano_math.o(.text)
    vec_3_dot_product                        0x08003f5f   Thumb Code    38  ano_math.o(.text)
    AnoOF_Check_State                        0x08003fb1   Thumb Code   180  drv_anoof.o(.text)
    AnoOF_GetOneByte                         0x080041d1   Thumb Code   252  drv_anoof.o(.text)
    GPS_Data_Prepare_Task                    0x080042f1   Thumb Code   306  drv_ubloxgps.o(.text)
    GPS_Rate_H                               0x08004423   Thumb Code    12  drv_ubloxgps.o(.text)
    GPS_Rate_L                               0x0800442f   Thumb Code    12  drv_ubloxgps.o(.text)
    Init_GPS                                 0x0800443b   Thumb Code   196  drv_ubloxgps.o(.text)
    UBLOX_M8_GPS_Data_Receive                0x080044ff   Thumb Code   328  drv_ubloxgps.o(.text)
    NMI_Handler                              0x08004699   Thumb Code     2  stm32f4xx_it.o(.text)
    MemManage_Handler                        0x0800469b   Thumb Code     4  stm32f4xx_it.o(.text)
    BusFault_Handler                         0x0800469f   Thumb Code     4  stm32f4xx_it.o(.text)
    UsageFault_Handler                       0x080046a3   Thumb Code     4  stm32f4xx_it.o(.text)
    SVC_Handler                              0x080046a7   Thumb Code     2  stm32f4xx_it.o(.text)
    DebugMon_Handler                         0x080046a9   Thumb Code     2  stm32f4xx_it.o(.text)
    EXTI9_5_IRQHandler                       0x080046ab   Thumb Code    18  stm32f4xx_it.o(.text)
    TIM3_IRQHandler                          0x080046bd   Thumb Code     8  stm32f4xx_it.o(.text)
    TIM4_IRQHandler                          0x080046c5   Thumb Code     2  stm32f4xx_it.o(.text)
    TIM7_IRQHandler                          0x080046c7   Thumb Code    26  stm32f4xx_it.o(.text)
    USART1_IRQHandler                        0x080046e1   Thumb Code     8  stm32f4xx_it.o(.text)
    USART2_IRQHandler                        0x080046e9   Thumb Code     8  stm32f4xx_it.o(.text)
    USART3_IRQHandler                        0x080046f1   Thumb Code     8  stm32f4xx_it.o(.text)
    UART4_IRQHandler                         0x080046f9   Thumb Code     8  stm32f4xx_it.o(.text)
    UART5_IRQHandler                         0x08004701   Thumb Code     8  stm32f4xx_it.o(.text)
    USART6_IRQHandler                        0x08004709   Thumb Code     8  stm32f4xx_it.o(.text)
    SysTick_Init                             0x08004715   Thumb Code   100  drv_sys.o(.text)
    SysTick_Handler                          0x08004779   Thumb Code    20  drv_sys.o(.text)
    GetSysRunTimeMs                          0x0800478d   Thumb Code     6  drv_sys.o(.text)
    GetSysRunTimeUs                          0x08004793   Thumb Code    62  drv_sys.o(.text)
    MyDelayUs                                0x080047d1   Thumb Code    24  drv_sys.o(.text)
    MyDelayMs                                0x080047e9   Thumb Code    24  drv_sys.o(.text)
    DrvSysInit                               0x08004801   Thumb Code    16  drv_sys.o(.text)
    DrvAdcInit                               0x08004889   Thumb Code   168  drv_adc.o(.text)
    Drv_AdcGetBatVot                         0x08004931   Thumb Code    92  drv_adc.o(.text)
    DvrLedInit                               0x080049b1   Thumb Code   112  drv_led.o(.text)
    LED_On_Off                               0x08004a21   Thumb Code    82  drv_led.o(.text)
    LED_1ms_DRV                              0x08004a73   Thumb Code    78  drv_led.o(.text)
    DrvPwmOutInit                            0x08004acd   Thumb Code   742  drv_pwmout.o(.text)
    DrvMotorPWMSet                           0x08004db3   Thumb Code   112  drv_pwmout.o(.text)
    DrvRcPpmInit                             0x08004e49   Thumb Code   176  drv_rcin.o(.text)
    PPM_IRQH                                 0x08004ef9   Thumb Code    82  drv_rcin.o(.text)
    DrvRcSbusInit                            0x08004f4b   Thumb Code   166  drv_rcin.o(.text)
    Sbus_IRQH                                0x08004ff1   Thumb Code    40  drv_rcin.o(.text)
    TIM_CONF                                 0x0800502d   Thumb Code    80  drv_timer.o(.text)
    TIM_NVIC                                 0x0800507d   Thumb Code    32  drv_timer.o(.text)
    DrvTimerFcInit                           0x0800509d   Thumb Code    24  drv_timer.o(.text)
    NoUse                                    0x080050b9   Thumb Code     2  drv_uart.o(.text)
    DrvUart1Init                             0x080050bb   Thumb Code   246  drv_uart.o(.text)
    DrvUart1SendBuf                          0x080051b1   Thumb Code    60  drv_uart.o(.text)
    drvU1GetByte                             0x080051ed   Thumb Code    32  drv_uart.o(.text)
    drvU1DataCheck                           0x0800520d   Thumb Code    52  drv_uart.o(.text)
    Usart1_IRQ                               0x08005241   Thumb Code   110  drv_uart.o(.text)
    DrvUart2Init                             0x080052af   Thumb Code   234  drv_uart.o(.text)
    DrvUart2SendBuf                          0x08005399   Thumb Code    62  drv_uart.o(.text)
    drvU2GetByte                             0x080053d7   Thumb Code    32  drv_uart.o(.text)
    drvU2DataCheck                           0x080053f7   Thumb Code    52  drv_uart.o(.text)
    Usart2_IRQ                               0x0800542b   Thumb Code   120  drv_uart.o(.text)
    DrvUart3Init                             0x080054a3   Thumb Code   312  drv_uart.o(.text)
    DrvUart3SendBuf                          0x080055db   Thumb Code    62  drv_uart.o(.text)
    drvU3GetByte                             0x08005619   Thumb Code    32  drv_uart.o(.text)
    drvU3DataCheck                           0x08005639   Thumb Code    52  drv_uart.o(.text)
    Usart3_IRQ                               0x0800566d   Thumb Code   120  drv_uart.o(.text)
    DrvUart4Init                             0x080056e5   Thumb Code   200  drv_uart.o(.text)
    DrvUart4SendBuf                          0x080057ad   Thumb Code    62  drv_uart.o(.text)
    drvU4GetByte                             0x080057eb   Thumb Code    32  drv_uart.o(.text)
    drvU4DataCheck                           0x0800580b   Thumb Code    52  drv_uart.o(.text)
    Uart4_IRQ                                0x0800583f   Thumb Code   120  drv_uart.o(.text)
    DrvUart5Init                             0x080058b7   Thumb Code   288  drv_uart.o(.text)
    DrvUart5SendBuf                          0x080059d7   Thumb Code    60  drv_uart.o(.text)
    drvU5GetByte                             0x08005a13   Thumb Code    32  drv_uart.o(.text)
    drvU5DataCheck                           0x08005a33   Thumb Code    52  drv_uart.o(.text)
    Uart5_IRQ                                0x08005a67   Thumb Code   110  drv_uart.o(.text)
    DrvUartDataCheck                         0x08005ad5   Thumb Code    24  drv_uart.o(.text)
    Reset_Handler                            0x08005b09   Thumb Code     8  startup_stm32f4xx.o(.text)
    HardFault_Handler                        0x08005b13   Thumb Code     2  startup_stm32f4xx.o(.text)
    PendSV_Handler                           0x08005b1f   Thumb Code     2  startup_stm32f4xx.o(.text)
    ADC_IRQHandler                           0x08005b23   Thumb Code     0  startup_stm32f4xx.o(.text)
    CAN1_RX0_IRQHandler                      0x08005b23   Thumb Code     0  startup_stm32f4xx.o(.text)
    CAN1_RX1_IRQHandler                      0x08005b23   Thumb Code     0  startup_stm32f4xx.o(.text)
    CAN1_SCE_IRQHandler                      0x08005b23   Thumb Code     0  startup_stm32f4xx.o(.text)
    CAN1_TX_IRQHandler                       0x08005b23   Thumb Code     0  startup_stm32f4xx.o(.text)
    CAN2_RX0_IRQHandler                      0x08005b23   Thumb Code     0  startup_stm32f4xx.o(.text)
    CAN2_RX1_IRQHandler                      0x08005b23   Thumb Code     0  startup_stm32f4xx.o(.text)
    CAN2_SCE_IRQHandler                      0x08005b23   Thumb Code     0  startup_stm32f4xx.o(.text)
    CAN2_TX_IRQHandler                       0x08005b23   Thumb Code     0  startup_stm32f4xx.o(.text)
    CRYP_IRQHandler                          0x08005b23   Thumb Code     0  startup_stm32f4xx.o(.text)
    DCMI_IRQHandler                          0x08005b23   Thumb Code     0  startup_stm32f4xx.o(.text)
    DMA1_Stream0_IRQHandler                  0x08005b23   Thumb Code     0  startup_stm32f4xx.o(.text)
    DMA1_Stream1_IRQHandler                  0x08005b23   Thumb Code     0  startup_stm32f4xx.o(.text)
    DMA1_Stream2_IRQHandler                  0x08005b23   Thumb Code     0  startup_stm32f4xx.o(.text)
    DMA1_Stream3_IRQHandler                  0x08005b23   Thumb Code     0  startup_stm32f4xx.o(.text)
    DMA1_Stream4_IRQHandler                  0x08005b23   Thumb Code     0  startup_stm32f4xx.o(.text)
    DMA1_Stream5_IRQHandler                  0x08005b23   Thumb Code     0  startup_stm32f4xx.o(.text)
    DMA1_Stream6_IRQHandler                  0x08005b23   Thumb Code     0  startup_stm32f4xx.o(.text)
    DMA1_Stream7_IRQHandler                  0x08005b23   Thumb Code     0  startup_stm32f4xx.o(.text)
    DMA2_Stream0_IRQHandler                  0x08005b23   Thumb Code     0  startup_stm32f4xx.o(.text)
    DMA2_Stream1_IRQHandler                  0x08005b23   Thumb Code     0  startup_stm32f4xx.o(.text)
    DMA2_Stream2_IRQHandler                  0x08005b23   Thumb Code     0  startup_stm32f4xx.o(.text)
    DMA2_Stream3_IRQHandler                  0x08005b23   Thumb Code     0  startup_stm32f4xx.o(.text)
    DMA2_Stream4_IRQHandler                  0x08005b23   Thumb Code     0  startup_stm32f4xx.o(.text)
    DMA2_Stream5_IRQHandler                  0x08005b23   Thumb Code     0  startup_stm32f4xx.o(.text)
    DMA2_Stream6_IRQHandler                  0x08005b23   Thumb Code     0  startup_stm32f4xx.o(.text)
    DMA2_Stream7_IRQHandler                  0x08005b23   Thumb Code     0  startup_stm32f4xx.o(.text)
    ETH_IRQHandler                           0x08005b23   Thumb Code     0  startup_stm32f4xx.o(.text)
    ETH_WKUP_IRQHandler                      0x08005b23   Thumb Code     0  startup_stm32f4xx.o(.text)
    EXTI0_IRQHandler                         0x08005b23   Thumb Code     0  startup_stm32f4xx.o(.text)
    EXTI15_10_IRQHandler                     0x08005b23   Thumb Code     0  startup_stm32f4xx.o(.text)
    EXTI1_IRQHandler                         0x08005b23   Thumb Code     0  startup_stm32f4xx.o(.text)
    EXTI2_IRQHandler                         0x08005b23   Thumb Code     0  startup_stm32f4xx.o(.text)
    EXTI3_IRQHandler                         0x08005b23   Thumb Code     0  startup_stm32f4xx.o(.text)
    EXTI4_IRQHandler                         0x08005b23   Thumb Code     0  startup_stm32f4xx.o(.text)
    FLASH_IRQHandler                         0x08005b23   Thumb Code     0  startup_stm32f4xx.o(.text)
    FPU_IRQHandler                           0x08005b23   Thumb Code     0  startup_stm32f4xx.o(.text)
    FSMC_IRQHandler                          0x08005b23   Thumb Code     0  startup_stm32f4xx.o(.text)
    HASH_RNG_IRQHandler                      0x08005b23   Thumb Code     0  startup_stm32f4xx.o(.text)
    I2C1_ER_IRQHandler                       0x08005b23   Thumb Code     0  startup_stm32f4xx.o(.text)
    I2C1_EV_IRQHandler                       0x08005b23   Thumb Code     0  startup_stm32f4xx.o(.text)
    I2C2_ER_IRQHandler                       0x08005b23   Thumb Code     0  startup_stm32f4xx.o(.text)
    I2C2_EV_IRQHandler                       0x08005b23   Thumb Code     0  startup_stm32f4xx.o(.text)
    I2C3_ER_IRQHandler                       0x08005b23   Thumb Code     0  startup_stm32f4xx.o(.text)
    I2C3_EV_IRQHandler                       0x08005b23   Thumb Code     0  startup_stm32f4xx.o(.text)
    OTG_FS_IRQHandler                        0x08005b23   Thumb Code     0  startup_stm32f4xx.o(.text)
    OTG_FS_WKUP_IRQHandler                   0x08005b23   Thumb Code     0  startup_stm32f4xx.o(.text)
    OTG_HS_EP1_IN_IRQHandler                 0x08005b23   Thumb Code     0  startup_stm32f4xx.o(.text)
    OTG_HS_EP1_OUT_IRQHandler                0x08005b23   Thumb Code     0  startup_stm32f4xx.o(.text)
    OTG_HS_IRQHandler                        0x08005b23   Thumb Code     0  startup_stm32f4xx.o(.text)
    OTG_HS_WKUP_IRQHandler                   0x08005b23   Thumb Code     0  startup_stm32f4xx.o(.text)
    PVD_IRQHandler                           0x08005b23   Thumb Code     0  startup_stm32f4xx.o(.text)
    RCC_IRQHandler                           0x08005b23   Thumb Code     0  startup_stm32f4xx.o(.text)
    RTC_Alarm_IRQHandler                     0x08005b23   Thumb Code     0  startup_stm32f4xx.o(.text)
    RTC_WKUP_IRQHandler                      0x08005b23   Thumb Code     0  startup_stm32f4xx.o(.text)
    SDIO_IRQHandler                          0x08005b23   Thumb Code     0  startup_stm32f4xx.o(.text)
    SPI1_IRQHandler                          0x08005b23   Thumb Code     0  startup_stm32f4xx.o(.text)
    SPI2_IRQHandler                          0x08005b23   Thumb Code     0  startup_stm32f4xx.o(.text)
    SPI3_IRQHandler                          0x08005b23   Thumb Code     0  startup_stm32f4xx.o(.text)
    TAMP_STAMP_IRQHandler                    0x08005b23   Thumb Code     0  startup_stm32f4xx.o(.text)
    TIM1_BRK_TIM9_IRQHandler                 0x08005b23   Thumb Code     0  startup_stm32f4xx.o(.text)
    TIM1_CC_IRQHandler                       0x08005b23   Thumb Code     0  startup_stm32f4xx.o(.text)
    TIM1_TRG_COM_TIM11_IRQHandler            0x08005b23   Thumb Code     0  startup_stm32f4xx.o(.text)
    TIM1_UP_TIM10_IRQHandler                 0x08005b23   Thumb Code     0  startup_stm32f4xx.o(.text)
    TIM2_IRQHandler                          0x08005b23   Thumb Code     0  startup_stm32f4xx.o(.text)
    TIM5_IRQHandler                          0x08005b23   Thumb Code     0  startup_stm32f4xx.o(.text)
    TIM6_DAC_IRQHandler                      0x08005b23   Thumb Code     0  startup_stm32f4xx.o(.text)
    TIM8_BRK_TIM12_IRQHandler                0x08005b23   Thumb Code     0  startup_stm32f4xx.o(.text)
    TIM8_CC_IRQHandler                       0x08005b23   Thumb Code     0  startup_stm32f4xx.o(.text)
    TIM8_TRG_COM_TIM14_IRQHandler            0x08005b23   Thumb Code     0  startup_stm32f4xx.o(.text)
    TIM8_UP_TIM13_IRQHandler                 0x08005b23   Thumb Code     0  startup_stm32f4xx.o(.text)
    WWDG_IRQHandler                          0x08005b23   Thumb Code     0  startup_stm32f4xx.o(.text)
    SystemInit                               0x08005c09   Thumb Code    88  system_stm32f4xx.o(.text)
    SystemCoreClockUpdate                    0x08005c61   Thumb Code   174  system_stm32f4xx.o(.text)
    NVIC_PriorityGroupConfig                 0x08005d3d   Thumb Code    54  misc.o(.text)
    NVIC_Init                                0x08005d73   Thumb Code   164  misc.o(.text)
    NVIC_SetVectorTable                      0x08005e17   Thumb Code    60  misc.o(.text)
    NVIC_SystemLPConfig                      0x08005e53   Thumb Code    78  misc.o(.text)
    SysTick_CLKSourceConfig                  0x08005ea1   Thumb Code    62  misc.o(.text)
    ADC_DeInit                               0x08005efd   Thumb Code    22  stm32f4xx_adc.o(.text)
    ADC_Init                                 0x08005f13   Thumb Code   402  stm32f4xx_adc.o(.text)
    ADC_StructInit                           0x080060a5   Thumb Code    20  stm32f4xx_adc.o(.text)
    ADC_CommonInit                           0x080060b9   Thumb Code   342  stm32f4xx_adc.o(.text)
    ADC_CommonStructInit                     0x0800620f   Thumb Code    12  stm32f4xx_adc.o(.text)
    ADC_Cmd                                  0x0800621b   Thumb Code    76  stm32f4xx_adc.o(.text)
    ADC_AnalogWatchdogCmd                    0x08006267   Thumb Code   102  stm32f4xx_adc.o(.text)
    ADC_AnalogWatchdogThresholdsConfig       0x080062cd   Thumb Code   126  stm32f4xx_adc.o(.text)
    ADC_AnalogWatchdogSingleChannelConfig    0x0800634b   Thumb Code   136  stm32f4xx_adc.o(.text)
    ADC_TempSensorVrefintCmd                 0x080063d3   Thumb Code    56  stm32f4xx_adc.o(.text)
    ADC_VBATCmd                              0x0800640b   Thumb Code    56  stm32f4xx_adc.o(.text)
    ADC_RegularChannelConfig                 0x08006443   Thumb Code   408  stm32f4xx_adc.o(.text)
    ADC_SoftwareStartConv                    0x080065db   Thumb Code    44  stm32f4xx_adc.o(.text)
    ADC_GetSoftwareStartConvStatus           0x08006607   Thumb Code    54  stm32f4xx_adc.o(.text)
    ADC_EOCOnEachRegularChannelCmd           0x0800663d   Thumb Code    76  stm32f4xx_adc.o(.text)
    ADC_ContinuousModeCmd                    0x08006689   Thumb Code    76  stm32f4xx_adc.o(.text)
    ADC_DiscModeChannelCountConfig           0x080066d5   Thumb Code   100  stm32f4xx_adc.o(.text)
    ADC_DiscModeCmd                          0x08006739   Thumb Code    76  stm32f4xx_adc.o(.text)
    ADC_GetConversionValue                   0x08006785   Thumb Code    40  stm32f4xx_adc.o(.text)
    ADC_GetMultiModeConversionValue          0x080067ad   Thumb Code     6  stm32f4xx_adc.o(.text)
    ADC_DMACmd                               0x080067b3   Thumb Code    76  stm32f4xx_adc.o(.text)
    ADC_DMARequestAfterLastTransferCmd       0x080067ff   Thumb Code    76  stm32f4xx_adc.o(.text)
    ADC_MultiModeDMARequestAfterLastTransferCmd 0x0800684b   Thumb Code    60  stm32f4xx_adc.o(.text)
    ADC_InjectedChannelConfig                0x08006887   Thumb Code   332  stm32f4xx_adc.o(.text)
    ADC_InjectedSequencerLengthConfig        0x080069d3   Thumb Code    80  stm32f4xx_adc.o(.text)
    ADC_SetInjectedOffset                    0x08006a23   Thumb Code   102  stm32f4xx_adc.o(.text)
    ADC_ExternalTrigInjectedConvConfig       0x08006a89   Thumb Code   176  stm32f4xx_adc.o(.text)
    ADC_ExternalTrigInjectedConvEdgeConfig   0x08006b39   Thumb Code    82  stm32f4xx_adc.o(.text)
    ADC_SoftwareStartInjectedConv            0x08006b8b   Thumb Code    44  stm32f4xx_adc.o(.text)
    ADC_GetSoftwareStartInjectedConvCmdStatus 0x08006bb7   Thumb Code    54  stm32f4xx_adc.o(.text)
    ADC_AutoInjectedConvCmd                  0x08006bed   Thumb Code    76  stm32f4xx_adc.o(.text)
    ADC_InjectedDiscModeCmd                  0x08006c39   Thumb Code    76  stm32f4xx_adc.o(.text)
    ADC_GetInjectedConversionValue           0x08006c85   Thumb Code    88  stm32f4xx_adc.o(.text)
    ADC_ITConfig                             0x08006cdd   Thumb Code   130  stm32f4xx_adc.o(.text)
    ADC_GetFlagStatus                        0x08006d5f   Thumb Code    90  stm32f4xx_adc.o(.text)
    ADC_ClearFlag                            0x08006db9   Thumb Code    62  stm32f4xx_adc.o(.text)
    ADC_GetITStatus                          0x08006df7   Thumb Code   122  stm32f4xx_adc.o(.text)
    ADC_ClearITPendingBit                    0x08006e71   Thumb Code    88  stm32f4xx_adc.o(.text)
    DMA_DeInit                               0x08006ed9   Thumb Code   462  stm32f4xx_dma.o(.text)
    DMA_Init                                 0x080070a7   Thumb Code   684  stm32f4xx_dma.o(.text)
    DMA_StructInit                           0x08007353   Thumb Code    34  stm32f4xx_dma.o(.text)
    DMA_Cmd                                  0x08007375   Thumb Code   182  stm32f4xx_dma.o(.text)
    DMA_PeriphIncOffsetSizeConfig            0x0800742b   Thumb Code   184  stm32f4xx_dma.o(.text)
    DMA_FlowControllerConfig                 0x080074e3   Thumb Code   182  stm32f4xx_dma.o(.text)
    DMA_SetCurrDataCounter                   0x08007599   Thumb Code   146  stm32f4xx_dma.o(.text)
    DMA_GetCurrDataCounter                   0x0800762b   Thumb Code   146  stm32f4xx_dma.o(.text)
    DMA_DoubleBufferModeConfig               0x080076bd   Thumb Code   204  stm32f4xx_dma.o(.text)
    DMA_DoubleBufferModeCmd                  0x08007789   Thumb Code   182  stm32f4xx_dma.o(.text)
    DMA_MemoryTargetConfig                   0x0800783f   Thumb Code   174  stm32f4xx_dma.o(.text)
    DMA_GetCurrentMemoryTarget               0x080078ed   Thumb Code   160  stm32f4xx_dma.o(.text)
    DMA_GetCmdStatus                         0x0800798d   Thumb Code   160  stm32f4xx_dma.o(.text)
    DMA_GetFIFOStatus                        0x08007a2d   Thumb Code   152  stm32f4xx_dma.o(.text)
    DMA_GetFlagStatus                        0x08007ac5   Thumb Code   486  stm32f4xx_dma.o(.text)
    DMA_ClearFlag                            0x08007cab   Thumb Code   216  stm32f4xx_dma.o(.text)
    DMA_ITConfig                             0x08007d83   Thumb Code   238  stm32f4xx_dma.o(.text)
    DMA_GetITStatus                          0x08007e71   Thumb Code   590  stm32f4xx_dma.o(.text)
    DMA_ClearITPendingBit                    0x080080bf   Thumb Code   216  stm32f4xx_dma.o(.text)
    EXTI_DeInit                              0x08008241   Thumb Code    28  stm32f4xx_exti.o(.text)
    EXTI_Init                                0x0800825d   Thumb Code   236  stm32f4xx_exti.o(.text)
    EXTI_StructInit                          0x08008349   Thumb Code    16  stm32f4xx_exti.o(.text)
    EXTI_GenerateSWInterrupt                 0x08008359   Thumb Code    38  stm32f4xx_exti.o(.text)
    EXTI_GetFlagStatus                       0x0800837f   Thumb Code   158  stm32f4xx_exti.o(.text)
    EXTI_ClearFlag                           0x0800841d   Thumb Code    30  stm32f4xx_exti.o(.text)
    EXTI_GetITStatus                         0x0800843b   Thumb Code   172  stm32f4xx_exti.o(.text)
    EXTI_ClearITPendingBit                   0x080084e7   Thumb Code    32  stm32f4xx_exti.o(.text)
    GPIO_DeInit                              0x08008515   Thumb Code   284  stm32f4xx_gpio.o(.text)
    GPIO_Init                                0x08008631   Thumb Code   342  stm32f4xx_gpio.o(.text)
    GPIO_StructInit                          0x08008787   Thumb Code    18  stm32f4xx_gpio.o(.text)
    GPIO_PinLockConfig                       0x08008799   Thumb Code   122  stm32f4xx_gpio.o(.text)
    GPIO_ReadInputDataBit                    0x08008813   Thumb Code   182  stm32f4xx_gpio.o(.text)
    GPIO_ReadInputData                       0x080088c9   Thumb Code   116  stm32f4xx_gpio.o(.text)
    GPIO_ReadOutputDataBit                   0x0800893d   Thumb Code   182  stm32f4xx_gpio.o(.text)
    GPIO_ReadOutputData                      0x080089f3   Thumb Code    76  stm32f4xx_gpio.o(.text)
    GPIO_SetBits                             0x08008a3f   Thumb Code    94  stm32f4xx_gpio.o(.text)
    GPIO_ResetBits                           0x08008a9d   Thumb Code    94  stm32f4xx_gpio.o(.text)
    GPIO_WriteBit                            0x08008afb   Thumb Code   194  stm32f4xx_gpio.o(.text)
    GPIO_Write                               0x08008bbd   Thumb Code    76  stm32f4xx_gpio.o(.text)
    GPIO_ToggleBits                          0x08008c09   Thumb Code    80  stm32f4xx_gpio.o(.text)
    GPIO_PinAFConfig                         0x08008c59   Thumb Code   382  stm32f4xx_gpio.o(.text)
    RCC_DeInit                               0x08008ddd   Thumb Code    60  stm32f4xx_rcc.o(.text)
    RCC_HSEConfig                            0x08008e19   Thumb Code    38  stm32f4xx_rcc.o(.text)
    RCC_GetFlagStatus                        0x08008e3f   Thumb Code   130  stm32f4xx_rcc.o(.text)
    RCC_WaitForHSEStartUp                    0x08008ec1   Thumb Code    56  stm32f4xx_rcc.o(.text)
    RCC_AdjustHSICalibrationValue            0x08008ef9   Thumb Code    38  stm32f4xx_rcc.o(.text)
    RCC_HSICmd                               0x08008f1f   Thumb Code    28  stm32f4xx_rcc.o(.text)
    RCC_LSEConfig                            0x08008f3b   Thumb Code    72  stm32f4xx_rcc.o(.text)
    RCC_LSICmd                               0x08008f83   Thumb Code    28  stm32f4xx_rcc.o(.text)
    RCC_PLLConfig                            0x08008f9f   Thumb Code   156  stm32f4xx_rcc.o(.text)
    RCC_PLLCmd                               0x0800903b   Thumb Code    28  stm32f4xx_rcc.o(.text)
    RCC_PLLI2SConfig                         0x08009057   Thumb Code    62  stm32f4xx_rcc.o(.text)
    RCC_PLLI2SCmd                            0x08009095   Thumb Code    28  stm32f4xx_rcc.o(.text)
    RCC_ClockSecuritySystemCmd               0x080090b1   Thumb Code    28  stm32f4xx_rcc.o(.text)
    RCC_MCO1Config                           0x080090cd   Thumb Code   102  stm32f4xx_rcc.o(.text)
    RCC_MCO2Config                           0x08009133   Thumb Code   102  stm32f4xx_rcc.o(.text)
    RCC_SYSCLKConfig                         0x08009199   Thumb Code    68  stm32f4xx_rcc.o(.text)
    RCC_GetSYSCLKSource                      0x080091dd   Thumb Code    10  stm32f4xx_rcc.o(.text)
    RCC_HCLKConfig                           0x080091e7   Thumb Code    66  stm32f4xx_rcc.o(.text)
    RCC_PCLK1Config                          0x08009229   Thumb Code    58  stm32f4xx_rcc.o(.text)
    RCC_PCLK2Config                          0x08009263   Thumb Code    60  stm32f4xx_rcc.o(.text)
    RCC_GetClocksFreq                        0x0800929f   Thumb Code   214  stm32f4xx_rcc.o(.text)
    RCC_RTCCLKConfig                         0x08009375   Thumb Code   260  stm32f4xx_rcc.o(.text)
    RCC_RTCCLKCmd                            0x08009479   Thumb Code    28  stm32f4xx_rcc.o(.text)
    RCC_BackupResetCmd                       0x08009495   Thumb Code    30  stm32f4xx_rcc.o(.text)
    RCC_I2SCLKConfig                         0x080094b3   Thumb Code    28  stm32f4xx_rcc.o(.text)
    RCC_AHB1PeriphClockCmd                   0x080094cf   Thumb Code    78  stm32f4xx_rcc.o(.text)
    RCC_AHB2PeriphClockCmd                   0x0800951d   Thumb Code    78  stm32f4xx_rcc.o(.text)
    RCC_AHB3PeriphClockCmd                   0x0800956b   Thumb Code   234  stm32f4xx_rcc.o(.text)
    RCC_APB1PeriphClockCmd                   0x08009655   Thumb Code    70  stm32f4xx_rcc.o(.text)
    RCC_APB2PeriphClockCmd                   0x0800969b   Thumb Code    78  stm32f4xx_rcc.o(.text)
    RCC_AHB1PeriphResetCmd                   0x080096e9   Thumb Code    78  stm32f4xx_rcc.o(.text)
    RCC_AHB2PeriphResetCmd                   0x08009737   Thumb Code    78  stm32f4xx_rcc.o(.text)
    RCC_AHB3PeriphResetCmd                   0x08009785   Thumb Code    78  stm32f4xx_rcc.o(.text)
    RCC_APB1PeriphResetCmd                   0x080097d3   Thumb Code    78  stm32f4xx_rcc.o(.text)
    RCC_APB2PeriphResetCmd                   0x08009821   Thumb Code    78  stm32f4xx_rcc.o(.text)
    RCC_AHB1PeriphClockLPModeCmd             0x0800986f   Thumb Code    78  stm32f4xx_rcc.o(.text)
    RCC_AHB2PeriphClockLPModeCmd             0x080098bd   Thumb Code    78  stm32f4xx_rcc.o(.text)
    RCC_AHB3PeriphClockLPModeCmd             0x0800990b   Thumb Code    78  stm32f4xx_rcc.o(.text)
    RCC_APB1PeriphClockLPModeCmd             0x08009959   Thumb Code    78  stm32f4xx_rcc.o(.text)
    RCC_APB2PeriphClockLPModeCmd             0x080099a7   Thumb Code    78  stm32f4xx_rcc.o(.text)
    RCC_ITConfig                             0x080099f5   Thumb Code   108  stm32f4xx_rcc.o(.text)
    RCC_ClearFlag                            0x08009a61   Thumb Code    14  stm32f4xx_rcc.o(.text)
    RCC_GetITStatus                          0x08009a6f   Thumb Code    66  stm32f4xx_rcc.o(.text)
    RCC_ClearITPendingBit                    0x08009ab1   Thumb Code    32  stm32f4xx_rcc.o(.text)
    TIM_DeInit                               0x08009ad9   Thumb Code   440  stm32f4xx_tim.o(.text)
    TIM_TimeBaseInit                         0x08009c91   Thumb Code   278  stm32f4xx_tim.o(.text)
    TIM_TimeBaseStructInit                   0x08009da7   Thumb Code    18  stm32f4xx_tim.o(.text)
    TIM_PrescalerConfig                      0x08009db9   Thumb Code   128  stm32f4xx_tim.o(.text)
    TIM_CounterModeConfig                    0x08009e39   Thumb Code   100  stm32f4xx_tim.o(.text)
    TIM_SetCounter                           0x08009e9d   Thumb Code   164  stm32f4xx_tim.o(.text)
    TIM_SetAutoreload                        0x08009f41   Thumb Code   106  stm32f4xx_tim.o(.text)
    TIM_GetCounter                           0x08009fab   Thumb Code   104  stm32f4xx_tim.o(.text)
    TIM_GetPrescaler                         0x0800a013   Thumb Code   104  stm32f4xx_tim.o(.text)
    TIM_UpdateDisableConfig                  0x0800a07b   Thumb Code   144  stm32f4xx_tim.o(.text)
    TIM_UpdateRequestConfig                  0x0800a10b   Thumb Code   144  stm32f4xx_tim.o(.text)
    TIM_ARRPreloadConfig                     0x0800a19b   Thumb Code   144  stm32f4xx_tim.o(.text)
    TIM_SelectOnePulseMode                   0x0800a22b   Thumb Code   138  stm32f4xx_tim.o(.text)
    TIM_SetClockDivision                     0x0800a2b5   Thumb Code   190  stm32f4xx_tim.o(.text)
    TIM_Cmd                                  0x0800a373   Thumb Code   144  stm32f4xx_tim.o(.text)
    TIM_OC1Init                              0x0800a403   Thumb Code   400  stm32f4xx_tim.o(.text)
    TIM_OC2Init                              0x0800a593   Thumb Code   474  stm32f4xx_tim.o(.text)
    TIM_OC3Init                              0x0800a76d   Thumb Code   400  stm32f4xx_tim.o(.text)
    TIM_OC4Init                              0x0800a8fd   Thumb Code   290  stm32f4xx_tim.o(.text)
    TIM_OCStructInit                         0x0800aa1f   Thumb Code    20  stm32f4xx_tim.o(.text)
    TIM_SelectOCxM                           0x0800aa33   Thumb Code   250  stm32f4xx_tim.o(.text)
    TIM_SetCompare1                          0x0800ab2d   Thumb Code   144  stm32f4xx_tim.o(.text)
    TIM_SetCompare2                          0x0800abbd   Thumb Code    70  stm32f4xx_tim.o(.text)
    TIM_SetCompare3                          0x0800ac03   Thumb Code    58  stm32f4xx_tim.o(.text)
    TIM_SetCompare4                          0x0800ac3d   Thumb Code    58  stm32f4xx_tim.o(.text)
    TIM_ForcedOC1Config                      0x0800ac77   Thumb Code   126  stm32f4xx_tim.o(.text)
    TIM_ForcedOC2Config                      0x0800acf5   Thumb Code   110  stm32f4xx_tim.o(.text)
    TIM_ForcedOC3Config                      0x0800ad63   Thumb Code    90  stm32f4xx_tim.o(.text)
    TIM_ForcedOC4Config                      0x0800adbd   Thumb Code    98  stm32f4xx_tim.o(.text)
    TIM_OC1PreloadConfig                     0x0800ae1f   Thumb Code   124  stm32f4xx_tim.o(.text)
    TIM_OC2PreloadConfig                     0x0800ae9b   Thumb Code   108  stm32f4xx_tim.o(.text)
    TIM_OC3PreloadConfig                     0x0800af07   Thumb Code    88  stm32f4xx_tim.o(.text)
    TIM_OC4PreloadConfig                     0x0800af5f   Thumb Code   146  stm32f4xx_tim.o(.text)
    TIM_OC1FastConfig                        0x0800aff1   Thumb Code   124  stm32f4xx_tim.o(.text)
    TIM_OC2FastConfig                        0x0800b06d   Thumb Code   108  stm32f4xx_tim.o(.text)
    TIM_OC3FastConfig                        0x0800b0d9   Thumb Code    88  stm32f4xx_tim.o(.text)
    TIM_OC4FastConfig                        0x0800b131   Thumb Code    96  stm32f4xx_tim.o(.text)
    TIM_ClearOC1Ref                          0x0800b191   Thumb Code   124  stm32f4xx_tim.o(.text)
    TIM_ClearOC2Ref                          0x0800b20d   Thumb Code   106  stm32f4xx_tim.o(.text)
    TIM_ClearOC3Ref                          0x0800b277   Thumb Code    88  stm32f4xx_tim.o(.text)
    TIM_ClearOC4Ref                          0x0800b2cf   Thumb Code    94  stm32f4xx_tim.o(.text)
    TIM_OC1PolarityConfig                    0x0800b32d   Thumb Code   124  stm32f4xx_tim.o(.text)
    TIM_OC1NPolarityConfig                   0x0800b3a9   Thumb Code   114  stm32f4xx_tim.o(.text)
    TIM_OC2PolarityConfig                    0x0800b41b   Thumb Code   108  stm32f4xx_tim.o(.text)
    TIM_OC2NPolarityConfig                   0x0800b487   Thumb Code    72  stm32f4xx_tim.o(.text)
    TIM_OC3PolarityConfig                    0x0800b4cf   Thumb Code    96  stm32f4xx_tim.o(.text)
    TIM_OC3NPolarityConfig                   0x0800b52f   Thumb Code    72  stm32f4xx_tim.o(.text)
    TIM_OC4PolarityConfig                    0x0800b577   Thumb Code    96  stm32f4xx_tim.o(.text)
    TIM_CCxCmd                               0x0800b5d7   Thumb Code   168  stm32f4xx_tim.o(.text)
    TIM_CCxNCmd                              0x0800b67f   Thumb Code   104  stm32f4xx_tim.o(.text)
    TIM_SetIC4Prescaler                      0x0800b6e7   Thumb Code   106  stm32f4xx_tim.o(.text)
    TIM_SetIC3Prescaler                      0x0800b7a1   Thumb Code   148  stm32f4xx_tim.o(.text)
    TIM_SetIC2Prescaler                      0x0800b87d   Thumb Code   118  stm32f4xx_tim.o(.text)
    TIM_SetIC1Prescaler                      0x0800b943   Thumb Code   134  stm32f4xx_tim.o(.text)
    TIM_ICInit                               0x0800ba03   Thumb Code   460  stm32f4xx_tim.o(.text)
    TIM_ICStructInit                         0x0800bbcf   Thumb Code    18  stm32f4xx_tim.o(.text)
    TIM_PWMIConfig                           0x0800bbe1   Thumb Code   234  stm32f4xx_tim.o(.text)
    TIM_GetCapture1                          0x0800bccb   Thumb Code    92  stm32f4xx_tim.o(.text)
    TIM_GetCapture2                          0x0800bd27   Thumb Code    68  stm32f4xx_tim.o(.text)
    TIM_GetCapture3                          0x0800bd6b   Thumb Code    56  stm32f4xx_tim.o(.text)
    TIM_GetCapture4                          0x0800bda3   Thumb Code    56  stm32f4xx_tim.o(.text)
    TIM_BDTRConfig                           0x0800bddb   Thumb Code   222  stm32f4xx_tim.o(.text)
    TIM_BDTRStructInit                       0x0800beb9   Thumb Code    18  stm32f4xx_tim.o(.text)
    TIM_CtrlPWMOutputs                       0x0800becb   Thumb Code    78  stm32f4xx_tim.o(.text)
    TIM_SelectCOM                            0x0800bf19   Thumb Code    72  stm32f4xx_tim.o(.text)
    TIM_CCPreloadControl                     0x0800bf61   Thumb Code    72  stm32f4xx_tim.o(.text)
    TIM_ITConfig                             0x0800bfa9   Thumb Code   216  stm32f4xx_tim.o(.text)
    TIM_GenerateEvent                        0x0800c081   Thumb Code   126  stm32f4xx_tim.o(.text)
    TIM_GetFlagStatus                        0x0800c0ff   Thumb Code   188  stm32f4xx_tim.o(.text)
    TIM_ClearFlag                            0x0800c1bb   Thumb Code   108  stm32f4xx_tim.o(.text)
    TIM_GetITStatus                          0x0800c227   Thumb Code   186  stm32f4xx_tim.o(.text)
    TIM_ClearITPendingBit                    0x0800c2e1   Thumb Code   108  stm32f4xx_tim.o(.text)
    TIM_DMAConfig                            0x0800c34d   Thumb Code   328  stm32f4xx_tim.o(.text)
    TIM_DMACmd                               0x0800c495   Thumb Code   126  stm32f4xx_tim.o(.text)
    TIM_SelectCCDMA                          0x0800c513   Thumb Code    96  stm32f4xx_tim.o(.text)
    TIM_InternalClockConfig                  0x0800c573   Thumb Code    76  stm32f4xx_tim.o(.text)
    TIM_SelectInputTrigger                   0x0800c5bf   Thumb Code   148  stm32f4xx_tim.o(.text)
    TIM_ITRxExternalClockConfig              0x0800c653   Thumb Code   110  stm32f4xx_tim.o(.text)
    TIM_TIxExternalClockConfig               0x0800c6c1   Thumb Code   184  stm32f4xx_tim.o(.text)
    TIM_ETRConfig                            0x0800c779   Thumb Code   164  stm32f4xx_tim.o(.text)
    TIM_ETRClockMode1Config                  0x0800c81d   Thumb Code   228  stm32f4xx_tim.o(.text)
    TIM_ETRClockMode2Config                  0x0800c901   Thumb Code   152  stm32f4xx_tim.o(.text)
    TIM_SelectOutputTrigger                  0x0800c999   Thumb Code   126  stm32f4xx_tim.o(.text)
    TIM_SelectSlaveMode                      0x0800ca17   Thumb Code   112  stm32f4xx_tim.o(.text)
    TIM_SelectMasterSlaveMode                0x0800ca87   Thumb Code   102  stm32f4xx_tim.o(.text)
    TIM_EncoderInterfaceConfig               0x0800caed   Thumb Code   226  stm32f4xx_tim.o(.text)
    TIM_SelectHallSensor                     0x0800cbcf   Thumb Code   108  stm32f4xx_tim.o(.text)
    TIM_RemapConfig                          0x0800cc3b   Thumb Code   138  stm32f4xx_tim.o(.text)
    USART_DeInit                             0x0800ccc5   Thumb Code   202  stm32f4xx_usart.o(.text)
    USART_Init                               0x0800cd8f   Thumb Code   456  stm32f4xx_usart.o(.text)
    USART_StructInit                         0x0800cf57   Thumb Code    24  stm32f4xx_usart.o(.text)
    USART_ClockInit                          0x0800cf6f   Thumb Code   166  stm32f4xx_usart.o(.text)
    USART_ClockStructInit                    0x0800d015   Thumb Code    12  stm32f4xx_usart.o(.text)
    USART_Cmd                                0x0800d021   Thumb Code    96  stm32f4xx_usart.o(.text)
    USART_SetPrescaler                       0x0800d081   Thumb Code   102  stm32f4xx_usart.o(.text)
    USART_OverSampling8Cmd                   0x0800d0e7   Thumb Code    94  stm32f4xx_usart.o(.text)
    USART_OneBitMethodCmd                    0x0800d145   Thumb Code    96  stm32f4xx_usart.o(.text)
    USART_SendData                           0x0800d1a5   Thumb Code    80  stm32f4xx_usart.o(.text)
    USART_ReceiveData                        0x0800d1f5   Thumb Code    60  stm32f4xx_usart.o(.text)
    USART_SetAddress                         0x0800d231   Thumb Code    88  stm32f4xx_usart.o(.text)
    USART_ReceiverWakeUpCmd                  0x0800d289   Thumb Code    96  stm32f4xx_usart.o(.text)
    USART_WakeUpConfig                       0x0800d2e9   Thumb Code    92  stm32f4xx_usart.o(.text)
    USART_LINBreakDetectLengthConfig         0x0800d345   Thumb Code    90  stm32f4xx_usart.o(.text)
    USART_LINCmd                             0x0800d39f   Thumb Code    96  stm32f4xx_usart.o(.text)
    USART_SendBreak                          0x0800d3ff   Thumb Code    62  stm32f4xx_usart.o(.text)
    USART_HalfDuplexCmd                      0x0800d43d   Thumb Code    96  stm32f4xx_usart.o(.text)
    USART_SetGuardTime                       0x0800d49d   Thumb Code    86  stm32f4xx_usart.o(.text)
    USART_SmartCardCmd                       0x0800d4f3   Thumb Code    84  stm32f4xx_usart.o(.text)
    USART_SmartCardNACKCmd                   0x0800d547   Thumb Code    84  stm32f4xx_usart.o(.text)
    USART_IrDAConfig                         0x0800d59b   Thumb Code    90  stm32f4xx_usart.o(.text)
    USART_IrDACmd                            0x0800d5f5   Thumb Code    96  stm32f4xx_usart.o(.text)
    USART_DMACmd                             0x0800d655   Thumb Code   114  stm32f4xx_usart.o(.text)
    USART_ITConfig                           0x0800d6c7   Thumb Code   260  stm32f4xx_usart.o(.text)
    USART_GetFlagStatus                      0x0800d7cb   Thumb Code   170  stm32f4xx_usart.o(.text)
    USART_ClearFlag                          0x0800d875   Thumb Code   158  stm32f4xx_usart.o(.text)
    USART_GetITStatus                        0x0800d913   Thumb Code   278  stm32f4xx_usart.o(.text)
    USART_ClearITPendingBit                  0x0800da29   Thumb Code   164  stm32f4xx_usart.o(.text)
    __aeabi_dadd                             0x0800dae9   Thumb Code   322  dadd.o(.text)
    __aeabi_dsub                             0x0800dc2b   Thumb Code     6  dadd.o(.text)
    __aeabi_drsub                            0x0800dc31   Thumb Code     6  dadd.o(.text)
    __aeabi_dmul                             0x0800dc37   Thumb Code   228  dmul.o(.text)
    __aeabi_ddiv                             0x0800dd1b   Thumb Code   222  ddiv.o(.text)
    __aeabi_i2d                              0x0800ddf9   Thumb Code    34  dflti.o(.text)
    __aeabi_d2iz                             0x0800de1b   Thumb Code    62  dfixi.o(.text)
    __aeabi_f2d                              0x0800de59   Thumb Code    38  f2d.o(.text)
    __aeabi_cdcmpeq                          0x0800de81   Thumb Code     0  cdcmple.o(.text)
    __aeabi_cdcmple                          0x0800de81   Thumb Code    48  cdcmple.o(.text)
    __aeabi_cdrcmple                         0x0800deb1   Thumb Code    48  cdrcmple.o(.text)
    __aeabi_d2f                              0x0800dee1   Thumb Code    56  d2f.o(.text)
    __aeabi_llsl                             0x0800df19   Thumb Code    30  llshl.o(.text)
    _ll_shift_l                              0x0800df19   Thumb Code     0  llshl.o(.text)
    __aeabi_llsr                             0x0800df37   Thumb Code    32  llushr.o(.text)
    _ll_ushift_r                             0x0800df37   Thumb Code     0  llushr.o(.text)
    __aeabi_lasr                             0x0800df57   Thumb Code    36  llsshr.o(.text)
    _ll_sshift_r                             0x0800df57   Thumb Code     0  llsshr.o(.text)
    __I$use$fp                               0x0800df7b   Thumb Code     0  iusefp.o(.text)
    _float_round                             0x0800df7b   Thumb Code    18  fepilogue.o(.text)
    _float_epilogue                          0x0800df8d   Thumb Code    92  fepilogue.o(.text)
    _double_round                            0x0800dfe9   Thumb Code    30  depilogue.o(.text)
    _double_epilogue                         0x0800e007   Thumb Code   156  depilogue.o(.text)
    __scatterload                            0x0800e0a5   Thumb Code    28  init.o(.text)
    __scatterload_rt2                        0x0800e0a5   Thumb Code     0  init.o(.text)
    __decompress                             0x0800e0c9   Thumb Code     0  __dczerorl2.o(.text)
    __decompress1                            0x0800e0c9   Thumb Code    86  __dczerorl2.o(.text)
    __scatterload_copy                       0x0800e11f   Thumb Code    14  handlers.o(i.__scatterload_copy)
    __scatterload_null                       0x0800e12d   Thumb Code     2  handlers.o(i.__scatterload_null)
    __scatterload_zeroinit                   0x0800e12f   Thumb Code    14  handlers.o(i.__scatterload_zeroinit)
    fast_atan_table                          0x0800e13c   Data        1028  ano_math.o(.constdata)
    Region$$Table$$Base                      0x0800e7d4   Number         0  anon$$obj.o(Region$$Table)
    Region$$Table$$Limit                     0x0800e7f4   Number         0  anon$$obj.o(Region$$Table)
    fc_bat                                   0x20000084   Data           4  ano_lx.o(.data)
    fc_att                                   0x20000088   Data           7  ano_lx.o(.data)
    fc_vel                                   0x2000008f   Data           6  ano_lx.o(.data)
    fc_dis                                   0x20000095   Data           8  ano_lx.o(.data)
    MY_CH_EXERT                              0x2000009e   Data           8  ano_lx.o(.data)
    sti_fun                                  0x200000ba   Data           2  lx_fc_state.o(.data)
    my_mode                                  0x200000c0   Data           4  my_contrl.o(.data)
    my_give_vel_x                            0x200000c4   Data           4  my_contrl.o(.data)
    my_give_vel_y                            0x200000c8   Data           4  my_contrl.o(.data)
    my_give_vel_z                            0x200000cc   Data           4  my_contrl.o(.data)
    my_give_vel_yaw                          0x200000d0   Data           4  my_contrl.o(.data)
    my_give_vel_rol                          0x200000d4   Data           4  my_contrl.o(.data)
    my_give_vel_pit                          0x200000d8   Data           4  my_contrl.o(.data)
    mission_step                             0x200000dc   Data           4  my_contrl.o(.data)
    my_task_time_dly_cnt_ms                  0x200000e0   Data           4  my_contrl.o(.data)
    time_cnt_ms                              0x200000e4   Data           4  my_contrl.o(.data)
    height_target                            0x200000e8   Data           4  my_contrl.o(.data)
    dis_x_target                             0x200000ec   Data           4  my_contrl.o(.data)
    dis_y_target                             0x200000f0   Data           4  my_contrl.o(.data)
    yaw_target                               0x200000f4   Data           4  my_contrl.o(.data)
    hight_now                                0x200000f8   Data           4  my_contrl.o(.data)
    dis_x_now                                0x200000fc   Data           4  my_contrl.o(.data)
    dis_y_now                                0x20000100   Data           4  my_contrl.o(.data)
    yaw_now                                  0x20000104   Data           4  my_contrl.o(.data)
    yaw_base                                 0x20000108   Data           4  my_contrl.o(.data)
    yaw_zero                                 0x20000110   Data           8  my_contrl.o(.data)
    yaw_fix                                  0x20000118   Data           8  my_contrl.o(.data)
    keep_hight_flag                          0x20000120   Data           4  my_contrl.o(.data)
    keep_dis_flag                            0x20000124   Data           4  my_contrl.o(.data)
    keep_yaw_flag                            0x20000128   Data           4  my_contrl.o(.data)
    keep_cam_flag                            0x2000012c   Data           4  my_contrl.o(.data)
    keep_radar_flag                          0x20000130   Data           4  my_contrl.o(.data)
    dis_x_zero                               0x20000134   Data           4  my_contrl.o(.data)
    dis_y_zero                               0x20000138   Data           4  my_contrl.o(.data)
    dis_target_num                           0x2000013c   Data           4  my_contrl.o(.data)
    yaw_mode                                 0x20000140   Data           1  my_contrl.o(.data)
    dis_x_cam_target                         0x20000144   Data           4  my_contrl.o(.data)
    dis_y_cam_target                         0x20000148   Data           4  my_contrl.o(.data)
    cam_target_control_flag                  0x2000014c   Data           1  my_contrl.o(.data)
    cam_target_code_identity_flag            0x2000014d   Data           1  my_contrl.o(.data)
    my_task_flag                             0x20000150   Data           4  my_uart.o(.data)
    my_slam_flag                             0x20000154   Data           1  my_uart.o(.data)
    OpenMV_data_0                            0x20000156   Data           2  my_uart.o(.data)
    OpenMV_data_1                            0x20000158   Data           2  my_uart.o(.data)
    OpenMV_data_2                            0x2000015a   Data           2  my_uart.o(.data)
    g_maixcam_valid_frame_cnt                0x2000015c   Data           2  my_uart.o(.data)
    g_maixcam_last_code                      0x2000015e   Data           1  my_uart.o(.data)
    g_maixcam_last_ctrl                      0x2000015f   Data           1  my_uart.o(.data)
    g_maixcam_last_x                         0x20000160   Data           2  my_uart.o(.data)
    g_maixcam_last_y                         0x20000162   Data           2  my_uart.o(.data)
    rol                                      0x20000180   Data           8  my_get_data.o(.data)
    pit                                      0x20000188   Data           8  my_get_data.o(.data)
    yaw                                      0x20000190   Data           8  my_get_data.o(.data)
    yaw_part                                 0x20000198   Data           8  my_get_data.o(.data)
    yaw_last                                 0x200001a0   Data           8  my_get_data.o(.data)
    yaw_round                                0x200001a8   Data           8  my_get_data.o(.data)
    vel_x                                    0x200001b0   Data           2  my_get_data.o(.data)
    vel_y                                    0x200001b2   Data           2  my_get_data.o(.data)
    vel_z                                    0x200001b4   Data           2  my_get_data.o(.data)
    hight                                    0x200001b8   Data           4  my_get_data.o(.data)
    dis_x                                    0x200001bc   Data           4  my_get_data.o(.data)
    dis_y                                    0x200001c0   Data           4  my_get_data.o(.data)
    dis_x_slam                               0x200001c4   Data           4  my_get_data.o(.data)
    dis_y_slam                               0x200001c8   Data           4  my_get_data.o(.data)
    yaw_slam                                 0x200001cc   Data           4  my_get_data.o(.data)
    KP_xy                                    0x200001d0   Data           8  my_pid.o(.data)
    KI_xy                                    0x200001d8   Data           8  my_pid.o(.data)
    KD_xy                                    0x200001e0   Data           8  my_pid.o(.data)
    intrgrate_max                            0x200001e8   Data           8  my_pid.o(.data)
    KP_radar                                 0x200001f0   Data           8  my_pid.o(.data)
    KI_radar                                 0x200001f8   Data           8  my_pid.o(.data)
    KD_radar                                 0x20000200   Data           8  my_pid.o(.data)
    KP_MV                                    0x20000208   Data           8  my_pid.o(.data)
    KI_MV                                    0x20000210   Data           8  my_pid.o(.data)
    KD_MV                                    0x20000218   Data           8  my_pid.o(.data)
    KP_MV_X                                  0x20000220   Data           8  my_pid.o(.data)
    KP_MV_Y                                  0x20000228   Data           8  my_pid.o(.data)
    KD_MV_X                                  0x20000230   Data           8  my_pid.o(.data)
    KD_MV_Y                                  0x20000238   Data           8  my_pid.o(.data)
    KP_yaw                                   0x20000240   Data           8  my_pid.o(.data)
    yaw_deadband                             0x20000248   Data           4  my_pid.o(.data)
    yaw_output_max                           0x2000024c   Data           4  my_pid.o(.data)
    g_xy_limit_optical                       0x20000250   Data           4  my_pid.o(.data)
    g_xy_limit_radar                         0x20000254   Data           4  my_pid.o(.data)
    g_xy_limit_mv                            0x20000258   Data           4  my_pid.o(.data)
    pvt_receive_updata                       0x20000282   Data           1  drv_ubloxgps.o(.data)
    fre_test_cnt                             0x20000284   Data           2  drv_ubloxgps.o(.data)
    Period_Out_H                             0x20000286   Data          14  drv_ubloxgps.o(.data)
    Period_Out_L                             0x20000294   Data          14  drv_ubloxgps.o(.data)
    Pulse_Period                             0x200002a2   Data          28  drv_ubloxgps.o(.data)
    Baud115200                               0x200002be   Data          28  drv_ubloxgps.o(.data)
    Save_Con                                 0x200002da   Data          21  drv_ubloxgps.o(.data)
    POLLSH_SET                               0x200002ef   Data          11  drv_ubloxgps.o(.data)
    SOL_SET                                  0x200002fa   Data          11  drv_ubloxgps.o(.data)
    VELNED_SET                               0x20000305   Data          11  drv_ubloxgps.o(.data)
    TIMEUTC_SET                              0x20000310   Data          11  drv_ubloxgps.o(.data)
    DOP_SET                                  0x2000031b   Data          11  drv_ubloxgps.o(.data)
    PVT_SET                                  0x20000326   Data          11  drv_ubloxgps.o(.data)
    pvt_recerve_ok_cnt                       0x20000336   Data           1  drv_ubloxgps.o(.data)
    led                                      0x20000340   Data           4  drv_led.o(.data)
    Tx1Counter                               0x20000350   Data           1  drv_uart.o(.data)
    count1                                   0x20000351   Data           1  drv_uart.o(.data)
    U1RxInCnt                                0x20000352   Data           1  drv_uart.o(.data)
    U1RxoutCnt                               0x20000353   Data           1  drv_uart.o(.data)
    TxCounter                                0x20000354   Data           1  drv_uart.o(.data)
    count                                    0x20000355   Data           1  drv_uart.o(.data)
    U2RxInCnt                                0x20000356   Data           1  drv_uart.o(.data)
    U2RxoutCnt                               0x20000357   Data           1  drv_uart.o(.data)
    Tx3Counter                               0x20000358   Data           1  drv_uart.o(.data)
    count3                                   0x20000359   Data           1  drv_uart.o(.data)
    U3RxInCnt                                0x2000035a   Data           1  drv_uart.o(.data)
    U3RxoutCnt                               0x2000035b   Data           1  drv_uart.o(.data)
    Tx4Counter                               0x2000035c   Data           1  drv_uart.o(.data)
    count4                                   0x2000035d   Data           1  drv_uart.o(.data)
    U4RxInCnt                                0x2000035e   Data           1  drv_uart.o(.data)
    U4RxoutCnt                               0x2000035f   Data           1  drv_uart.o(.data)
    Tx5Counter                               0x20000360   Data           1  drv_uart.o(.data)
    count5                                   0x20000361   Data           1  drv_uart.o(.data)
    U5RxInCnt                                0x20000362   Data           1  drv_uart.o(.data)
    U5RxoutCnt                               0x20000363   Data           1  drv_uart.o(.data)
    SystemCoreClock                          0x20000364   Data           4  system_stm32f4xx.o(.data)
    AHBPrescTable                            0x20000368   Data          16  system_stm32f4xx.o(.data)
    send_buffer                              0x20000388   Data          50  ano_dt_lx.o(.bss)
    dt                                       0x200003bc   Data        1564  ano_dt_lx.o(.bss)
    rt_tar                                   0x20000ad8   Data          14  ano_lx.o(.bss)
    pwm_to_esc                               0x20000ae6   Data          16  ano_lx.o(.bss)
    fc_att_qua                               0x20000af6   Data           9  ano_lx.o(.bss)
    fc_hight                                 0x20000aff   Data           9  ano_lx.o(.bss)
    ext_sens                                 0x20000b18   Data          48  lx_fc_ext_sensor.o(.bss)
    fc_sta                                   0x20000b48   Data          11  lx_fc_state.o(.bss)
    DataSend                                 0x20000b6b   Data          30  my_send_test.o(.bss)
    rc_in                                    0x20000b8a   Data          82  drv_bsp.o(.bss)
    ano_of                                   0x20000bf8   Data          60  drv_anoof.o(.bss)
    ubx                                      0x20000c74   Data         100  drv_ubloxgps.o(.bss)
    AdcValue                                 0x20000cd8   Data         100  drv_adc.o(.bss)
    Tx1Buffer                                0x20000d3c   Data         256  drv_uart.o(.bss)
    U1RxDataTmp                              0x20000e3c   Data         100  drv_uart.o(.bss)
    TxBuffer                                 0x20000ea0   Data         256  drv_uart.o(.bss)
    U2RxDataTmp                              0x20000fa0   Data         100  drv_uart.o(.bss)
    Tx3Buffer                                0x20001004   Data         256  drv_uart.o(.bss)
    U3RxDataTmp                              0x20001104   Data         100  drv_uart.o(.bss)
    Tx4Buffer                                0x20001168   Data         256  drv_uart.o(.bss)
    U4RxDataTmp                              0x20001268   Data         100  drv_uart.o(.bss)
    Tx5Buffer                                0x200012cc   Data         256  drv_uart.o(.bss)
    U5RxDataTmp                              0x200013cc   Data         100  drv_uart.o(.bss)
    __initial_sp                             0x20001c30   Data           0  startup_stm32f4xx.o(STACK)



==============================================================================

Memory Map of the image

  Image Entry point : 0x08000189

  Load Region LR_IROM1 (Base: 0x08000000, Size: 0x0000eb7c, Max: 0x00100000, ABSOLUTE, COMPRESSED[0x0000e8dc])

    Execution Region ER_IROM1 (Exec base: 0x08000000, Load base: 0x08000000, Size: 0x0000e7f4, Max: 0x00100000, ABSOLUTE)

    Exec Addr    Load Addr    Size         Type   Attr      Idx    E Section Name        Object

    0x08000000   0x08000000   0x00000188   Data   RO          691    RESET               startup_stm32f4xx.o
    0x08000188   0x08000188   0x00000000   Code   RO          890  * .ARM.Collect$$$$00000000  mc_w.l(entry.o)
    0x08000188   0x08000188   0x00000004   Code   RO          911    .ARM.Collect$$$$00000001  mc_w.l(entry2.o)
    0x0800018c   0x0800018c   0x00000004   Code   RO          914    .ARM.Collect$$$$00000004  mc_w.l(entry5.o)
    0x08000190   0x08000190   0x00000000   Code   RO          916    .ARM.Collect$$$$00000008  mc_w.l(entry7b.o)
    0x08000190   0x08000190   0x00000000   Code   RO          918    .ARM.Collect$$$$0000000A  mc_w.l(entry8b.o)
    0x08000190   0x08000190   0x00000008   Code   RO          919    .ARM.Collect$$$$0000000B  mc_w.l(entry9a.o)
    0x08000198   0x08000198   0x00000000   Code   RO          921    .ARM.Collect$$$$0000000D  mc_w.l(entry10a.o)
    0x08000198   0x08000198   0x00000000   Code   RO          923    .ARM.Collect$$$$0000000F  mc_w.l(entry11a.o)
    0x08000198   0x08000198   0x00000004   Code   RO          912    .ARM.Collect$$$$00002712  mc_w.l(entry2.o)
    0x0800019c   0x0800019c   0x00000014   Code   RO            2    .text               main.o
    0x080001b0   0x080001b0   0x000000e0   Code   RO          112    .text               ano_scheduler.o
    0x08000290   0x08000290   0x00000704   Code   RO          160    .text               user_task.o
    0x08000994   0x08000994   0x000007d4   Code   RO          187    .text               ano_dt_lx.o
    0x08001168   0x08001168   0x00000488   Code   RO          222    .text               ano_lx.o
    0x080015f0   0x080015f0   0x000000e4   Code   RO          265    .text               lx_fc_ext_sensor.o
    0x080016d4   0x080016d4   0x00000340   Code   RO          288    .text               lx_fc_fun.o
    0x08001a14   0x08001a14   0x00000284   Code   RO          305    .text               lx_fc_state.o
    0x08001c98   0x08001c98   0x0000039c   Code   RO          328    .text               my_contrl.o
    0x08002034   0x08002034   0x000007d8   Code   RO          350    .text               my_uart.o
    0x0800280c   0x0800280c   0x00000190   Code   RO          380    .text               my_send_test.o
    0x0800299c   0x0800299c   0x000001ec   Code   RO          399    .text               my_get_data.o
    0x08002b88   0x08002b88   0x000006d4   Code   RO          421    .text               my_pid.o
    0x0800325c   0x0800325c   0x000004d8   Code   RO          443    .text               drv_bsp.o
    0x08003734   0x08003734   0x0000087c   Code   RO          469    .text               ano_math.o
    0x08003fb0   0x08003fb0   0x00000340   Code   RO          488    .text               drv_anoof.o
    0x080042f0   0x080042f0   0x000003a8   Code   RO          511    .text               drv_ubloxgps.o
    0x08004698   0x08004698   0x0000007c   Code   RO          531    .text               stm32f4xx_it.o
    0x08004714   0x08004714   0x00000108   Code   RO          547    .text               drv_sys.o
    0x0800481c   0x0800481c   0x00000194   Code   RO          572    .text               drv_adc.o
    0x080049b0   0x080049b0   0x0000011c   Code   RO          591    .text               drv_led.o
    0x08004acc   0x08004acc   0x0000037c   Code   RO          613    .text               drv_pwmout.o
    0x08004e48   0x08004e48   0x000001e4   Code   RO          629    .text               drv_rcin.o
    0x0800502c   0x0800502c   0x0000008c   Code   RO          646    .text               drv_timer.o
    0x080050b8   0x080050b8   0x00000a50   Code   RO          666    .text               drv_uart.o
    0x08005b08   0x08005b08   0x00000024   Code   RO          692    .text               startup_stm32f4xx.o
    0x08005b2c   0x08005b2c   0x00000210   Code   RO          697    .text               system_stm32f4xx.o
    0x08005d3c   0x08005d3c   0x000001c0   Code   RO          719    .text               misc.o
    0x08005efc   0x08005efc   0x00000fdc   Code   RO          736    .text               stm32f4xx_adc.o
    0x08006ed8   0x08006ed8   0x00001368   Code   RO          753    .text               stm32f4xx_dma.o
    0x08008240   0x08008240   0x000002d4   Code   RO          770    .text               stm32f4xx_exti.o
    0x08008514   0x08008514   0x000008c8   Code   RO          804    .text               stm32f4xx_gpio.o
    0x08008ddc   0x08008ddc   0x00000cfc   Code   RO          821    .text               stm32f4xx_rcc.o
    0x08009ad8   0x08009ad8   0x000031ec   Code   RO          857    .text               stm32f4xx_tim.o
    0x0800ccc4   0x0800ccc4   0x00000e24   Code   RO          874    .text               stm32f4xx_usart.o
    0x0800dae8   0x0800dae8   0x0000014e   Code   RO          893    .text               mf_w.l(dadd.o)
    0x0800dc36   0x0800dc36   0x000000e4   Code   RO          895    .text               mf_w.l(dmul.o)
    0x0800dd1a   0x0800dd1a   0x000000de   Code   RO          897    .text               mf_w.l(ddiv.o)
    0x0800ddf8   0x0800ddf8   0x00000022   Code   RO          899    .text               mf_w.l(dflti.o)
    0x0800de1a   0x0800de1a   0x0000003e   Code   RO          901    .text               mf_w.l(dfixi.o)
    0x0800de58   0x0800de58   0x00000026   Code   RO          903    .text               mf_w.l(f2d.o)
    0x0800de7e   0x0800de7e   0x00000002   PAD
    0x0800de80   0x0800de80   0x00000030   Code   RO          905    .text               mf_w.l(cdcmple.o)
    0x0800deb0   0x0800deb0   0x00000030   Code   RO          907    .text               mf_w.l(cdrcmple.o)
    0x0800dee0   0x0800dee0   0x00000038   Code   RO          909    .text               mf_w.l(d2f.o)
    0x0800df18   0x0800df18   0x0000001e   Code   RO          925    .text               mc_w.l(llshl.o)
    0x0800df36   0x0800df36   0x00000020   Code   RO          927    .text               mc_w.l(llushr.o)
    0x0800df56   0x0800df56   0x00000024   Code   RO          929    .text               mc_w.l(llsshr.o)
    0x0800df7a   0x0800df7a   0x00000000   Code   RO          931    .text               mc_w.l(iusefp.o)
    0x0800df7a   0x0800df7a   0x0000006e   Code   RO          932    .text               mf_w.l(fepilogue.o)
    0x0800dfe8   0x0800dfe8   0x000000ba   Code   RO          934    .text               mf_w.l(depilogue.o)
    0x0800e0a2   0x0800e0a2   0x00000002   PAD
    0x0800e0a4   0x0800e0a4   0x00000024   Code   RO          936    .text               mc_w.l(init.o)
    0x0800e0c8   0x0800e0c8   0x00000056   Code   RO          946    .text               mc_w.l(__dczerorl2.o)
    0x0800e11e   0x0800e11e   0x0000000e   Code   RO          940    i.__scatterload_copy  mc_w.l(handlers.o)
    0x0800e12c   0x0800e12c   0x00000002   Code   RO          941    i.__scatterload_null  mc_w.l(handlers.o)
    0x0800e12e   0x0800e12e   0x0000000e   Code   RO          942    i.__scatterload_zeroinit  mc_w.l(handlers.o)
    0x0800e13c   0x0800e13c   0x00000404   Data   RO          470    .constdata          ano_math.o
    0x0800e540   0x0800e540   0x00000048   Data   RO          720    .conststring        misc.o
    0x0800e588   0x0800e588   0x00000051   Data   RO          737    .conststring        stm32f4xx_adc.o
    0x0800e5d9   0x0800e5d9   0x00000003   PAD
    0x0800e5dc   0x0800e5dc   0x00000051   Data   RO          754    .conststring        stm32f4xx_dma.o
    0x0800e62d   0x0800e62d   0x00000003   PAD
    0x0800e630   0x0800e630   0x00000052   Data   RO          771    .conststring        stm32f4xx_exti.o
    0x0800e682   0x0800e682   0x00000002   PAD
    0x0800e684   0x0800e684   0x00000052   Data   RO          805    .conststring        stm32f4xx_gpio.o
    0x0800e6d6   0x0800e6d6   0x00000002   PAD
    0x0800e6d8   0x0800e6d8   0x00000051   Data   RO          822    .conststring        stm32f4xx_rcc.o
    0x0800e729   0x0800e729   0x00000003   PAD
    0x0800e72c   0x0800e72c   0x00000051   Data   RO          858    .conststring        stm32f4xx_tim.o
    0x0800e77d   0x0800e77d   0x00000003   PAD
    0x0800e780   0x0800e780   0x00000053   Data   RO          875    .conststring        stm32f4xx_usart.o
    0x0800e7d3   0x0800e7d3   0x00000001   PAD
    0x0800e7d4   0x0800e7d4   0x00000020   Data   RO          938    Region$$Table       anon$$obj.o


    Execution Region RW_IRAM1 (Exec base: 0x20000000, Load base: 0x0800e7f4, Size: 0x00001c30, Max: 0x00020000, ABSOLUTE, COMPRESSED[0x000000e8])

    Exec Addr    Load Addr    Size         Type   Attr      Idx    E Section Name        Object

    0x20000000   COMPRESSED   0x00000054   Data   RW          113    .data               ano_scheduler.o
    0x20000054   COMPRESSED   0x0000002a   Data   RW          161    .data               user_task.o
    0x2000007e   COMPRESSED   0x00000006   Data   RW          189    .data               ano_dt_lx.o
    0x20000084   COMPRESSED   0x00000030   Data   RW          224    .data               ano_lx.o
    0x200000b4   COMPRESSED   0x00000004   Data   RW          267    .data               lx_fc_ext_sensor.o
    0x200000b8   COMPRESSED   0x00000001   Data   RW          289    .data               lx_fc_fun.o
    0x200000b9   COMPRESSED   0x00000001   PAD
    0x200000ba   COMPRESSED   0x00000006   Data   RW          307    .data               lx_fc_state.o
    0x200000c0   COMPRESSED   0x0000008e   Data   RW          329    .data               my_contrl.o
    0x2000014e   COMPRESSED   0x00000002   PAD
    0x20000150   COMPRESSED   0x0000002b   Data   RW          352    .data               my_uart.o
    0x2000017b   COMPRESSED   0x00000005   PAD
    0x20000180   COMPRESSED   0x00000050   Data   RW          400    .data               my_get_data.o
    0x200001d0   COMPRESSED   0x00000099   Data   RW          422    .data               my_pid.o
    0x20000269   COMPRESSED   0x00000003   PAD
    0x2000026c   COMPRESSED   0x00000013   Data   RW          445    .data               drv_bsp.o
    0x2000027f   COMPRESSED   0x00000003   Data   RW          490    .data               drv_anoof.o
    0x20000282   COMPRESSED   0x000000b6   Data   RW          513    .data               drv_ubloxgps.o
    0x20000338   COMPRESSED   0x00000008   Data   RW          548    .data               drv_sys.o
    0x20000340   COMPRESSED   0x0000000c   Data   RW          592    .data               drv_led.o
    0x2000034c   COMPRESSED   0x00000004   Data   RW          630    .data               drv_rcin.o
    0x20000350   COMPRESSED   0x00000014   Data   RW          668    .data               drv_uart.o
    0x20000364   COMPRESSED   0x00000014   Data   RW          698    .data               system_stm32f4xx.o
    0x20000378   COMPRESSED   0x00000010   Data   RW          823    .data               stm32f4xx_rcc.o
    0x20000388        -       0x00000750   Zero   RW          188    .bss                ano_dt_lx.o
    0x20000ad8        -       0x00000040   Zero   RW          223    .bss                ano_lx.o
    0x20000b18        -       0x00000030   Zero   RW          266    .bss                lx_fc_ext_sensor.o
    0x20000b48        -       0x0000000b   Zero   RW          306    .bss                lx_fc_state.o
    0x20000b53        -       0x00000018   Zero   RW          351    .bss                my_uart.o
    0x20000b6b        -       0x0000001e   Zero   RW          381    .bss                my_send_test.o
    0x20000b89   COMPRESSED   0x00000001   PAD
    0x20000b8a        -       0x0000006b   Zero   RW          444    .bss                drv_bsp.o
    0x20000bf5   COMPRESSED   0x00000003   PAD
    0x20000bf8        -       0x0000007c   Zero   RW          489    .bss                drv_anoof.o
    0x20000c74        -       0x00000064   Zero   RW          512    .bss                drv_ubloxgps.o
    0x20000cd8        -       0x00000064   Zero   RW          573    .bss                drv_adc.o
    0x20000d3c        -       0x000006f4   Zero   RW          667    .bss                drv_uart.o
    0x20001430        -       0x00000800   Zero   RW          689    STACK               startup_stm32f4xx.o


==============================================================================

Image component sizes


      Code (inc. data)   RO Data    RW Data    ZI Data      Debug   Object Name

      2004         98          0          6       1872       6518   ano_dt_lx.o
      1160        112          0         48         64       6522   ano_lx.o
      2172        142       1028          0          0       7866   ano_math.o
       224         20          0         84          0       2164   ano_scheduler.o
       404         36          0          0        100       1997   drv_adc.o
       832         36          0          3        124       3234   drv_anoof.o
      1240         62          0         19        107       3706   drv_bsp.o
       284         12          0         12          0       2622   drv_led.o
       892         38          0          0          0       1895   drv_pwmout.o
       484         20          0          4          0       1484   drv_rcin.o
       264         12          0          8          0      20441   drv_sys.o
       140          4          0          0          0        963   drv_timer.o
      2640        170          0         20       1780       9155   drv_uart.o
       936         82          0        182        100       3527   drv_ubloxgps.o
       228         30          0          4         48       2763   lx_fc_ext_sensor.o
       832         12          0          1          0       3281   lx_fc_fun.o
       644         30          0          6         11       2143   lx_fc_state.o
        20          0          0          0          0     300289   main.o
       448         30         72          0          0       2361   misc.o
       924        108          0        142          0       5553   my_contrl.o
       492        110          0         80          0       1324   my_get_data.o
      1748        184          0        153          0       8021   my_pid.o
       400          6          0          0         30       1931   my_send_test.o
      2008        212          0         43         24       6783   my_uart.o
        36          8        392          0       2048        988   startup_stm32f4xx.o
      4060        104         81          0          0      13674   stm32f4xx_adc.o
      4968        316         81          0          0       9285   stm32f4xx_dma.o
       724         14         82          0          0       3039   stm32f4xx_exti.o
      2248         86         82          0          0       5741   stm32f4xx_gpio.o
       124          4          0          0          0       2362   stm32f4xx_it.o
      3324        218         81         16          0      13919   stm32f4xx_rcc.o
     12780        628         81          0          0      31528   stm32f4xx_tim.o
      3620        116         83          0          0      10408   stm32f4xx_usart.o
       528         46          0         20          0       2315   system_stm32f4xx.o
      1796        166          0         42          0       7765   user_task.o

    ----------------------------------------------------------------------
     55628       3272       2112        904       6312     507567   Object Totals
         0          0         32          0          0          0   (incl. Generated)
         0          0         17         11          4          0   (incl. Padding)

    ----------------------------------------------------------------------

      Code (inc. data)   RO Data    RW Data    ZI Data      Debug   Library Member Name

        86          0          0          0          0          0   __dczerorl2.o
         0          0          0          0          0          0   entry.o
         0          0          0          0          0          0   entry10a.o
         0          0          0          0          0          0   entry11a.o
         8          4          0          0          0          0   entry2.o
         4          0          0          0          0          0   entry5.o
         0          0          0          0          0          0   entry7b.o
         0          0          0          0          0          0   entry8b.o
         8          4          0          0          0          0   entry9a.o
        30          0          0          0          0          0   handlers.o
        36          8          0          0          0         68   init.o
         0          0          0          0          0          0   iusefp.o
        30          0          0          0          0         68   llshl.o
        36          0          0          0          0         68   llsshr.o
        32          0          0          0          0         68   llushr.o
        48          0          0          0          0         68   cdcmple.o
        48          0          0          0          0         68   cdrcmple.o
        56          0          0          0          0         88   d2f.o
       334          0          0          0          0        148   dadd.o
       222          0          0          0          0        100   ddiv.o
       186          0          0          0          0        176   depilogue.o
        62          0          0          0          0         80   dfixi.o
        34          0          0          0          0         76   dflti.o
       228          0          0          0          0         96   dmul.o
        38          0          0          0          0         68   f2d.o
       110          0          0          0          0        168   fepilogue.o

    ----------------------------------------------------------------------
      1640         16          0          0          0       1408   Library Totals
         4          0          0          0          0          0   (incl. Padding)

    ----------------------------------------------------------------------

      Code (inc. data)   RO Data    RW Data    ZI Data      Debug   Library Name

       270         16          0          0          0        272   mc_w.l
      1366          0          0          0          0       1136   mf_w.l

    ----------------------------------------------------------------------
      1640         16          0          0          0       1408   Library Totals

    ----------------------------------------------------------------------

==============================================================================


      Code (inc. data)   RO Data    RW Data    ZI Data      Debug   

     57268       3288       2112        904       6312     502335   Grand Totals
     57268       3288       2112        232       6312     502335   ELF Image Totals (compressed)
     57268       3288       2112        232          0          0   ROM Totals

==============================================================================

    Total RO  Size (Code + RO Data)                59380 (  57.99kB)
    Total RW  Size (RW Data + ZI Data)              7216 (   7.05kB)
    Total ROM Size (Code + RO Data + RW Data)      59612 (  58.21kB)

==============================================================================

