Component: ARM Compiler 5.06 update 5 (build 528) Tool: armlink [4d35e2]

==============================================================================

Section Cross References

    main.o(.text) refers to drv_bsp.o(.text) for All_Init
    main.o(.text) refers to ano_scheduler.o(.text) for Scheduler_Setup
    ano_scheduler.o(.text) refers to my_get_data.o(.text) for get_data
    ano_scheduler.o(.text) refers to my_pid.o(.text) for PID
    ano_scheduler.o(.text) refers to my_send_test.o(.text) for my_send_esp_4_test
    ano_scheduler.o(.text) refers to user_task.o(.text) for UserTask_OneKeyCmd
    ano_scheduler.o(.text) refers to drv_sys.o(.text) for GetSysRunTimeMs
    ano_scheduler.o(.text) refers to my_get_data.o(.data) for yaw_slam
    ano_scheduler.o(.text) refers to ano_scheduler.o(.data) for sched_tasks
    ano_scheduler.o(.data) refers to ano_scheduler.o(.text) for Loop_1000Hz
    user_task.o(.text) refers to my_contrl.o(.text) for get_corrected_dis_x
    user_task.o(.text) refers to my_pid.o(.text) for pid_set_radar_xy_limit
    user_task.o(.text) refers to dfixi.o(.text) for __aeabi_d2iz
    user_task.o(.text) refers to my_uart.o(.text) for MY_uart_maixcam_send
    user_task.o(.text) refers to my_contrl.o(.data) for mission_step
    user_task.o(.text) refers to user_task.o(.data) for s_last_step
    user_task.o(.text) refers to my_get_data.o(.data) for dis_x_slam
    user_task.o(.text) refers to user_task.o(.constdata) for route_0
    user_task.o(.text) refers to drv_bsp.o(.bss) for rc_in
    user_task.o(.text) refers to my_uart.o(.data) for g_maixcam_valid_frame_cnt
    user_task.o(.text) refers to my_send_test.o(.text) for my_send_esp_1_test
    user_task.o(.text) refers to lx_fc_fun.o(.text) for OneKey_Land
    ano_dt_lx.o(.text) refers to drv_uart.o(.text) for DrvUart5SendBuf
    ano_dt_lx.o(.text) refers to ano_dt_lx.o(.bss) for dt
    ano_dt_lx.o(.text) refers to ano_lx.o(.bss) for pwm_to_esc
    ano_dt_lx.o(.text) refers to drv_led.o(.data) for led
    ano_dt_lx.o(.text) refers to lx_fc_state.o(.bss) for fc_sta
    ano_dt_lx.o(.text) refers to ano_lx.o(.data) for fc_vel
    ano_dt_lx.o(.text) refers to ano_dt_lx.o(.data) for rxstate
    ano_dt_lx.o(.text) refers to lx_fc_ext_sensor.o(.bss) for ext_sens
    ano_dt_lx.o(.text) refers to drv_bsp.o(.bss) for rc_in
    ano_lx.o(.text) refers to lx_fc_fun.o(.text) for LX_Change_Mode
    ano_lx.o(.text) refers to ano_math.o(.text) for my_deadzone
    ano_lx.o(.text) refers to drv_pwmout.o(.text) for DrvMotorPWMSet
    ano_lx.o(.text) refers to drv_adc.o(.text) for Drv_AdcGetBatVot
    ano_lx.o(.text) refers to drv_bsp.o(.text) for DrvRcInputTask
    ano_lx.o(.text) refers to lx_fc_state.o(.text) for LX_FC_State_Task
    ano_lx.o(.text) refers to drv_anoof.o(.text) for AnoOF_Check_State
    ano_lx.o(.text) refers to drv_uart.o(.text) for DrvUartDataCheck
    ano_lx.o(.text) refers to drv_ubloxgps.o(.text) for GPS_Data_Prepare_Task
    ano_lx.o(.text) refers to lx_fc_ext_sensor.o(.text) for LX_FC_EXT_Sensor_Task
    ano_lx.o(.text) refers to drv_bsp.o(.bss) for rc_in
    ano_lx.o(.text) refers to ano_lx.o(.data) for mod_f
    ano_lx.o(.text) refers to lx_fc_state.o(.data) for sti_fun
    ano_lx.o(.text) refers to ano_lx.o(.bss) for rt_tar
    ano_lx.o(.text) refers to my_contrl.o(.data) for my_give_vel_yaw
    ano_lx.o(.text) refers to ano_dt_lx.o(.bss) for dt
    ano_lx.o(.text) refers to lx_fc_state.o(.bss) for fc_sta
    ano_lx.o(.text) refers to ano_dt_lx.o(.text) for ANO_LX_Data_Exchange_Task
    ano_lx.o(.text) refers to drv_led.o(.text) for LED_1ms_DRV
    lx_fc_ext_sensor.o(.text) refers to drv_anoof.o(.bss) for ano_of
    lx_fc_ext_sensor.o(.text) refers to lx_fc_ext_sensor.o(.data) for of_alt_update_cnt
    lx_fc_ext_sensor.o(.text) refers to lx_fc_ext_sensor.o(.bss) for ext_sens
    lx_fc_ext_sensor.o(.text) refers to ano_dt_lx.o(.bss) for dt
    lx_fc_fun.o(.text) refers to ano_dt_lx.o(.text) for CMD_Send
    lx_fc_fun.o(.text) refers to lx_fc_state.o(.bss) for fc_sta
    lx_fc_fun.o(.text) refers to ano_dt_lx.o(.bss) for dt
    lx_fc_fun.o(.text) refers to lx_fc_fun.o(.data) for old_mode
    lx_fc_state.o(.text) refers to lx_fc_fun.o(.text) for FC_Unlock
    lx_fc_state.o(.text) refers to drv_bsp.o(.bss) for rc_in
    lx_fc_state.o(.text) refers to lx_fc_state.o(.data) for sti_fun
    lx_fc_state.o(.text) refers to lx_fc_state.o(.bss) for fc_sta
    my_contrl.o(.text) refers to my_send_test.o(.text) for my_send_esp_1_test
    my_contrl.o(.text) refers to d2f.o(.text) for __aeabi_d2f
    my_contrl.o(.text) refers to dflti.o(.text) for __aeabi_i2d
    my_contrl.o(.text) refers to dadd.o(.text) for __aeabi_dadd
    my_contrl.o(.text) refers to dfixi.o(.text) for __aeabi_d2iz
    my_contrl.o(.text) refers to my_contrl.o(.data) for keep_hight_flag
    my_contrl.o(.text) refers to my_get_data.o(.data) for dis_x_slam
    my_uart.o(.text) refers to my_send_test.o(.text) for my_send_maixcam
[...]
    time_dly                                 0x2000008b   Data           1  ano_dt_lx.o(.data)
    .data                                    0x2000008c   Section       48  ano_lx.o(.data)
    fail_safe_change_mod                     0x200000ae   Data           1  ano_lx.o(.data)
    fail_safe_return_home                    0x200000af   Data           1  ano_lx.o(.data)
    mod_f                                    0x200000b0   Data           3  ano_lx.o(.data)
    mod_f_time_cnt                           0x200000b4   Data           2  ano_lx.o(.data)
    esc_calibrated                           0x200000b6   Data           1  ano_lx.o(.data)
    tmp_cnt                                  0x200000b8   Data           4  ano_lx.o(.data)
    .data                                    0x200000bc   Section        4  lx_fc_ext_sensor.o(.data)
    of_update_cnt                            0x200000bc   Data           1  lx_fc_ext_sensor.o(.data)
    of_alt_update_cnt                        0x200000bd   Data           1  lx_fc_ext_sensor.o(.data)
    dT_ms                                    0x200000be   Data           1  lx_fc_ext_sensor.o(.data)
    of_alt_update_cnt                        0x200000bf   Data           1  lx_fc_ext_sensor.o(.data)
    .data                                    0x200000c0   Section        1  lx_fc_fun.o(.data)
    old_mode                                 0x200000c0   Data           1  lx_fc_fun.o(.data)
    .data                                    0x200000c2   Section        6  lx_fc_state.o(.data)
    time_dly_cnt_ms                          0x200000c4   Data           2  lx_fc_state.o(.data)
    unlock_lock_flag                         0x200000c6   Data           1  lx_fc_state.o(.data)
    cali_f                                   0x200000c7   Data           1  lx_fc_state.o(.data)
    .data                                    0x200000c8   Section      142  my_contrl.o(.data)
    .data                                    0x20000158   Section       43  my_uart.o(.data)
    rxstate                                  0x2000016c   Data           1  my_uart.o(.data)
    esp_datatemp                             0x2000016d   Data           8  my_uart.o(.data)
    data_index                               0x20000175   Data           1  my_uart.o(.data)
    rxstate                                  0x20000176   Data           1  my_uart.o(.data)
    data_index                               0x20000177   Data           1  my_uart.o(.data)
    data_cnt                                 0x20000178   Data           4  my_uart.o(.data)
    data_1                                   0x2000017c   Data           1  my_uart.o(.data)
    data_2                                   0x2000017d   Data           1  my_uart.o(.data)
    data_3                                   0x2000017e   Data           1  my_uart.o(.data)
    data_4                                   0x2000017f   Data           1  my_uart.o(.data)
    data_5                                   0x20000180   Data           1  my_uart.o(.data)
    rxstate                                  0x20000181   Data           1  my_uart.o(.data)
    data_index                               0x20000182   Data           1  my_uart.o(.data)
    .data                                    0x20000188   Section       80  my_get_data.o(.data)
    .data                                    0x200001d8   Section      153  my_pid.o(.data)
    error_last                               0x20000264   Data           4  my_pid.o(.data)
    last_cam_x                               0x20000268   Data           4  my_pid.o(.data)
    last_cam_y                               0x2000026c   Data           4  my_pid.o(.data)
    cam_d_inited                             0x20000270   Data           1  my_pid.o(.data)
    .data                                    0x20000274   Section       19  drv_bsp.o(.data)
    ch_sta                                   0x20000274   Data           1  drv_bsp.o(.data)
    sbus_time                                0x20000278   Data           8  drv_bsp.o(.data)
    cnt                                      0x20000280   Data           1  drv_bsp.o(.data)
    frame_cnt                                0x20000281   Data           1  drv_bsp.o(.data)
    cnt_tmp                                  0x20000282   Data           1  drv_bsp.o(.data)
    time_dly                                 0x20000284   Data           2  drv_bsp.o(.data)
    failsafe                                 0x20000286   Data           1  drv_bsp.o(.data)
    .data                                    0x20000287   Section        3  drv_anoof.o(.data)
    _data_len                                0x20000287   Data           1  drv_anoof.o(.data)
    _data_cnt                                0x20000288   Data           1  drv_anoof.o(.data)
    rxstate                                  0x20000289   Data           1  drv_anoof.o(.data)
    .data                                    0x2000028a   Section      182  drv_ubloxgps.o(.data)
    protocol_class                           0x20000339   Data           1  drv_ubloxgps.o(.data)
    protocol_id                              0x2000033a   Data           1  drv_ubloxgps.o(.data)
    protocol_length_t                        0x2000033b   Data           1  drv_ubloxgps.o(.data)
    protocol_length                          0x2000033c   Data           2  drv_ubloxgps.o(.data)
    state                                    0x2000033f   Data           1  drv_ubloxgps.o(.data)
    .data                                    0x20000340   Section        8  drv_sys.o(.data)
    SysRunTimeMs                             0x20000340   Data           8  drv_sys.o(.data)
    .data                                    0x20000348   Section       12  drv_led.o(.data)
    led_cnt                                  0x2000034c   Data           8  drv_led.o(.data)
    .data                                    0x20000354   Section        4  drv_rcin.o(.data)
    temp_cnt                                 0x20000354   Data           4  drv_rcin.o(.data)
    .data                                    0x20000358   Section       20  drv_uart.o(.data)
    .data                                    0x2000036c   Section       20  system_stm32f4xx.o(.data)
    .data                                    0x20000380   Section       16  stm32f4xx_rcc.o(.data)
    APBAHBPrescTable                         0x20000380   Data          16  stm32f4xx_rcc.o(.data)
    .bss                                     0x20000390   Section     1872  ano_dt_lx.o(.bss)
    DT_RxBuffer                              0x200009e0   Data         256  ano_dt_lx.o(.bss)
    .bss                                     0x20000ae0   Section       64  ano_lx.o(.bss)
    pwm                                      0x20000b10   Data          16  ano_lx.o(.bss)
    .bss                                     0x20000b20   Section       48  lx_fc_ext_sensor.o(.bss)
    .bss                                     0x20000b50   Section       11  lx_fc_state.o(.bss)
    .bss                                     0x20000b5b   Section       24  my_uart.o(.bss)
    slam_datatemp                            0x20000b5b   Data          14  my_uart.o(.bss)
    maixcam_datatemp                         0x20000b69   Data          10  my_uart.o(.bss)
    .bss                                     0x20000b73   Section       30  my_send_test.o(.bss)
    .bss                                     0x20000b92   Section      107  drv_bsp.o(.bss)
    datatmp                                  0x20000be4   Data          25  drv_bsp.o(.bss)
    .bss                                     0x20000c00   Section      124  drv_anoof.o(.bss)
    _datatemp                                0x20000c3c   Data          50  drv_anoof.o(.bss)
    check_time_ms                            0x20000c70   Data          12  drv_anoof.o(.bss)
    .bss                                     0x20000c7c   Section      100  drv_ubloxgps.o(.bss)
    .bss                                     0x20000ce0   Section      100  drv_adc.o(.bss)
    .bss                                     0x20000d44   Section     1780  drv_uart.o(.bss)
    STACK                                    0x20001438   Section     2048  startup_stm32f4xx.o(STACK)

    Global Symbols

    Symbol Name                              Value     Ov Type        Size  Object(Section)

    BuildAttributes$$THM_ISAv4$E$P$D$K$B$S$7EM$VFPi3$EXTD16$VFPS$VFMA$PE$A:L22UL41UL21$X:L11$S22US41US21$IEEE1$IW$USESV6$~STKCKD$USESV7$~SHL$OTIME$ROPI$EBA8$MICROLIB$REQ8$PRES8$EABIv2 0x00000000   Number         0  anon$$obj.o ABSOLUTE
    __ARM_use_no_argv                        0x00000000   Number         0  main.o ABSOLUTE
    __cpp_initialize__aeabi_                  - Undefined Weak Reference
    __cxa_finalize                            - Undefined Weak Reference
    _clock_init                               - Undefined Weak Reference
    _microlib_exit                            - Undefined Weak Reference
    __Vectors_Size                           0x00000188   Number         0  startup_stm32f4xx.o ABSOLUTE
    __Vectors                                0x08000000   Data           4  startup_stm32f4xx.o(RESET)
    __Vectors_End                            0x08000188   Data           0  startup_stm32f4xx.o(RESET)
    __main                                   0x08000189   Thumb Code     0  entry.o(.ARM.Collect$$$$00000000)
    _main_stk                                0x08000189   Thumb Code     0  entry2.o(.ARM.Collect$$$$00000001)
    _main_scatterload                        0x0800018d   Thumb Code     0  entry5.o(.ARM.Collect$$$$00000004)
    __main_after_scatterload                 0x08000191   Thumb Code     0  entry5.o(.ARM.Collect$$$$00000004)
    _main_clock                              0x08000191   Thumb Code     0  entry7b.o(.ARM.Collect$$$$00000008)
    _main_cpp_init                           0x08000191   Thumb Code     0  entry8b.o(.ARM.Collect$$$$0000000A)
    _main_init                               0x08000191   Thumb Code     0  entry9a.o(.ARM.Collect$$$$0000000B)
    __rt_final_cpp                           0x08000199   Thumb Code     0  entry10a.o(.ARM.Collect$$$$0000000D)
    __rt_final_exit                          0x08000199   Thumb Code     0  entry11a.o(.ARM.Collect$$$$0000000F)
    assert_failed                            0x0800019d   Thumb Code     4  main.o(.text)
    main                                     0x080001a1   Thumb Code    16  main.o(.text)
    Scheduler_Setup                          0x080001e5   Thumb Code    76  ano_scheduler.o(.text)
    Scheduler_Run                            0x08000231   Thumb Code    76  ano_scheduler.o(.text)
    UserTask_OneKeyCmd                       0x08000a91   Thumb Code  1614  user_task.o(.text)
    ANO_DT_Init                              0x080010f5   Thumb Code   166  ano_dt_lx.o(.text)
    CK_Back                                  0x080011ab   Thumb Code    12  ano_dt_lx.o(.text)
    PAR_Back                                 0x080011b7   Thumb Code    14  ano_dt_lx.o(.text)
    ANO_DT_LX_Data_Receive_Prepare           0x080013e3   Thumb Code   314  ano_dt_lx.o(.text)
    CMD_Send                                 0x080017eb   Thumb Code    22  ano_dt_lx.o(.text)
    ANO_LX_Data_Exchange_Task                0x08001801   Thumb Code    68  ano_dt_lx.o(.text)
    ANO_LX_Task                              0x08001c4f   Thumb Code   258  ano_lx.o(.text)
    LX_FC_EXT_Sensor_Task                    0x08001d51   Thumb Code    78  lx_fc_ext_sensor.o(.text)
    FC_Unlock                                0x08001e35   Thumb Code    56  lx_fc_fun.o(.text)
    FC_Lock                                  0x08001e6d   Thumb Code    56  lx_fc_fun.o(.text)
    LX_Change_Mode                           0x08001ea5   Thumb Code    80  lx_fc_fun.o(.text)
    OneKey_Return_Home                       0x08001ef5   Thumb Code    50  lx_fc_fun.o(.text)
    OneKey_Takeoff                           0x08001f27   Thumb Code    66  lx_fc_fun.o(.text)
    OneKey_Land                              0x08001f69   Thumb Code    50  lx_fc_fun.o(.text)
    Horizontal_Move                          0x08001f9b   Thumb Code    98  lx_fc_fun.o(.text)
    Fly_left_trun                            0x08001ffd   Thumb Code    82  lx_fc_fun.o(.text)
    Fly_right_trun                           0x0800204f   Thumb Code    82  lx_fc_fun.o(.text)
    Horizontal_Calibrate                     0x080020a1   Thumb Code    50  lx_fc_fun.o(.text)
    Mag_Calibrate                            0x080020d3   Thumb Code    50  lx_fc_fun.o(.text)
    ACC_Calibrate                            0x08002105   Thumb Code    50  lx_fc_fun.o(.text)
    GYR_Calibrate                            0x08002137   Thumb Code    50  lx_fc_fun.o(.text)
    LX_Cali_Trig_Check                       0x0800232b   Thumb Code   150  lx_fc_state.o(.text)
    LX_FC_State_Task                         0x080023c1   Thumb Code    26  lx_fc_state.o(.text)
    mode_select                              0x080023f9   Thumb Code    96  my_contrl.o(.text)
    all_data_init                            0x08002459   Thumb Code    12  my_contrl.o(.text)
    my_delay_ms                              0x08002465   Thumb Code    48  my_contrl.o(.text)
    normalize_angle                          0x08002495   Thumb Code    58  my_contrl.o(.text)
    yaw_set_hold_target                      0x080024cf   Thumb Code    32  my_contrl.o(.text)
    yaw_hold_current                         0x080024ef   Thumb Code    54  my_contrl.o(.text)
    yaw_set_turn_delta                       0x08002525   Thumb Code    60  my_contrl.o(.text)
    left_turn                                0x08002561   Thumb Code    18  my_contrl.o(.text)
    right_turn                               0x08002573   Thumb Code    18  my_contrl.o(.text)
    yaw_get_error                            0x08002585   Thumb Code    94  my_contrl.o(.text)
    yaw_arrived                              0x080025e3   Thumb Code    54  my_contrl.o(.text)
    emergency_stop                           0x08002619   Thumb Code    12  my_contrl.o(.text)
    set_dis_zero                             0x08002625   Thumb Code    24  my_contrl.o(.text)
    get_corrected_dis_x                      0x0800263d   Thumb Code    10  my_contrl.o(.text)
    get_corrected_dis_y                      0x08002647   Thumb Code    10  my_contrl.o(.text)
    dis_target_select                        0x08002651   Thumb Code   230  my_contrl.o(.text)
    MY_uart_maixcam_clear_state              0x080027bd   Thumb Code    34  my_uart.o(.text)
    MY_uart_maixcam_send                     0x080027df   Thumb Code    24  my_uart.o(.text)
    MY_uart_esp_anl                          0x080027f7   Thumb Code   152  my_uart.o(.text)
    MY_uart_esp_receive                      0x0800288f   Thumb Code   390  my_uart.o(.text)
    MY_uart_radio_anl                        0x08002a15   Thumb Code   184  my_uart.o(.text)
    MY_uart_radio_receive                    0x08002acd   Thumb Code   304  my_uart.o(.text)
    MY_uart_radio_send                       0x08002bfd   Thumb Code    20  my_uart.o(.text)
    MY_uart_K230_receive                     0x08002c11   Thumb Code   294  my_uart.o(.text)
    MY_uart_K230_send                        0x08002d37   Thumb Code    20  my_uart.o(.text)
    MY_uart_maixcam_anl                      0x08002d4b   Thumb Code   214  my_uart.o(.text)
    MY_uart_maixcam_receive                  0x08002e21   Thumb Code   228  my_uart.o(.text)
    my_send_esp_4_test                       0x08002f65   Thumb Code   220  my_send_test.o(.text)
    my_send_esp_1_test                       0x08003041   Thumb Code   136  my_send_test.o(.text)
    my_send_esp_qr_message                   0x080030c9   Thumb Code   116  my_send_test.o(.text)
    my_send_maixcam                          0x0800313d   Thumb Code    38  my_send_test.o(.text)
    get_data                                 0x08003169   Thumb Code   382  my_get_data.o(.text)
    Limit_max_int                            0x08003363   Thumb Code    18  my_pid.o(.text)
    pid_set_optical_xy_limit                 0x0800338b   Thumb Code    16  my_pid.o(.text)
    pid_set_radar_xy_limit                   0x0800339b   Thumb Code    16  my_pid.o(.text)
    pid_set_mv_xy_limit                      0x080033ab   Thumb Code    16  my_pid.o(.text)
    pid_get_optical_xy_limit                 0x080033bb   Thumb Code     6  my_pid.o(.text)
    pid_get_radar_xy_limit                   0x080033c1   Thumb Code     6  my_pid.o(.text)
    pid_get_mv_xy_limit                      0x080033c7   Thumb Code     6  my_pid.o(.text)
    keep_hight                               0x080037fb   Thumb Code    20  my_pid.o(.text)
    keep_dis                                 0x0800380f   Thumb Code   104  my_pid.o(.text)
    keep_yaw                                 0x080038a3   Thumb Code    40  my_pid.o(.text)
    PID                                      0x080038cb   Thumb Code   234  my_pid.o(.text)
    DrvRcInputInit                           0x08003a29   Thumb Code    20  drv_bsp.o(.text)
    All_Init                                 0x08003a3d   Thumb Code   106  drv_bsp.o(.text)
    DrvPpmGetOneCh                           0x08003aa7   Thumb Code    92  drv_bsp.o(.text)
    DrvSbusGetOneByte                        0x08003b03   Thumb Code   560  drv_bsp.o(.text)
    DrvRcInputTask                           0x08003ddb   Thumb Code   276  drv_bsp.o(.text)
    my_abs                                   0x08003f01   Thumb Code    26  ano_math.o(.text)
    fast_atan2                               0x08003f1b   Thumb Code   350  ano_math.o(.text)
    my_atan                                  0x08004079   Thumb Code    24  ano_math.o(.text)
    my_sqrt_reciprocal                       0x08004091   Thumb Code    76  ano_math.o(.text)
    my_sqrt                                  0x080040dd   Thumb Code    20  ano_math.o(.text)
    mx_sin                                   0x080040f1   Thumb Code   292  ano_math.o(.text)
    my_sin                                   0x08004215   Thumb Code   108  ano_math.o(.text)
    my_cos                                   0x08004281   Thumb Code   136  ano_math.o(.text)
    my_deadzone                              0x08004309   Thumb Code   152  ano_math.o(.text)
    my_deadzone_2                            0x080043a1   Thumb Code    48  ano_math.o(.text)
    my_HPF                                   0x080043d1   Thumb Code   346  ano_math.o(.text)
    To_180_degrees_db                        0x0800452b   Thumb Code   108  ano_math.o(.text)
    length_limit                             0x08004597   Thumb Code   140  ano_math.o(.text)
    fifo                                     0x08004623   Thumb Code    42  ano_math.o(.text)
    rot_vec_2                                0x0800464d   Thumb Code    84  ano_math.o(.text)
    vec_2_cross_product                      0x080046a1   Thumb Code    26  ano_math.o(.text)
    vec_2_dot_product                        0x080046bb   Thumb Code    26  ano_math.o(.text)
    vec_3_cross_product_err_sinx             0x080046d5   Thumb Code    86  ano_math.o(.text)
    vec_3_dot_product                        0x0800472b   Thumb Code    38  ano_math.o(.text)
    AnoOF_Check_State                        0x0800477d   Thumb Code   180  drv_anoof.o(.text)
    AnoOF_GetOneByte                         0x0800499d   Thumb Code   252  drv_anoof.o(.text)
    GPS_Data_Prepare_Task                    0x08004abd   Thumb Code   306  drv_ubloxgps.o(.text)
    GPS_Rate_H                               0x08004bef   Thumb Code    12  drv_ubloxgps.o(.text)
    GPS_Rate_L                               0x08004bfb   Thumb Code    12  drv_ubloxgps.o(.text)
    Init_GPS                                 0x08004c07   Thumb Code   196  drv_ubloxgps.o(.text)
    UBLOX_M8_GPS_Data_Receive                0x08004ccb   Thumb Code   328  drv_ubloxgps.o(.text)
    NMI_Handler                              0x08004e65   Thumb Code     2  stm32f4xx_it.o(.text)
    MemManage_Handler                        0x08004e67   Thumb Code     4  stm32f4xx_it.o(.text)
    BusFault_Handler                         0x08004e6b   Thumb Code     4  stm32f4xx_it.o(.text)
    UsageFault_Handler                       0x08004e6f   Thumb Code     4  stm32f4xx_it.o(.text)
    SVC_Handler                              0x08004e73   Thumb Code     2  stm32f4xx_it.o(.text)
    DebugMon_Handler                         0x08004e75   Thumb Code     2  stm32f4xx_it.o(.text)
    EXTI9_5_IRQHandler                       0x08004e77   Thumb Code    18  stm32f4xx_it.o(.text)
    TIM3_IRQHandler                          0x08004e89   Thumb Code     8  stm32f4xx_it.o(.text)
    TIM4_IRQHandler                          0x08004e91   Thumb Code     2  stm32f4xx_it.o(.text)
    TIM7_IRQHandler                          0x08004e93   Thumb Code    26  stm32f4xx_it.o(.text)
    USART1_IRQHandler                        0x08004ead   Thumb Code     8  stm32f4xx_it.o(.text)
    USART2_IRQHandler                        0x08004eb5   Thumb Code     8  stm32f4xx_it.o(.text)
    USART3_IRQHandler                        0x08004ebd   Thumb Code     8  stm32f4xx_it.o(.text)
    UART4_IRQHandler                         0x08004ec5   Thumb Code     8  stm32f4xx_it.o(.text)
    UART5_IRQHandler                         0x08004ecd   Thumb Code     8  stm32f4xx_it.o(.text)
    USART6_IRQHandler                        0x08004ed5   Thumb Code     8  stm32f4xx_it.o(.text)
    SysTick_Init                             0x08004ee1   Thumb Code   100  drv_sys.o(.text)
    SysTick_Handler                          0x08004f45   Thumb Code    20  drv_sys.o(.text)
    GetSysRunTimeMs                          0x08004f59   Thumb Code     6  drv_sys.o(.text)
    GetSysRunTimeUs                          0x08004f5f   Thumb Code    62  drv_sys.o(.text)
    MyDelayUs                                0x08004f9d   Thumb Code    24  drv_sys.o(.text)
    MyDelayMs                                0x08004fb5   Thumb Code    24  drv_sys.o(.text)
    DrvSysInit                               0x08004fcd   Thumb Code    16  drv_sys.o(.text)
    DrvAdcInit                               0x08005055   Thumb Code   168  drv_adc.o(.text)
    Drv_AdcGetBatVot                         0x080050fd   Thumb Code    92  drv_adc.o(.text)
    DvrLedInit                               0x0800517d   Thumb Code   112  drv_led.o(.text)
    LED_On_Off                               0x080051ed   Thumb Code    82  drv_led.o(.text)
    LED_1ms_DRV                              0x0800523f   Thumb Code    78  drv_led.o(.text)
    DrvPwmOutInit                            0x08005299   Thumb Code   742  drv_pwmout.o(.text)
    DrvMotorPWMSet                           0x0800557f   Thumb Code   112  drv_pwmout.o(.text)
    DrvRcPpmInit                             0x08005615   Thumb Code   176  drv_rcin.o(.text)
    PPM_IRQH                                 0x080056c5   Thumb Code    82  drv_rcin.o(.text)
    DrvRcSbusInit                            0x08005717   Thumb Code   166  drv_rcin.o(.text)
    Sbus_IRQH                                0x080057bd   Thumb Code    40  drv_rcin.o(.text)
    TIM_CONF                                 0x080057f9   Thumb Code    80  drv_timer.o(.text)
    TIM_NVIC                                 0x08005849   Thumb Code    32  drv_timer.o(.text)
    DrvTimerFcInit                           0x08005869   Thumb Code    24  drv_timer.o(.text)
    NoUse                                    0x08005885   Thumb Code     2  drv_uart.o(.text)
    DrvUart1Init                             0x08005887   Thumb Code   246  drv_uart.o(.text)
    DrvUart1SendBuf                          0x0800597d   Thumb Code    60  drv_uart.o(.text)
    drvU1GetByte                             0x080059b9   Thumb Code    32  drv_uart.o(.text)
    drvU1DataCheck                           0x080059d9   Thumb Code    52  drv_uart.o(.text)
    Usart1_IRQ                               0x08005a0d   Thumb Code   110  drv_uart.o(.text)
    DrvUart2Init                             0x08005a7b   Thumb Code   234  drv_uart.o(.text)
    DrvUart2SendBuf                          0x08005b65   Thumb Code    62  drv_uart.o(.text)
    drvU2GetByte                             0x08005ba3   Thumb Code    32  drv_uart.o(.text)
    drvU2DataCheck                           0x08005bc3   Thumb Code    52  drv_uart.o(.text)
    Usart2_IRQ                               0x08005bf7   Thumb Code   120  drv_uart.o(.text)
    DrvUart3Init                             0x08005c6f   Thumb Code   312  drv_uart.o(.text)
    DrvUart3SendBuf                          0x08005da7   Thumb Code    62  drv_uart.o(.text)
    drvU3GetByte                             0x08005de5   Thumb Code    32  drv_uart.o(.text)
    drvU3DataCheck                           0x08005e05   Thumb Code    52  drv_uart.o(.text)
    Usart3_IRQ                               0x08005e39   Thumb Code   120  drv_uart.o(.text)
    DrvUart4Init                             0x08005eb1   Thumb Code   200  drv_uart.o(.text)
    DrvUart4SendBuf                          0x08005f79   Thumb Code    62  drv_uart.o(.text)
    drvU4GetByte                             0x08005fb7   Thumb Code    32  drv_uart.o(.text)
    drvU4DataCheck                           0x08005fd7   Thumb Code    52  drv_uart.o(.text)
    Uart4_IRQ                                0x0800600b   Thumb Code   120  drv_uart.o(.text)
    DrvUart5Init                             0x08006083   Thumb Code   288  drv_uart.o(.text)
    DrvUart5SendBuf                          0x080061a3   Thumb Code    60  drv_uart.o(.text)
    drvU5GetByte                             0x080061df   Thumb Code    32  drv_uart.o(.text)
    drvU5DataCheck                           0x080061ff   Thumb Code    52  drv_uart.o(.text)
    Uart5_IRQ                                0x08006233   Thumb Code   110  drv_uart.o(.text)
    DrvUartDataCheck                         0x080062a1   Thumb Code    24  drv_uart.o(.text)
    Reset_Handler                            0x080062d5   Thumb Code     8  startup_stm32f4xx.o(.text)
    HardFault_Handler                        0x080062df   Thumb Code     2  startup_stm32f4xx.o(.text)
    PendSV_Handler                           0x080062eb   Thumb Code     2  startup_stm32f4xx.o(.text)
    ADC_IRQHandler                           0x080062ef   Thumb Code     0  startup_stm32f4xx.o(.text)
    CAN1_RX0_IRQHandler                      0x080062ef   Thumb Code     0  startup_stm32f4xx.o(.text)
    CAN1_RX1_IRQHandler                      0x080062ef   Thumb Code     0  startup_stm32f4xx.o(.text)
    CAN1_SCE_IRQHandler                      0x080062ef   Thumb Code     0  startup_stm32f4xx.o(.text)
    CAN1_TX_IRQHandler                       0x080062ef   Thumb Code     0  startup_stm32f4xx.o(.text)
    CAN2_RX0_IRQHandler                      0x080062ef   Thumb Code     0  startup_stm32f4xx.o(.text)
    CAN2_RX1_IRQHandler                      0x080062ef   Thumb Code     0  startup_stm32f4xx.o(.text)
    CAN2_SCE_IRQHandler                      0x080062ef   Thumb Code     0  startup_stm32f4xx.o(.text)
    CAN2_TX_IRQHandler                       0x080062ef   Thumb Code     0  startup_stm32f4xx.o(.text)
    CRYP_IRQHandler                          0x080062ef   Thumb Code     0  startup_stm32f4xx.o(.text)
    DCMI_IRQHandler                          0x080062ef   Thumb Code     0  startup_stm32f4xx.o(.text)
    DMA1_Stream0_IRQHandler                  0x080062ef   Thumb Code     0  startup_stm32f4xx.o(.text)
    DMA1_Stream1_IRQHandler                  0x080062ef   Thumb Code     0  startup_stm32f4xx.o(.text)
    DMA1_Stream2_IRQHandler                  0x080062ef   Thumb Code     0  startup_stm32f4xx.o(.text)
    DMA1_Stream3_IRQHandler                  0x080062ef   Thumb Code     0  startup_stm32f4xx.o(.text)
    DMA1_Stream4_IRQHandler                  0x080062ef   Thumb Code     0  startup_stm32f4xx.o(.text)
    DMA1_Stream5_IRQHandler                  0x080062ef   Thumb Code     0  startup_stm32f4xx.o(.text)
    DMA1_Stream6_IRQHandler                  0x080062ef   Thumb Code     0  startup_stm32f4xx.o(.text)
    DMA1_Stream7_IRQHandler                  0x080062ef   Thumb Code     0  startup_stm32f4xx.o(.text)
    DMA2_Stream0_IRQHandler                  0x080062ef   Thumb Code     0  startup_stm32f4xx.o(.text)
    DMA2_Stream1_IRQHandler                  0x080062ef   Thumb Code     0  startup_stm32f4xx.o(.text)
    DMA2_Stream2_IRQHandler                  0x080062ef   Thumb Code     0  startup_stm32f4xx.o(.text)
    DMA2_Stream3_IRQHandler                  0x080062ef   Thumb Code     0  startup_stm32f4xx.o(.text)
    DMA2_Stream4_IRQHandler                  0x080062ef   Thumb Code     0  startup_stm32f4xx.o(.text)
    DMA2_Stream5_IRQHandler                  0x080062ef   Thumb Code     0  startup_stm32f4xx.o(.text)
    DMA2_Stream6_IRQHandler                  0x080062ef   Thumb Code     0  startup_stm32f4xx.o(.text)
    DMA2_Stream7_IRQHandler                  0x080062ef   Thumb Code     0  startup_stm32f4xx.o(.text)
    ETH_IRQHandler                           0x080062ef   Thumb Code     0  startup_stm32f4xx.o(.text)
    ETH_WKUP_IRQHandler                      0x080062ef   Thumb Code     0  startup_stm32f4xx.o(.text)
    EXTI0_IRQHandler                         0x080062ef   Thumb Code     0  startup_stm32f4xx.o(.text)
    EXTI15_10_IRQHandler                     0x080062ef   Thumb Code     0  startup_stm32f4xx.o(.text)
    EXTI1_IRQHandler                         0x080062ef   Thumb Code     0  startup_stm32f4xx.o(.text)
    EXTI2_IRQHandler                         0x080062ef   Thumb Code     0  startup_stm32f4xx.o(.text)
    EXTI3_IRQHandler                         0x080062ef   Thumb Code     0  startup_stm32f4xx.o(.text)
    EXTI4_IRQHandler                         0x080062ef   Thumb Code     0  startup_stm32f4xx.o(.text)
    FLASH_IRQHandler                         0x080062ef   Thumb Code     0  startup_stm32f4xx.o(.text)
    FPU_IRQHandler                           0x080062ef   Thumb Code     0  startup_stm32f4xx.o(.text)
    FSMC_IRQHandler                          0x080062ef   Thumb Code     0  startup_stm32f4xx.o(.text)
    HASH_RNG_IRQHandler                      0x080062ef   Thumb Code     0  startup_stm32f4xx.o(.text)
    I2C1_ER_IRQHandler                       0x080062ef   Thumb Code     0  startup_stm32f4xx.o(.text)
    I2C1_EV_IRQHandler                       0x080062ef   Thumb Code     0  startup_stm32f4xx.o(.text)
    I2C2_ER_IRQHandler                       0x080062ef   Thumb Code     0  startup_stm32f4xx.o(.text)
    I2C2_EV_IRQHandler                       0x080062ef   Thumb Code     0  startup_stm32f4xx.o(.text)
    I2C3_ER_IRQHandler                       0x080062ef   Thumb Code     0  startup_stm32f4xx.o(.text)
    I2C3_EV_IRQHandler                       0x080062ef   Thumb Code     0  startup_stm32f4xx.o(.text)
    OTG_FS_IRQHandler                        0x080062ef   Thumb Code     0  startup_stm32f4xx.o(.text)
    OTG_FS_WKUP_IRQHandler                   0x080062ef   Thumb Code     0  startup_stm32f4xx.o(.text)
    OTG_HS_EP1_IN_IRQHandler                 0x080062ef   Thumb Code     0  startup_stm32f4xx.o(.text)
    OTG_HS_EP1_OUT_IRQHandler                0x080062ef   Thumb Code     0  startup_stm32f4xx.o(.text)
    OTG_HS_IRQHandler                        0x080062ef   Thumb Code     0  startup_stm32f4xx.o(.text)
    OTG_HS_WKUP_IRQHandler                   0x080062ef   Thumb Code     0  startup_stm32f4xx.o(.text)
    PVD_IRQHandler                           0x080062ef   Thumb Code     0  startup_stm32f4xx.o(.text)
    RCC_IRQHandler                           0x080062ef   Thumb Code     0  startup_stm32f4xx.o(.text)
    RTC_Alarm_IRQHandler                     0x080062ef   Thumb Code     0  startup_stm32f4xx.o(.text)
    RTC_WKUP_IRQHandler                      0x080062ef   Thumb Code     0  startup_stm32f4xx.o(.text)
    SDIO_IRQHandler                          0x080062ef   Thumb Code     0  startup_stm32f4xx.o(.text)
    SPI1_IRQHandler                          0x080062ef   Thumb Code     0  startup_stm32f4xx.o(.text)
    SPI2_IRQHandler                          0x080062ef   Thumb Code     0  startup_stm32f4xx.o(.text)
    SPI3_IRQHandler                          0x080062ef   Thumb Code     0  startup_stm32f4xx.o(.text)
    TAMP_STAMP_IRQHandler                    0x080062ef   Thumb Code     0  startup_stm32f4xx.o(.text)
    TIM1_BRK_TIM9_IRQHandler                 0x080062ef   Thumb Code     0  startup_stm32f4xx.o(.text)
    TIM1_CC_IRQHandler                       0x080062ef   Thumb Code     0  startup_stm32f4xx.o(.text)
    TIM1_TRG_COM_TIM11_IRQHandler            0x080062ef   Thumb Code     0  startup_stm32f4xx.o(.text)
    TIM1_UP_TIM10_IRQHandler                 0x080062ef   Thumb Code     0  startup_stm32f4xx.o(.text)
    TIM2_IRQHandler                          0x080062ef   Thumb Code     0  startup_stm32f4xx.o(.text)
    TIM5_IRQHandler                          0x080062ef   Thumb Code     0  startup_stm32f4xx.o(.text)
    TIM6_DAC_IRQHandler                      0x080062ef   Thumb Code     0  startup_stm32f4xx.o(.text)
    TIM8_BRK_TIM12_IRQHandler                0x080062ef   Thumb Code     0  startup_stm32f4xx.o(.text)
    TIM8_CC_IRQHandler                       0x080062ef   Thumb Code     0  startup_stm32f4xx.o(.text)
    TIM8_TRG_COM_TIM14_IRQHandler            0x080062ef   Thumb Code     0  startup_stm32f4xx.o(.text)
    TIM8_UP_TIM13_IRQHandler                 0x080062ef   Thumb Code     0  startup_stm32f4xx.o(.text)
    WWDG_IRQHandler                          0x080062ef   Thumb Code     0  startup_stm32f4xx.o(.text)
    SystemInit                               0x080063d5   Thumb Code    88  system_stm32f4xx.o(.text)
    SystemCoreClockUpdate                    0x0800642d   Thumb Code   174  system_stm32f4xx.o(.text)
    NVIC_PriorityGroupConfig                 0x08006509   Thumb Code    54  misc.o(.text)
    NVIC_Init                                0x0800653f   Thumb Code   164  misc.o(.text)
    NVIC_SetVectorTable                      0x080065e3   Thumb Code    60  misc.o(.text)
    NVIC_SystemLPConfig                      0x0800661f   Thumb Code    78  misc.o(.text)
    SysTick_CLKSourceConfig                  0x0800666d   Thumb Code    62  misc.o(.text)
    ADC_DeInit                               0x080066c9   Thumb Code    22  stm32f4xx_adc.o(.text)
    ADC_Init                                 0x080066df   Thumb Code   402  stm32f4xx_adc.o(.text)
    ADC_StructInit                           0x08006871   Thumb Code    20  stm32f4xx_adc.o(.text)
    ADC_CommonInit                           0x08006885   Thumb Code   342  stm32f4xx_adc.o(.text)
    ADC_CommonStructInit                     0x080069db   Thumb Code    12  stm32f4xx_adc.o(.text)
    ADC_Cmd                                  0x080069e7   Thumb Code    76  stm32f4xx_adc.o(.text)
    ADC_AnalogWatchdogCmd                    0x08006a33   Thumb Code   102  stm32f4xx_adc.o(.text)
    ADC_AnalogWatchdogThresholdsConfig       0x08006a99   Thumb Code   126  stm32f4xx_adc.o(.text)
    ADC_AnalogWatchdogSingleChannelConfig    0x08006b17   Thumb Code   136  stm32f4xx_adc.o(.text)
    ADC_TempSensorVrefintCmd                 0x08006b9f   Thumb Code    56  stm32f4xx_adc.o(.text)
    ADC_VBATCmd                              0x08006bd7   Thumb Code    56  stm32f4xx_adc.o(.text)
    ADC_RegularChannelConfig                 0x08006c0f   Thumb Code   408  stm32f4xx_adc.o(.text)
    ADC_SoftwareStartConv                    0x08006da7   Thumb Code    44  stm32f4xx_adc.o(.text)
    ADC_GetSoftwareStartConvStatus           0x08006dd3   Thumb Code    54  stm32f4xx_adc.o(.text)
    ADC_EOCOnEachRegularChannelCmd           0x08006e09   Thumb Code    76  stm32f4xx_adc.o(.text)
    ADC_ContinuousModeCmd                    0x08006e55   Thumb Code    76  stm32f4xx_adc.o(.text)
    ADC_DiscModeChannelCountConfig           0x08006ea1   Thumb Code   100  stm32f4xx_adc.o(.text)
    ADC_DiscModeCmd                          0x08006f05   Thumb Code    76  stm32f4xx_adc.o(.text)
    ADC_GetConversionValue                   0x08006f51   Thumb Code    40  stm32f4xx_adc.o(.text)
    ADC_GetMultiModeConversionValue          0x08006f79   Thumb Code     6  stm32f4xx_adc.o(.text)
    ADC_DMACmd                               0x08006f7f   Thumb Code    76  stm32f4xx_adc.o(.text)
    ADC_DMARequestAfterLastTransferCmd       0x08006fcb   Thumb Code    76  stm32f4xx_adc.o(.text)
    ADC_MultiModeDMARequestAfterLastTransferCmd 0x08007017   Thumb Code    60  stm32f4xx_adc.o(.text)
    ADC_InjectedChannelConfig                0x08007053   Thumb Code   332  stm32f4xx_adc.o(.text)
    ADC_InjectedSequencerLengthConfig        0x0800719f   Thumb Code    80  stm32f4xx_adc.o(.text)
    ADC_SetInjectedOffset                    0x080071ef   Thumb Code   102  stm32f4xx_adc.o(.text)
    ADC_ExternalTrigInjectedConvConfig       0x08007255   Thumb Code   176  stm32f4xx_adc.o(.text)
    ADC_ExternalTrigInjectedConvEdgeConfig   0x08007305   Thumb Code    82  stm32f4xx_adc.o(.text)
    ADC_SoftwareStartInjectedConv            0x08007357   Thumb Code    44  stm32f4xx_adc.o(.text)
    ADC_GetSoftwareStartInjectedConvCmdStatus 0x08007383   Thumb Code    54  stm32f4xx_adc.o(.text)
    ADC_AutoInjectedConvCmd                  0x080073b9   Thumb Code    76  stm32f4xx_adc.o(.text)
    ADC_InjectedDiscModeCmd                  0x08007405   Thumb Code    76  stm32f4xx_adc.o(.text)
    ADC_GetInjectedConversionValue           0x08007451   Thumb Code    88  stm32f4xx_adc.o(.text)
    ADC_ITConfig                             0x080074a9   Thumb Code   130  stm32f4xx_adc.o(.text)
    ADC_GetFlagStatus                        0x0800752b   Thumb Code    90  stm32f4xx_adc.o(.text)
    ADC_ClearFlag                            0x08007585   Thumb Code    62  stm32f4xx_adc.o(.text)
    ADC_GetITStatus                          0x080075c3   Thumb Code   122  stm32f4xx_adc.o(.text)
    ADC_ClearITPendingBit                    0x0800763d   Thumb Code    88  stm32f4xx_adc.o(.text)
    DMA_DeInit                               0x080076a5   Thumb Code   462  stm32f4xx_dma.o(.text)
    DMA_Init                                 0x08007873   Thumb Code   684  stm32f4xx_dma.o(.text)
    DMA_StructInit                           0x08007b1f   Thumb Code    34  stm32f4xx_dma.o(.text)
    DMA_Cmd                                  0x08007b41   Thumb Code   182  stm32f4xx_dma.o(.text)
    DMA_PeriphIncOffsetSizeConfig            0x08007bf7   Thumb Code   184  stm32f4xx_dma.o(.text)
    DMA_FlowControllerConfig                 0x08007caf   Thumb Code   182  stm32f4xx_dma.o(.text)
    DMA_SetCurrDataCounter                   0x08007d65   Thumb Code   146  stm32f4xx_dma.o(.text)
    DMA_GetCurrDataCounter                   0x08007df7   Thumb Code   146  stm32f4xx_dma.o(.text)
    DMA_DoubleBufferModeConfig               0x08007e89   Thumb Code   204  stm32f4xx_dma.o(.text)
    DMA_DoubleBufferModeCmd                  0x08007f55   Thumb Code   182  stm32f4xx_dma.o(.text)
    DMA_MemoryTargetConfig                   0x0800800b   Thumb Code   174  stm32f4xx_dma.o(.text)
    DMA_GetCurrentMemoryTarget               0x080080b9   Thumb Code   160  stm32f4xx_dma.o(.text)
    DMA_GetCmdStatus                         0x08008159   Thumb Code   160  stm32f4xx_dma.o(.text)
    DMA_GetFIFOStatus                        0x080081f9   Thumb Code   152  stm32f4xx_dma.o(.text)
    DMA_GetFlagStatus                        0x08008291   Thumb Code   486  stm32f4xx_dma.o(.text)
    DMA_ClearFlag                            0x08008477   Thumb Code   216  stm32f4xx_dma.o(.text)
    DMA_ITConfig                             0x0800854f   Thumb Code   238  stm32f4xx_dma.o(.text)
    DMA_GetITStatus                          0x0800863d   Thumb Code   590  stm32f4xx_dma.o(.text)
    DMA_ClearITPendingBit                    0x0800888b   Thumb Code   216  stm32f4xx_dma.o(.text)
    EXTI_DeInit                              0x08008a0d   Thumb Code    28  stm32f4xx_exti.o(.text)
    EXTI_Init                                0x08008a29   Thumb Code   236  stm32f4xx_exti.o(.text)
    EXTI_StructInit                          0x08008b15   Thumb Code    16  stm32f4xx_exti.o(.text)
    EXTI_GenerateSWInterrupt                 0x08008b25   Thumb Code    38  stm32f4xx_exti.o(.text)
    EXTI_GetFlagStatus                       0x08008b4b   Thumb Code   158  stm32f4xx_exti.o(.text)
    EXTI_ClearFlag                           0x08008be9   Thumb Code    30  stm32f4xx_exti.o(.text)
    EXTI_GetITStatus                         0x08008c07   Thumb Code   172  stm32f4xx_exti.o(.text)
    EXTI_ClearITPendingBit                   0x08008cb3   Thumb Code    32  stm32f4xx_exti.o(.text)
    GPIO_DeInit                              0x08008ce1   Thumb Code   284  stm32f4xx_gpio.o(.text)
    GPIO_Init                                0x08008dfd   Thumb Code   342  stm32f4xx_gpio.o(.text)
    GPIO_StructInit                          0x08008f53   Thumb Code    18  stm32f4xx_gpio.o(.text)
    GPIO_PinLockConfig                       0x08008f65   Thumb Code   122  stm32f4xx_gpio.o(.text)
    GPIO_ReadInputDataBit                    0x08008fdf   Thumb Code   182  stm32f4xx_gpio.o(.text)
    GPIO_ReadInputData                       0x08009095   Thumb Code   116  stm32f4xx_gpio.o(.text)
    GPIO_ReadOutputDataBit                   0x08009109   Thumb Code   182  stm32f4xx_gpio.o(.text)
    GPIO_ReadOutputData                      0x080091bf   Thumb Code    76  stm32f4xx_gpio.o(.text)
    GPIO_SetBits                             0x0800920b   Thumb Code    94  stm32f4xx_gpio.o(.text)
    GPIO_ResetBits                           0x08009269   Thumb Code    94  stm32f4xx_gpio.o(.text)
    GPIO_WriteBit                            0x080092c7   Thumb Code   194  stm32f4xx_gpio.o(.text)
    GPIO_Write                               0x08009389   Thumb Code    76  stm32f4xx_gpio.o(.text)
    GPIO_ToggleBits                          0x080093d5   Thumb Code    80  stm32f4xx_gpio.o(.text)
    GPIO_PinAFConfig                         0x08009425   Thumb Code   382  stm32f4xx_gpio.o(.text)
    RCC_DeInit                               0x080095a9   Thumb Code    60  stm32f4xx_rcc.o(.text)
    RCC_HSEConfig                            0x080095e5   Thumb Code    38  stm32f4xx_rcc.o(.text)
    RCC_GetFlagStatus                        0x0800960b   Thumb Code   130  stm32f4xx_rcc.o(.text)
    RCC_WaitForHSEStartUp                    0x0800968d   Thumb Code    56  stm32f4xx_rcc.o(.text)
    RCC_AdjustHSICalibrationValue            0x080096c5   Thumb Code    38  stm32f4xx_rcc.o(.text)
    RCC_HSICmd                               0x080096eb   Thumb Code    28  stm32f4xx_rcc.o(.text)
    RCC_LSEConfig                            0x08009707   Thumb Code    72  stm32f4xx_rcc.o(.text)
    RCC_LSICmd                               0x0800974f   Thumb Code    28  stm32f4xx_rcc.o(.text)
    RCC_PLLConfig                            0x0800976b   Thumb Code   156  stm32f4xx_rcc.o(.text)
    RCC_PLLCmd                               0x08009807   Thumb Code    28  stm32f4xx_rcc.o(.text)
    RCC_PLLI2SConfig                         0x08009823   Thumb Code    62  stm32f4xx_rcc.o(.text)
    RCC_PLLI2SCmd                            0x08009861   Thumb Code    28  stm32f4xx_rcc.o(.text)
    RCC_ClockSecuritySystemCmd               0x0800987d   Thumb Code    28  stm32f4xx_rcc.o(.text)
    RCC_MCO1Config                           0x08009899   Thumb Code   102  stm32f4xx_rcc.o(.text)
    RCC_MCO2Config                           0x080098ff   Thumb Code   102  stm32f4xx_rcc.o(.text)
    RCC_SYSCLKConfig                         0x08009965   Thumb Code    68  stm32f4xx_rcc.o(.text)
    RCC_GetSYSCLKSource                      0x080099a9   Thumb Code    10  stm32f4xx_rcc.o(.text)
    RCC_HCLKConfig                           0x080099b3   Thumb Code    66  stm32f4xx_rcc.o(.text)
    RCC_PCLK1Config                          0x080099f5   Thumb Code    58  stm32f4xx_rcc.o(.text)
    RCC_PCLK2Config                          0x08009a2f   Thumb Code    60  stm32f4xx_rcc.o(.text)
    RCC_GetClocksFreq                        0x08009a6b   Thumb Code   214  stm32f4xx_rcc.o(.text)
    RCC_RTCCLKConfig                         0x08009b41   Thumb Code   260  stm32f4xx_rcc.o(.text)
    RCC_RTCCLKCmd                            0x08009c45   Thumb Code    28  stm32f4xx_rcc.o(.text)
    RCC_BackupResetCmd                       0x08009c61   Thumb Code    30  stm32f4xx_rcc.o(.text)
    RCC_I2SCLKConfig                         0x08009c7f   Thumb Code    28  stm32f4xx_rcc.o(.text)
    RCC_AHB1PeriphClockCmd                   0x08009c9b   Thumb Code    78  stm32f4xx_rcc.o(.text)
    RCC_AHB2PeriphClockCmd                   0x08009ce9   Thumb Code    78  stm32f4xx_rcc.o(.text)
    RCC_AHB3PeriphClockCmd                   0x08009d37   Thumb Code   234  stm32f4xx_rcc.o(.text)
    RCC_APB1PeriphClockCmd                   0x08009e21   Thumb Code    70  stm32f4xx_rcc.o(.text)
    RCC_APB2PeriphClockCmd                   0x08009e67   Thumb Code    78  stm32f4xx_rcc.o(.text)
    RCC_AHB1PeriphResetCmd                   0x08009eb5   Thumb Code    78  stm32f4xx_rcc.o(.text)
    RCC_AHB2PeriphResetCmd                   0x08009f03   Thumb Code    78  stm32f4xx_rcc.o(.text)
    RCC_AHB3PeriphResetCmd                   0x08009f51   Thumb Code    78  stm32f4xx_rcc.o(.text)
    RCC_APB1PeriphResetCmd                   0x08009f9f   Thumb Code    78  stm32f4xx_rcc.o(.text)
    RCC_APB2PeriphResetCmd                   0x08009fed   Thumb Code    78  stm32f4xx_rcc.o(.text)
    RCC_AHB1PeriphClockLPModeCmd             0x0800a03b   Thumb Code    78  stm32f4xx_rcc.o(.text)
    RCC_AHB2PeriphClockLPModeCmd             0x0800a089   Thumb Code    78  stm32f4xx_rcc.o(.text)
    RCC_AHB3PeriphClockLPModeCmd             0x0800a0d7   Thumb Code    78  stm32f4xx_rcc.o(.text)
    RCC_APB1PeriphClockLPModeCmd             0x0800a125   Thumb Code    78  stm32f4xx_rcc.o(.text)
    RCC_APB2PeriphClockLPModeCmd             0x0800a173   Thumb Code    78  stm32f4xx_rcc.o(.text)
    RCC_ITConfig                             0x0800a1c1   Thumb Code   108  stm32f4xx_rcc.o(.text)
    RCC_ClearFlag                            0x0800a22d   Thumb Code    14  stm32f4xx_rcc.o(.text)
    RCC_GetITStatus                          0x0800a23b   Thumb Code    66  stm32f4xx_rcc.o(.text)
    RCC_ClearITPendingBit                    0x0800a27d   Thumb Code    32  stm32f4xx_rcc.o(.text)
    TIM_DeInit                               0x0800a2a5   Thumb Code   440  stm32f4xx_tim.o(.text)
    TIM_TimeBaseInit                         0x0800a45d   Thumb Code   278  stm32f4xx_tim.o(.text)
    TIM_TimeBaseStructInit                   0x0800a573   Thumb Code    18  stm32f4xx_tim.o(.text)
    TIM_PrescalerConfig                      0x0800a585   Thumb Code   128  stm32f4xx_tim.o(.text)
    TIM_CounterModeConfig                    0x0800a605   Thumb Code   100  stm32f4xx_tim.o(.text)
    TIM_SetCounter                           0x0800a669   Thumb Code   164  stm32f4xx_tim.o(.text)
    TIM_SetAutoreload                        0x0800a70d   Thumb Code   106  stm32f4xx_tim.o(.text)
    TIM_GetCounter                           0x0800a777   Thumb Code   104  stm32f4xx_tim.o(.text)
    TIM_GetPrescaler                         0x0800a7df   Thumb Code   104  stm32f4xx_tim.o(.text)
    TIM_UpdateDisableConfig                  0x0800a847   Thumb Code   144  stm32f4xx_tim.o(.text)
    TIM_UpdateRequestConfig                  0x0800a8d7   Thumb Code   144  stm32f4xx_tim.o(.text)
    TIM_ARRPreloadConfig                     0x0800a967   Thumb Code   144  stm32f4xx_tim.o(.text)
    TIM_SelectOnePulseMode                   0x0800a9f7   Thumb Code   138  stm32f4xx_tim.o(.text)
    TIM_SetClockDivision                     0x0800aa81   Thumb Code   190  stm32f4xx_tim.o(.text)
    TIM_Cmd                                  0x0800ab3f   Thumb Code   144  stm32f4xx_tim.o(.text)
    TIM_OC1Init                              0x0800abcf   Thumb Code   400  stm32f4xx_tim.o(.text)
    TIM_OC2Init                              0x0800ad5f   Thumb Code   474  stm32f4xx_tim.o(.text)
    TIM_OC3Init                              0x0800af39   Thumb Code   400  stm32f4xx_tim.o(.text)
    TIM_OC4Init                              0x0800b0c9   Thumb Code   290  stm32f4xx_tim.o(.text)
    TIM_OCStructInit                         0x0800b1eb   Thumb Code    20  stm32f4xx_tim.o(.text)
    TIM_SelectOCxM                           0x0800b1ff   Thumb Code   250  stm32f4xx_tim.o(.text)
    TIM_SetCompare1                          0x0800b2f9   Thumb Code   144  stm32f4xx_tim.o(.text)
    TIM_SetCompare2                          0x0800b389   Thumb Code    70  stm32f4xx_tim.o(.text)
    TIM_SetCompare3                          0x0800b3cf   Thumb Code    58  stm32f4xx_tim.o(.text)
    TIM_SetCompare4                          0x0800b409   Thumb Code    58  stm32f4xx_tim.o(.text)
    TIM_ForcedOC1Config                      0x0800b443   Thumb Code   126  stm32f4xx_tim.o(.text)
    TIM_ForcedOC2Config                      0x0800b4c1   Thumb Code   110  stm32f4xx_tim.o(.text)
    TIM_ForcedOC3Config                      0x0800b52f   Thumb Code    90  stm32f4xx_tim.o(.text)
    TIM_ForcedOC4Config                      0x0800b589   Thumb Code    98  stm32f4xx_tim.o(.text)
    TIM_OC1PreloadConfig                     0x0800b5eb   Thumb Code   124  stm32f4xx_tim.o(.text)
    TIM_OC2PreloadConfig                     0x0800b667   Thumb Code   108  stm32f4xx_tim.o(.text)
    TIM_OC3PreloadConfig                     0x0800b6d3   Thumb Code    88  stm32f4xx_tim.o(.text)
    TIM_OC4PreloadConfig                     0x0800b72b   Thumb Code   146  stm32f4xx_tim.o(.text)
    TIM_OC1FastConfig                        0x0800b7bd   Thumb Code   124  stm32f4xx_tim.o(.text)
    TIM_OC2FastConfig                        0x0800b839   Thumb Code   108  stm32f4xx_tim.o(.text)
    TIM_OC3FastConfig                        0x0800b8a5   Thumb Code    88  stm32f4xx_tim.o(.text)
    TIM_OC4FastConfig                        0x0800b8fd   Thumb Code    96  stm32f4xx_tim.o(.text)
    TIM_ClearOC1Ref                          0x0800b95d   Thumb Code   124  stm32f4xx_tim.o(.text)
    TIM_ClearOC2Ref                          0x0800b9d9   Thumb Code   106  stm32f4xx_tim.o(.text)
    TIM_ClearOC3Ref                          0x0800ba43   Thumb Code    88  stm32f4xx_tim.o(.text)
    TIM_ClearOC4Ref                          0x0800ba9b   Thumb Code    94  stm32f4xx_tim.o(.text)
    TIM_OC1PolarityConfig                    0x0800baf9   Thumb Code   124  stm32f4xx_tim.o(.text)
    TIM_OC1NPolarityConfig                   0x0800bb75   Thumb Code   114  stm32f4xx_tim.o(.text)
    TIM_OC2PolarityConfig                    0x0800bbe7   Thumb Code   108  stm32f4xx_tim.o(.text)
    TIM_OC2NPolarityConfig                   0x0800bc53   Thumb Code    72  stm32f4xx_tim.o(.text)
    TIM_OC3PolarityConfig                    0x0800bc9b   Thumb Code    96  stm32f4xx_tim.o(.text)
    TIM_OC3NPolarityConfig                   0x0800bcfb   Thumb Code    72  stm32f4xx_tim.o(.text)
    TIM_OC4PolarityConfig                    0x0800bd43   Thumb Code    96  stm32f4xx_tim.o(.text)
    TIM_CCxCmd                               0x0800bda3   Thumb Code   168  stm32f4xx_tim.o(.text)
    TIM_CCxNCmd                              0x0800be4b   Thumb Code   104  stm32f4xx_tim.o(.text)
    TIM_SetIC4Prescaler                      0x0800beb3   Thumb Code   106  stm32f4xx_tim.o(.text)
    TIM_SetIC3Prescaler                      0x0800bf6d   Thumb Code   148  stm32f4xx_tim.o(.text)
    TIM_SetIC2Prescaler                      0x0800c049   Thumb Code   118  stm32f4xx_tim.o(.text)
    TIM_SetIC1Prescaler                      0x0800c10f   Thumb Code   134  stm32f4xx_tim.o(.text)
    TIM_ICInit                               0x0800c1cf   Thumb Code   460  stm32f4xx_tim.o(.text)
    TIM_ICStructInit                         0x0800c39b   Thumb Code    18  stm32f4xx_tim.o(.text)
    TIM_PWMIConfig                           0x0800c3ad   Thumb Code   234  stm32f4xx_tim.o(.text)
    TIM_GetCapture1                          0x0800c497   Thumb Code    92  stm32f4xx_tim.o(.text)
    TIM_GetCapture2                          0x0800c4f3   Thumb Code    68  stm32f4xx_tim.o(.text)
    TIM_GetCapture3                          0x0800c537   Thumb Code    56  stm32f4xx_tim.o(.text)
    TIM_GetCapture4                          0x0800c56f   Thumb Code    56  stm32f4xx_tim.o(.text)
    TIM_BDTRConfig                           0x0800c5a7   Thumb Code   222  stm32f4xx_tim.o(.text)
    TIM_BDTRStructInit                       0x0800c685   Thumb Code    18  stm32f4xx_tim.o(.text)
    TIM_CtrlPWMOutputs                       0x0800c697   Thumb Code    78  stm32f4xx_tim.o(.text)
    TIM_SelectCOM                            0x0800c6e5   Thumb Code    72  stm32f4xx_tim.o(.text)
    TIM_CCPreloadControl                     0x0800c72d   Thumb Code    72  stm32f4xx_tim.o(.text)
    TIM_ITConfig                             0x0800c775   Thumb Code   216  stm32f4xx_tim.o(.text)
    TIM_GenerateEvent                        0x0800c84d   Thumb Code   126  stm32f4xx_tim.o(.text)
    TIM_GetFlagStatus                        0x0800c8cb   Thumb Code   188  stm32f4xx_tim.o(.text)
    TIM_ClearFlag                            0x0800c987   Thumb Code   108  stm32f4xx_tim.o(.text)
    TIM_GetITStatus                          0x0800c9f3   Thumb Code   186  stm32f4xx_tim.o(.text)
    TIM_ClearITPendingBit                    0x0800caad   Thumb Code   108  stm32f4xx_tim.o(.text)
    TIM_DMAConfig                            0x0800cb19   Thumb Code   328  stm32f4xx_tim.o(.text)
    TIM_DMACmd                               0x0800cc61   Thumb Code   126  stm32f4xx_tim.o(.text)
    TIM_SelectCCDMA                          0x0800ccdf   Thumb Code    96  stm32f4xx_tim.o(.text)
    TIM_InternalClockConfig                  0x0800cd3f   Thumb Code    76  stm32f4xx_tim.o(.text)
    TIM_SelectInputTrigger                   0x0800cd8b   Thumb Code   148  stm32f4xx_tim.o(.text)
    TIM_ITRxExternalClockConfig              0x0800ce1f   Thumb Code   110  stm32f4xx_tim.o(.text)
    TIM_TIxExternalClockConfig               0x0800ce8d   Thumb Code   184  stm32f4xx_tim.o(.text)
    TIM_ETRConfig                            0x0800cf45   Thumb Code   164  stm32f4xx_tim.o(.text)
    TIM_ETRClockMode1Config                  0x0800cfe9   Thumb Code   228  stm32f4xx_tim.o(.text)
    TIM_ETRClockMode2Config                  0x0800d0cd   Thumb Code   152  stm32f4xx_tim.o(.text)
    TIM_SelectOutputTrigger                  0x0800d165   Thumb Code   126  stm32f4xx_tim.o(.text)
    TIM_SelectSlaveMode                      0x0800d1e3   Thumb Code   112  stm32f4xx_tim.o(.text)
    TIM_SelectMasterSlaveMode                0x0800d253   Thumb Code   102  stm32f4xx_tim.o(.text)
    TIM_EncoderInterfaceConfig               0x0800d2b9   Thumb Code   226  stm32f4xx_tim.o(.text)
    TIM_SelectHallSensor                     0x0800d39b   Thumb Code   108  stm32f4xx_tim.o(.text)
    TIM_RemapConfig                          0x0800d407   Thumb Code   138  stm32f4xx_tim.o(.text)
    USART_DeInit                             0x0800d491   Thumb Code   202  stm32f4xx_usart.o(.text)
    USART_Init                               0x0800d55b   Thumb Code   456  stm32f4xx_usart.o(.text)
    USART_StructInit                         0x0800d723   Thumb Code    24  stm32f4xx_usart.o(.text)
    USART_ClockInit                          0x0800d73b   Thumb Code   166  stm32f4xx_usart.o(.text)
    USART_ClockStructInit                    0x0800d7e1   Thumb Code    12  stm32f4xx_usart.o(.text)
    USART_Cmd                                0x0800d7ed   Thumb Code    96  stm32f4xx_usart.o(.text)
    USART_SetPrescaler                       0x0800d84d   Thumb Code   102  stm32f4xx_usart.o(.text)
    USART_OverSampling8Cmd                   0x0800d8b3   Thumb Code    94  stm32f4xx_usart.o(.text)
    USART_OneBitMethodCmd                    0x0800d911   Thumb Code    96  stm32f4xx_usart.o(.text)
    USART_SendData                           0x0800d971   Thumb Code    80  stm32f4xx_usart.o(.text)
    USART_ReceiveData                        0x0800d9c1   Thumb Code    60  stm32f4xx_usart.o(.text)
    USART_SetAddress                         0x0800d9fd   Thumb Code    88  stm32f4xx_usart.o(.text)
    USART_ReceiverWakeUpCmd                  0x0800da55   Thumb Code    96  stm32f4xx_usart.o(.text)
    USART_WakeUpConfig                       0x0800dab5   Thumb Code    92  stm32f4xx_usart.o(.text)
    USART_LINBreakDetectLengthConfig         0x0800db11   Thumb Code    90  stm32f4xx_usart.o(.text)
    USART_LINCmd                             0x0800db6b   Thumb Code    96  stm32f4xx_usart.o(.text)
    USART_SendBreak                          0x0800dbcb   Thumb Code    62  stm32f4xx_usart.o(.text)
    USART_HalfDuplexCmd                      0x0800dc09   Thumb Code    96  stm32f4xx_usart.o(.text)
    USART_SetGuardTime                       0x0800dc69   Thumb Code    86  stm32f4xx_usart.o(.text)
    USART_SmartCardCmd                       0x0800dcbf   Thumb Code    84  stm32f4xx_usart.o(.text)
    USART_SmartCardNACKCmd                   0x0800dd13   Thumb Code    84  stm32f4xx_usart.o(.text)
    USART_IrDAConfig                         0x0800dd67   Thumb Code    90  stm32f4xx_usart.o(.text)
    USART_IrDACmd                            0x0800ddc1   Thumb Code    96  stm32f4xx_usart.o(.text)
    USART_DMACmd                             0x0800de21   Thumb Code   114  stm32f4xx_usart.o(.text)
    USART_ITConfig                           0x0800de93   Thumb Code   260  stm32f4xx_usart.o(.text)
    USART_GetFlagStatus                      0x0800df97   Thumb Code   170  stm32f4xx_usart.o(.text)
    USART_ClearFlag                          0x0800e041   Thumb Code   158  stm32f4xx_usart.o(.text)
    USART_GetITStatus                        0x0800e0df   Thumb Code   278  stm32f4xx_usart.o(.text)
    USART_ClearITPendingBit                  0x0800e1f5   Thumb Code   164  stm32f4xx_usart.o(.text)
    __aeabi_dadd                             0x0800e2b5   Thumb Code   322  dadd.o(.text)
    __aeabi_dsub                             0x0800e3f7   Thumb Code     6  dadd.o(.text)
    __aeabi_drsub                            0x0800e3fd   Thumb Code     6  dadd.o(.text)
    __aeabi_dmul                             0x0800e403   Thumb Code   228  dmul.o(.text)
    __aeabi_ddiv                             0x0800e4e7   Thumb Code   222  ddiv.o(.text)
    __aeabi_i2d                              0x0800e5c5   Thumb Code    34  dflti.o(.text)
    __aeabi_d2iz                             0x0800e5e7   Thumb Code    62  dfixi.o(.text)
    __aeabi_f2d                              0x0800e625   Thumb Code    38  f2d.o(.text)
    __aeabi_cdcmpeq                          0x0800e64d   Thumb Code     0  cdcmple.o(.text)
    __aeabi_cdcmple                          0x0800e64d   Thumb Code    48  cdcmple.o(.text)
    __aeabi_cdrcmple                         0x0800e67d   Thumb Code    48  cdrcmple.o(.text)
    __aeabi_d2f                              0x0800e6ad   Thumb Code    56  d2f.o(.text)
    __aeabi_llsl                             0x0800e6e5   Thumb Code    30  llshl.o(.text)
    _ll_shift_l                              0x0800e6e5   Thumb Code     0  llshl.o(.text)
    __aeabi_llsr                             0x0800e703   Thumb Code    32  llushr.o(.text)
    _ll_ushift_r                             0x0800e703   Thumb Code     0  llushr.o(.text)
    __aeabi_lasr                             0x0800e723   Thumb Code    36  llsshr.o(.text)
    _ll_sshift_r                             0x0800e723   Thumb Code     0  llsshr.o(.text)
    __I$use$fp                               0x0800e747   Thumb Code     0  iusefp.o(.text)
    _float_round                             0x0800e747   Thumb Code    18  fepilogue.o(.text)
    _float_epilogue                          0x0800e759   Thumb Code    92  fepilogue.o(.text)
    _double_round                            0x0800e7b5   Thumb Code    30  depilogue.o(.text)
    _double_epilogue                         0x0800e7d3   Thumb Code   156  depilogue.o(.text)
    __scatterload                            0x0800e871   Thumb Code    28  init.o(.text)
    __scatterload_rt2                        0x0800e871   Thumb Code     0  init.o(.text)
    __decompress                             0x0800e895   Thumb Code     0  __dczerorl2.o(.text)
    __decompress1                            0x0800e895   Thumb Code    86  __dczerorl2.o(.text)
    __scatterload_copy                       0x0800e8eb   Thumb Code    14  handlers.o(i.__scatterload_copy)
    __scatterload_null                       0x0800e8f9   Thumb Code     2  handlers.o(i.__scatterload_null)
    __scatterload_zeroinit                   0x0800e8fb   Thumb Code    14  handlers.o(i.__scatterload_zeroinit)
    fast_atan_table                          0x0800e970   Data        1028  ano_math.o(.constdata)
    Region$$Table$$Base                      0x0800f008   Number         0  anon$$obj.o(Region$$Table)
    Region$$Table$$Limit                     0x0800f028   Number         0  anon$$obj.o(Region$$Table)
    fc_bat                                   0x2000008c   Data           4  ano_lx.o(.data)
    fc_att                                   0x20000090   Data           7  ano_lx.o(.data)
    fc_vel                                   0x20000097   Data           6  ano_lx.o(.data)
    fc_dis                                   0x2000009d   Data           8  ano_lx.o(.data)
    MY_CH_EXERT                              0x200000a6   Data           8  ano_lx.o(.data)
    sti_fun                                  0x200000c2   Data           2  lx_fc_state.o(.data)
    my_mode                                  0x200000c8   Data           4  my_contrl.o(.data)
    my_give_vel_x                            0x200000cc   Data           4  my_contrl.o(.data)
    my_give_vel_y                            0x200000d0   Data           4  my_contrl.o(.data)
    my_give_vel_z                            0x200000d4   Data           4  my_contrl.o(.data)
    my_give_vel_yaw                          0x200000d8   Data           4  my_contrl.o(.data)
    my_give_vel_rol                          0x200000dc   Data           4  my_contrl.o(.data)
    my_give_vel_pit                          0x200000e0   Data           4  my_contrl.o(.data)
    mission_step                             0x200000e4   Data           4  my_contrl.o(.data)
    my_task_time_dly_cnt_ms                  0x200000e8   Data           4  my_contrl.o(.data)
    time_cnt_ms                              0x200000ec   Data           4  my_contrl.o(.data)
    height_target                            0x200000f0   Data           4  my_contrl.o(.data)
    dis_x_target                             0x200000f4   Data           4  my_contrl.o(.data)
    dis_y_target                             0x200000f8   Data           4  my_contrl.o(.data)
    yaw_target                               0x200000fc   Data           4  my_contrl.o(.data)
    hight_now                                0x20000100   Data           4  my_contrl.o(.data)
    dis_x_now                                0x20000104   Data           4  my_contrl.o(.data)
    dis_y_now                                0x20000108   Data           4  my_contrl.o(.data)
    yaw_now                                  0x2000010c   Data           4  my_contrl.o(.data)
    yaw_base                                 0x20000110   Data           4  my_contrl.o(.data)
    yaw_zero                                 0x20000118   Data           8  my_contrl.o(.data)
    yaw_fix                                  0x20000120   Data           8  my_contrl.o(.data)
    keep_hight_flag                          0x20000128   Data           4  my_contrl.o(.data)
    keep_dis_flag                            0x2000012c   Data           4  my_contrl.o(.data)
    keep_yaw_flag                            0x20000130   Data           4  my_contrl.o(.data)
    keep_cam_flag                            0x20000134   Data           4  my_contrl.o(.data)
    keep_radar_flag                          0x20000138   Data           4  my_contrl.o(.data)
    dis_x_zero                               0x2000013c   Data           4  my_contrl.o(.data)
    dis_y_zero                               0x20000140   Data           4  my_contrl.o(.data)
    dis_target_num                           0x20000144   Data           4  my_contrl.o(.data)
    yaw_mode                                 0x20000148   Data           1  my_contrl.o(.data)
    dis_x_cam_target                         0x2000014c   Data           4  my_contrl.o(.data)
    dis_y_cam_target                         0x20000150   Data           4  my_contrl.o(.data)
    cam_target_control_flag                  0x20000154   Data           1  my_contrl.o(.data)
    cam_target_code_identity_flag            0x20000155   Data           1  my_contrl.o(.data)
    my_task_flag                             0x20000158   Data           4  my_uart.o(.data)
    my_slam_flag                             0x2000015c   Data           1  my_uart.o(.data)
    OpenMV_data_0                            0x2000015e   Data           2  my_uart.o(.data)
    OpenMV_data_1                            0x20000160   Data           2  my_uart.o(.data)
    OpenMV_data_2                            0x20000162   Data           2  my_uart.o(.data)
    g_maixcam_valid_frame_cnt                0x20000164   Data           2  my_uart.o(.data)
    g_maixcam_last_code                      0x20000166   Data           1  my_uart.o(.data)
    g_maixcam_last_ctrl                      0x20000167   Data           1  my_uart.o(.data)
    g_maixcam_last_x                         0x20000168   Data           2  my_uart.o(.data)
    g_maixcam_last_y                         0x2000016a   Data           2  my_uart.o(.data)
    rol                                      0x20000188   Data           8  my_get_data.o(.data)
    pit                                      0x20000190   Data           8  my_get_data.o(.data)
    yaw                                      0x20000198   Data           8  my_get_data.o(.data)
    yaw_part                                 0x200001a0   Data           8  my_get_data.o(.data)
    yaw_last                                 0x200001a8   Data           8  my_get_data.o(.data)
    yaw_round                                0x200001b0   Data           8  my_get_data.o(.data)
    vel_x                                    0x200001b8   Data           2  my_get_data.o(.data)
    vel_y                                    0x200001ba   Data           2  my_get_data.o(.data)
    vel_z                                    0x200001bc   Data           2  my_get_data.o(.data)
    hight                                    0x200001c0   Data           4  my_get_data.o(.data)
    dis_x                                    0x200001c4   Data           4  my_get_data.o(.data)
    dis_y                                    0x200001c8   Data           4  my_get_data.o(.data)
    dis_x_slam                               0x200001cc   Data           4  my_get_data.o(.data)
    dis_y_slam                               0x200001d0   Data           4  my_get_data.o(.data)
    yaw_slam                                 0x200001d4   Data           4  my_get_data.o(.data)
    KP_xy                                    0x200001d8   Data           8  my_pid.o(.data)
    KI_xy                                    0x200001e0   Data           8  my_pid.o(.data)
    KD_xy                                    0x200001e8   Data           8  my_pid.o(.data)
    intrgrate_max                            0x200001f0   Data           8  my_pid.o(.data)
    KP_radar                                 0x200001f8   Data           8  my_pid.o(.data)
    KI_radar                                 0x20000200   Data           8  my_pid.o(.data)
    KD_radar                                 0x20000208   Data           8  my_pid.o(.data)
    KP_MV                                    0x20000210   Data           8  my_pid.o(.data)
    KI_MV                                    0x20000218   Data           8  my_pid.o(.data)
    KD_MV                                    0x20000220   Data           8  my_pid.o(.data)
    KP_MV_X                                  0x20000228   Data           8  my_pid.o(.data)
    KP_MV_Y                                  0x20000230   Data           8  my_pid.o(.data)
    KD_MV_X                                  0x20000238   Data           8  my_pid.o(.data)
    KD_MV_Y                                  0x20000240   Data           8  my_pid.o(.data)
    KP_yaw                                   0x20000248   Data           8  my_pid.o(.data)
    yaw_deadband                             0x20000250   Data           4  my_pid.o(.data)
    yaw_output_max                           0x20000254   Data           4  my_pid.o(.data)
    g_xy_limit_optical                       0x20000258   Data           4  my_pid.o(.data)
    g_xy_limit_radar                         0x2000025c   Data           4  my_pid.o(.data)
    g_xy_limit_mv                            0x20000260   Data           4  my_pid.o(.data)
    pvt_receive_updata                       0x2000028a   Data           1  drv_ubloxgps.o(.data)
    fre_test_cnt                             0x2000028c   Data           2  drv_ubloxgps.o(.data)
    Period_Out_H                             0x2000028e   Data          14  drv_ubloxgps.o(.data)
    Period_Out_L                             0x2000029c   Data          14  drv_ubloxgps.o(.data)
    Pulse_Period                             0x200002aa   Data          28  drv_ubloxgps.o(.data)
    Baud115200                               0x200002c6   Data          28  drv_ubloxgps.o(.data)
    Save_Con                                 0x200002e2   Data          21  drv_ubloxgps.o(.data)
    POLLSH_SET                               0x200002f7   Data          11  drv_ubloxgps.o(.data)
    SOL_SET                                  0x20000302   Data          11  drv_ubloxgps.o(.data)
    VELNED_SET                               0x2000030d   Data          11  drv_ubloxgps.o(.data)
    TIMEUTC_SET                              0x20000318   Data          11  drv_ubloxgps.o(.data)
    DOP_SET                                  0x20000323   Data          11  drv_ubloxgps.o(.data)
    PVT_SET                                  0x2000032e   Data          11  drv_ubloxgps.o(.data)
    pvt_recerve_ok_cnt                       0x2000033e   Data           1  drv_ubloxgps.o(.data)
    led                                      0x20000348   Data           4  drv_led.o(.data)
    Tx1Counter                               0x20000358   Data           1  drv_uart.o(.data)
    count1                                   0x20000359   Data           1  drv_uart.o(.data)
    U1RxInCnt                                0x2000035a   Data           1  drv_uart.o(.data)
    U1RxoutCnt                               0x2000035b   Data           1  drv_uart.o(.data)
    TxCounter                                0x2000035c   Data           1  drv_uart.o(.data)
    count                                    0x2000035d   Data           1  drv_uart.o(.data)
    U2RxInCnt                                0x2000035e   Data           1  drv_uart.o(.data)
    U2RxoutCnt                               0x2000035f   Data           1  drv_uart.o(.data)
    Tx3Counter                               0x20000360   Data           1  drv_uart.o(.data)
    count3                                   0x20000361   Data           1  drv_uart.o(.data)
    U3RxInCnt                                0x20000362   Data           1  drv_uart.o(.data)
    U3RxoutCnt                               0x20000363   Data           1  drv_uart.o(.data)
    Tx4Counter                               0x20000364   Data           1  drv_uart.o(.data)
    count4                                   0x20000365   Data           1  drv_uart.o(.data)
    U4RxInCnt                                0x20000366   Data           1  drv_uart.o(.data)
    U4RxoutCnt                               0x20000367   Data           1  drv_uart.o(.data)
    Tx5Counter                               0x20000368   Data           1  drv_uart.o(.data)
    count5                                   0x20000369   Data           1  drv_uart.o(.data)
    U5RxInCnt                                0x2000036a   Data           1  drv_uart.o(.data)
    U5RxoutCnt                               0x2000036b   Data           1  drv_uart.o(.data)
    SystemCoreClock                          0x2000036c   Data           4  system_stm32f4xx.o(.data)
    AHBPrescTable                            0x20000370   Data          16  system_stm32f4xx.o(.data)
    send_buffer                              0x20000390   Data          50  ano_dt_lx.o(.bss)
    dt                                       0x200003c4   Data        1564  ano_dt_lx.o(.bss)
    rt_tar                                   0x20000ae0   Data          14  ano_lx.o(.bss)
    pwm_to_esc                               0x20000aee   Data          16  ano_lx.o(.bss)
    fc_att_qua                               0x20000afe   Data           9  ano_lx.o(.bss)
    fc_hight                                 0x20000b07   Data           9  ano_lx.o(.bss)
    ext_sens                                 0x20000b20   Data          48  lx_fc_ext_sensor.o(.bss)
    fc_sta                                   0x20000b50   Data          11  lx_fc_state.o(.bss)
    DataSend                                 0x20000b73   Data          30  my_send_test.o(.bss)
    rc_in                                    0x20000b92   Data          82  drv_bsp.o(.bss)
    ano_of                                   0x20000c00   Data          60  drv_anoof.o(.bss)
    ubx                                      0x20000c7c   Data         100  drv_ubloxgps.o(.bss)
    AdcValue                                 0x20000ce0   Data         100  drv_adc.o(.bss)
    Tx1Buffer                                0x20000d44   Data         256  drv_uart.o(.bss)
    U1RxDataTmp                              0x20000e44   Data         100  drv_uart.o(.bss)
    TxBuffer                                 0x20000ea8   Data         256  drv_uart.o(.bss)
    U2RxDataTmp                              0x20000fa8   Data         100  drv_uart.o(.bss)
    Tx3Buffer                                0x2000100c   Data         256  drv_uart.o(.bss)
    U3RxDataTmp                              0x2000110c   Data         100  drv_uart.o(.bss)
    Tx4Buffer                                0x20001170   Data         256  drv_uart.o(.bss)
    U4RxDataTmp                              0x20001270   Data         100  drv_uart.o(.bss)
    Tx5Buffer                                0x200012d4   Data         256  drv_uart.o(.bss)
    U5RxDataTmp                              0x200013d4   Data         100  drv_uart.o(.bss)
    __initial_sp                             0x20001c38   Data           0  startup_stm32f4xx.o(STACK)



==============================================================================

Memory Map of the image

  Image Entry point : 0x08000189

  Load Region LR_IROM1 (Base: 0x08000000, Size: 0x0000f3b8, Max: 0x00100000, ABSOLUTE, COMPRESSED[0x0000f110])

    Execution Region ER_IROM1 (Exec base: 0x08000000, Load base: 0x08000000, Size: 0x0000f028, Max: 0x00100000, ABSOLUTE)

    Exec Addr    Load Addr    Size         Type   Attr      Idx    E Section Name        Object

    0x08000000   0x08000000   0x00000188   Data   RO          692    RESET               startup_stm32f4xx.o
    0x08000188   0x08000188   0x00000000   Code   RO          891  * .ARM.Collect$$$$00000000  mc_w.l(entry.o)
    0x08000188   0x08000188   0x00000004   Code   RO          912    .ARM.Collect$$$$00000001  mc_w.l(entry2.o)
    0x0800018c   0x0800018c   0x00000004   Code   RO          915    .ARM.Collect$$$$00000004  mc_w.l(entry5.o)
    0x08000190   0x08000190   0x00000000   Code   RO          917    .ARM.Collect$$$$00000008  mc_w.l(entry7b.o)
    0x08000190   0x08000190   0x00000000   Code   RO          919    .ARM.Collect$$$$0000000A  mc_w.l(entry8b.o)
    0x08000190   0x08000190   0x00000008   Code   RO          920    .ARM.Collect$$$$0000000B  mc_w.l(entry9a.o)
    0x08000198   0x08000198   0x00000000   Code   RO          922    .ARM.Collect$$$$0000000D  mc_w.l(entry10a.o)
    0x08000198   0x08000198   0x00000000   Code   RO          924    .ARM.Collect$$$$0000000F  mc_w.l(entry11a.o)
    0x08000198   0x08000198   0x00000004   Code   RO          913    .ARM.Collect$$$$00002712  mc_w.l(entry2.o)
    0x0800019c   0x0800019c   0x00000014   Code   RO            2    .text               main.o
    0x080001b0   0x080001b0   0x000000e0   Code   RO          112    .text               ano_scheduler.o
    0x08000290   0x08000290   0x00000e64   Code   RO          160    .text               user_task.o
    0x080010f4   0x080010f4   0x000007d4   Code   RO          188    .text               ano_dt_lx.o
    0x080018c8   0x080018c8   0x00000488   Code   RO          223    .text               ano_lx.o
    0x08001d50   0x08001d50   0x000000e4   Code   RO          266    .text               lx_fc_ext_sensor.o
    0x08001e34   0x08001e34   0x00000340   Code   RO          289    .text               lx_fc_fun.o
    0x08002174   0x08002174   0x00000284   Code   RO          306    .text               lx_fc_state.o
    0x080023f8   0x080023f8   0x0000039c   Code   RO          329    .text               my_contrl.o
    0x08002794   0x08002794   0x000007d0   Code   RO          351    .text               my_uart.o
    0x08002f64   0x08002f64   0x00000204   Code   RO          381    .text               my_send_test.o
    0x08003168   0x08003168   0x000001ec   Code   RO          400    .text               my_get_data.o
    0x08003354   0x08003354   0x000006d4   Code   RO          422    .text               my_pid.o
    0x08003a28   0x08003a28   0x000004d8   Code   RO          444    .text               drv_bsp.o
    0x08003f00   0x08003f00   0x0000087c   Code   RO          470    .text               ano_math.o
    0x0800477c   0x0800477c   0x00000340   Code   RO          489    .text               drv_anoof.o
    0x08004abc   0x08004abc   0x000003a8   Code   RO          512    .text               drv_ubloxgps.o
    0x08004e64   0x08004e64   0x0000007c   Code   RO          532    .text               stm32f4xx_it.o
    0x08004ee0   0x08004ee0   0x00000108   Code   RO          548    .text               drv_sys.o
    0x08004fe8   0x08004fe8   0x00000194   Code   RO          573    .text               drv_adc.o
    0x0800517c   0x0800517c   0x0000011c   Code   RO          592    .text               drv_led.o
    0x08005298   0x08005298   0x0000037c   Code   RO          614    .text               drv_pwmout.o
    0x08005614   0x08005614   0x000001e4   Code   RO          630    .text               drv_rcin.o
    0x080057f8   0x080057f8   0x0000008c   Code   RO          647    .text               drv_timer.o
    0x08005884   0x08005884   0x00000a50   Code   RO          667    .text               drv_uart.o
    0x080062d4   0x080062d4   0x00000024   Code   RO          693    .text               startup_stm32f4xx.o
    0x080062f8   0x080062f8   0x00000210   Code   RO          698    .text               system_stm32f4xx.o
    0x08006508   0x08006508   0x000001c0   Code   RO          720    .text               misc.o
    0x080066c8   0x080066c8   0x00000fdc   Code   RO          737    .text               stm32f4xx_adc.o
    0x080076a4   0x080076a4   0x00001368   Code   RO          754    .text               stm32f4xx_dma.o
    0x08008a0c   0x08008a0c   0x000002d4   Code   RO          771    .text               stm32f4xx_exti.o
    0x08008ce0   0x08008ce0   0x000008c8   Code   RO          805    .text               stm32f4xx_gpio.o
    0x080095a8   0x080095a8   0x00000cfc   Code   RO          822    .text               stm32f4xx_rcc.o
    0x0800a2a4   0x0800a2a4   0x000031ec   Code   RO          858    .text               stm32f4xx_tim.o
    0x0800d490   0x0800d490   0x00000e24   Code   RO          875    .text               stm32f4xx_usart.o
    0x0800e2b4   0x0800e2b4   0x0000014e   Code   RO          894    .text               mf_w.l(dadd.o)
    0x0800e402   0x0800e402   0x000000e4   Code   RO          896    .text               mf_w.l(dmul.o)
    0x0800e4e6   0x0800e4e6   0x000000de   Code   RO          898    .text               mf_w.l(ddiv.o)
    0x0800e5c4   0x0800e5c4   0x00000022   Code   RO          900    .text               mf_w.l(dflti.o)
    0x0800e5e6   0x0800e5e6   0x0000003e   Code   RO          902    .text               mf_w.l(dfixi.o)
    0x0800e624   0x0800e624   0x00000026   Code   RO          904    .text               mf_w.l(f2d.o)
    0x0800e64a   0x0800e64a   0x00000002   PAD
    0x0800e64c   0x0800e64c   0x00000030   Code   RO          906    .text               mf_w.l(cdcmple.o)
    0x0800e67c   0x0800e67c   0x00000030   Code   RO          908    .text               mf_w.l(cdrcmple.o)
    0x0800e6ac   0x0800e6ac   0x00000038   Code   RO          910    .text               mf_w.l(d2f.o)
    0x0800e6e4   0x0800e6e4   0x0000001e   Code   RO          926    .text               mc_w.l(llshl.o)
    0x0800e702   0x0800e702   0x00000020   Code   RO          928    .text               mc_w.l(llushr.o)
    0x0800e722   0x0800e722   0x00000024   Code   RO          930    .text               mc_w.l(llsshr.o)
    0x0800e746   0x0800e746   0x00000000   Code   RO          932    .text               mc_w.l(iusefp.o)
    0x0800e746   0x0800e746   0x0000006e   Code   RO          933    .text               mf_w.l(fepilogue.o)
    0x0800e7b4   0x0800e7b4   0x000000ba   Code   RO          935    .text               mf_w.l(depilogue.o)
    0x0800e86e   0x0800e86e   0x00000002   PAD
    0x0800e870   0x0800e870   0x00000024   Code   RO          937    .text               mc_w.l(init.o)
    0x0800e894   0x0800e894   0x00000056   Code   RO          947    .text               mc_w.l(__dczerorl2.o)
    0x0800e8ea   0x0800e8ea   0x0000000e   Code   RO          941    i.__scatterload_copy  mc_w.l(handlers.o)
    0x0800e8f8   0x0800e8f8   0x00000002   Code   RO          942    i.__scatterload_null  mc_w.l(handlers.o)
    0x0800e8fa   0x0800e8fa   0x0000000e   Code   RO          943    i.__scatterload_zeroinit  mc_w.l(handlers.o)
    0x0800e908   0x0800e908   0x00000068   Data   RO          161    .constdata          user_task.o
    0x0800e970   0x0800e970   0x00000404   Data   RO          471    .constdata          ano_math.o
    0x0800ed74   0x0800ed74   0x00000048   Data   RO          721    .conststring        misc.o
    0x0800edbc   0x0800edbc   0x00000051   Data   RO          738    .conststring        stm32f4xx_adc.o
    0x0800ee0d   0x0800ee0d   0x00000003   PAD
    0x0800ee10   0x0800ee10   0x00000051   Data   RO          755    .conststring        stm32f4xx_dma.o
    0x0800ee61   0x0800ee61   0x00000003   PAD
    0x0800ee64   0x0800ee64   0x00000052   Data   RO          772    .conststring        stm32f4xx_exti.o
    0x0800eeb6   0x0800eeb6   0x00000002   PAD
    0x0800eeb8   0x0800eeb8   0x00000052   Data   RO          806    .conststring        stm32f4xx_gpio.o
    0x0800ef0a   0x0800ef0a   0x00000002   PAD
    0x0800ef0c   0x0800ef0c   0x00000051   Data   RO          823    .conststring        stm32f4xx_rcc.o
    0x0800ef5d   0x0800ef5d   0x00000003   PAD
    0x0800ef60   0x0800ef60   0x00000051   Data   RO          859    .conststring        stm32f4xx_tim.o
    0x0800efb1   0x0800efb1   0x00000003   PAD
    0x0800efb4   0x0800efb4   0x00000053   Data   RO          876    .conststring        stm32f4xx_usart.o
    0x0800f007   0x0800f007   0x00000001   PAD
    0x0800f008   0x0800f008   0x00000020   Data   RO          939    Region$$Table       anon$$obj.o


    Execution Region RW_IRAM1 (Exec base: 0x20000000, Load base: 0x0800f028, Size: 0x00001c38, Max: 0x00020000, ABSOLUTE, COMPRESSED[0x000000e8])

    Exec Addr    Load Addr    Size         Type   Attr      Idx    E Section Name        Object

    0x20000000   COMPRESSED   0x00000054   Data   RW          113    .data               ano_scheduler.o
    0x20000054   COMPRESSED   0x00000032   Data   RW          162    .data               user_task.o
    0x20000086   COMPRESSED   0x00000006   Data   RW          190    .data               ano_dt_lx.o
    0x2000008c   COMPRESSED   0x00000030   Data   RW          225    .data               ano_lx.o
    0x200000bc   COMPRESSED   0x00000004   Data   RW          268    .data               lx_fc_ext_sensor.o
    0x200000c0   COMPRESSED   0x00000001   Data   RW          290    .data               lx_fc_fun.o
    0x200000c1   COMPRESSED   0x00000001   PAD
    0x200000c2   COMPRESSED   0x00000006   Data   RW          308    .data               lx_fc_state.o
    0x200000c8   COMPRESSED   0x0000008e   Data   RW          330    .data               my_contrl.o
    0x20000156   COMPRESSED   0x00000002   PAD
    0x20000158   COMPRESSED   0x0000002b   Data   RW          353    .data               my_uart.o
    0x20000183   COMPRESSED   0x00000005   PAD
    0x20000188   COMPRESSED   0x00000050   Data   RW          401    .data               my_get_data.o
    0x200001d8   COMPRESSED   0x00000099   Data   RW          423    .data               my_pid.o
    0x20000271   COMPRESSED   0x00000003   PAD
    0x20000274   COMPRESSED   0x00000013   Data   RW          446    .data               drv_bsp.o
    0x20000287   COMPRESSED   0x00000003   Data   RW          491    .data               drv_anoof.o
    0x2000028a   COMPRESSED   0x000000b6   Data   RW          514    .data               drv_ubloxgps.o
    0x20000340   COMPRESSED   0x00000008   Data   RW          549    .data               drv_sys.o
    0x20000348   COMPRESSED   0x0000000c   Data   RW          593    .data               drv_led.o
    0x20000354   COMPRESSED   0x00000004   Data   RW          631    .data               drv_rcin.o
    0x20000358   COMPRESSED   0x00000014   Data   RW          669    .data               drv_uart.o
    0x2000036c   COMPRESSED   0x00000014   Data   RW          699    .data               system_stm32f4xx.o
    0x20000380   COMPRESSED   0x00000010   Data   RW          824    .data               stm32f4xx_rcc.o
    0x20000390        -       0x00000750   Zero   RW          189    .bss                ano_dt_lx.o
    0x20000ae0        -       0x00000040   Zero   RW          224    .bss                ano_lx.o
    0x20000b20        -       0x00000030   Zero   RW          267    .bss                lx_fc_ext_sensor.o
    0x20000b50        -       0x0000000b   Zero   RW          307    .bss                lx_fc_state.o
    0x20000b5b        -       0x00000018   Zero   RW          352    .bss                my_uart.o
    0x20000b73        -       0x0000001e   Zero   RW          382    .bss                my_send_test.o
    0x20000b91   COMPRESSED   0x00000001   PAD
    0x20000b92        -       0x0000006b   Zero   RW          445    .bss                drv_bsp.o
    0x20000bfd   COMPRESSED   0x00000003   PAD
    0x20000c00        -       0x0000007c   Zero   RW          490    .bss                drv_anoof.o
    0x20000c7c        -       0x00000064   Zero   RW          513    .bss                drv_ubloxgps.o
    0x20000ce0        -       0x00000064   Zero   RW          574    .bss                drv_adc.o
    0x20000d44        -       0x000006f4   Zero   RW          668    .bss                drv_uart.o
    0x20001438        -       0x00000800   Zero   RW          690    STACK               startup_stm32f4xx.o


==============================================================================

Image component sizes


      Code (inc. data)   RO Data    RW Data    ZI Data      Debug   Object Name

      2004         98          0          6       1872       6518   ano_dt_lx.o
      1160        112          0         48         64       6522   ano_lx.o
      2172        142       1028          0          0       7866   ano_math.o
       224         20          0         84          0       2164   ano_scheduler.o
       404         36          0          0        100       1997   drv_adc.o
       832         36          0          3        124       3234   drv_anoof.o
      1240         62          0         19        107       3706   drv_bsp.o
       284         12          0         12          0       2622   drv_led.o
       892         38          0          0          0       1895   drv_pwmout.o
       484         20          0          4          0       1484   drv_rcin.o
       264         12          0          8          0      20441   drv_sys.o
       140          4          0          0          0        963   drv_timer.o
      2640        170          0         20       1780       9155   drv_uart.o
       936         82          0        182        100       3527   drv_ubloxgps.o
       228         30          0          4         48       2763   lx_fc_ext_sensor.o
       832         12          0          1          0       3281   lx_fc_fun.o
       644         30          0          6         11       2143   lx_fc_state.o
        20          0          0          0          0     300289   main.o
       448         30         72          0          0       2361   misc.o
       924        108          0        142          0       5553   my_contrl.o
       492        110          0         80          0       1324   my_get_data.o
      1748        184          0        153          0       8021   my_pid.o
       516          6          0          0         30       2362   my_send_test.o
      2000        210          0         43         24       6779   my_uart.o
        36          8        392          0       2048        988   startup_stm32f4xx.o
      4060        104         81          0          0      13674   stm32f4xx_adc.o
      4968        316         81          0          0       9285   stm32f4xx_dma.o
       724         14         82          0          0       3039   stm32f4xx_exti.o
      2248         86         82          0          0       5741   stm32f4xx_gpio.o
       124          4          0          0          0       2362   stm32f4xx_it.o
      3324        218         81         16          0      13919   stm32f4xx_rcc.o
     12780        628         81          0          0      31528   stm32f4xx_tim.o
      3620        116         83          0          0      10408   stm32f4xx_usart.o
       528         46          0         20          0       2315   system_stm32f4xx.o
      3684        444        104         50          0      12381   user_task.o

    ----------------------------------------------------------------------
     57624       3548       2216        912       6312     512610   Object Totals
         0          0         32          0          0          0   (incl. Generated)
         0          0         17         11          4          0   (incl. Padding)

    ----------------------------------------------------------------------

      Code (inc. data)   RO Data    RW Data    ZI Data      Debug   Library Member Name

        86          0          0          0          0          0   __dczerorl2.o
         0          0          0          0          0          0   entry.o
         0          0          0          0          0          0   entry10a.o
         0          0          0          0          0          0   entry11a.o
         8          4          0          0          0          0   entry2.o
         4          0          0          0          0          0   entry5.o
         0          0          0          0          0          0   entry7b.o
         0          0          0          0          0          0   entry8b.o
         8          4          0          0          0          0   entry9a.o
        30          0          0          0          0          0   handlers.o
        36          8          0          0          0         68   init.o
         0          0          0          0          0          0   iusefp.o
        30          0          0          0          0         68   llshl.o
        36          0          0          0          0         68   llsshr.o
        32          0          0          0          0         68   llushr.o
        48          0          0          0          0         68   cdcmple.o
        48          0          0          0          0         68   cdrcmple.o
        56          0          0          0          0         88   d2f.o
       334          0          0          0          0        148   dadd.o
       222          0          0          0          0        100   ddiv.o
       186          0          0          0          0        176   depilogue.o
        62          0          0          0          0         80   dfixi.o
        34          0          0          0          0         76   dflti.o
       228          0          0          0          0         96   dmul.o
        38          0          0          0          0         68   f2d.o
       110          0          0          0          0        168   fepilogue.o

    ----------------------------------------------------------------------
      1640         16          0          0          0       1408   Library Totals
         4          0          0          0          0          0   (incl. Padding)

    ----------------------------------------------------------------------

      Code (inc. data)   RO Data    RW Data    ZI Data      Debug   Library Name

       270         16          0          0          0        272   mc_w.l
      1366          0          0          0          0       1136   mf_w.l

    ----------------------------------------------------------------------
      1640         16          0          0          0       1408   Library Totals

    ----------------------------------------------------------------------

==============================================================================


      Code (inc. data)   RO Data    RW Data    ZI Data      Debug   

     59264       3564       2216        912       6312     507378   Grand Totals
     59264       3564       2216        232       6312     507378   ELF Image Totals (compressed)
     59264       3564       2216        232          0          0   ROM Totals

==============================================================================

    Total RO  Size (Code + RO Data)                61480 (  60.04kB)
    Total RW  Size (RW Data + ZI Data)              7224 (   7.05kB)
    Total ROM Size (Code + RO Data + RW Data)      61712 (  60.27kB)

==============================================================================

